Component: ARM Compiler 5.05 update 1 (build 106) Tool: armlink [4d0efa]

==============================================================================

Section Cross References

    app_init.o(.text) refers to wdog_kl25.o(.text) for wdog_disable
    app_init.o(.text) refers to board.o(.text) for LPTMRStop
    app_init.o(.text) refers to tss_main.o(i.TSS_Init) for TSS_Init
    app_init.o(.text) refers to tss_main.o(i.TSS_SetSystemConfig) for TSS_SetSystemConfig
    app_init.o(.text) refers to tss_asliderdecoder.o(i.TSS_SetASliderConfig) for TSS_SetASliderConfig
    app_init.o(.text) refers to tss_systemsetupdata.o(.data) for cASlider1
    events.o(.text) refers to tss_main.o(i.TSS_SetSystemConfig) for TSS_SetSystemConfig
    events.o(.text) refers to board.o(.text) for InitDevices
    events.o(.text) refers to tss_systemsetupdata.o(.data) for cASlider1
    events.o(.text) refers to tss_systemsetupdata.o(.bss) for tss_CSSys
    events.o(.text) refers to tss_sensor.o(.data) for tss_u8SampleIntFlag
    events.o(.text) refers to main.o(.data) for u16LPcounter
    freemaster_protocol.o(.text) refers to freemaster_tsa.o(.text) for FMSTR_InitTsa
    freemaster_protocol.o(.text) refers to freemaster_scope.o(.text) for FMSTR_InitScope
    freemaster_protocol.o(.text) refers to freemaster_serial.o(.text) for FMSTR_InitSerial
    freemaster_protocol.o(.text) refers to freemaster_kxx.o(.text) for FMSTR_AddressFromBuffer
    freemaster_scope.o(.text) refers to freemaster_kxx.o(.text) for FMSTR_AddressFromBuffer
    freemaster_scope.o(.text) refers to freemaster_scope.o(.data) for .data
    freemaster_scope.o(.text) refers to freemaster_scope.o(.bss) for .bss
    freemaster_serial.o(.text) refers to freemaster_protocol.o(.text) for FMSTR_ProtocolDecoder
    freemaster_serial.o(.text) refers to freemaster_serial.o(.data) for .data
    freemaster_serial.o(.text) refers to freemaster_serial.o(.bss) for .bss
    freemaster_tsa.o(.text) refers to freemaster_kxx.o(.text) for FMSTR_ValueFromBuffer16
    freemaster_tsa.o(.text) refers to main.o(.text) for FMSTR_TsaGetTable
    freemaster_tsa.o(.text) refers to freemaster_protocol.o(.text) for FMSTR_StrLen
    freemaster_kxx.o(.text) refers to freemaster_serial.o(.text) for FMSTR_ProcessSCI
    freemaster_kxx.o(.text) refers to events.o(.text) for TSS_FmstrIsrCallbackCustom
    freemaster_kxx.o(.text) refers to freemaster_kxx.o(.data) for .data
    sysinit_kl25.o(.text) refers to mcg_kl25.o(.text) for pll_init
    sysinit_kl25.o(.text) refers to sysinit_kl25.o(.data) for .data
    mcg_kl25.o(.text) refers to idiv.o(.text) for __aeabi_idivmod
    mcg_kl25.o(.text) refers to uidiv.o(.text) for __aeabi_uidivmod
    mcg_kl25.o(.text) refers to fflti.o(.text) for __aeabi_i2f
    mcg_kl25.o(.text) refers to fdiv.o(.text) for __aeabi_fdiv
    mcg_kl25.o(.text) refers to fmul.o(.text) for __aeabi_fmul
    mcg_kl25.o(.text) refers to fscalb.o(.text) for __ARM_scalbnf
    mcg_kl25.o(.text) refers to ffixui.o(.text) for __aeabi_f2uiz
    uart_kl25.o(.text) refers to idiv.o(.text) for __aeabi_idivmod
    tss_sensor.o(.text) refers to tss_main.o(i.TSS_BrowseModules) for TSS_BrowseModules
    tss_sensor.o(.text) refers to tss_sensor.o(.constdata) for .constdata
    tss_sensor.o(.constdata) refers to tss_sensortsil.o(.text) for TSIL_SampleElectrode
    tss_sensor.o(.constdata) refers to tss_sensor.o(.text) for TSS_SampleElectrodeLowE0
    tss_sensor.o(.constdata) refers to tss_sensortsil.o(.constdata) for TSS_E0_ROMDATA_CONTEXT
    tss_sensor.o(.constdata) refers to tss_sensortsil.o(.constdata) for TSS_E1_ROMDATA_CONTEXT
    tss_sensor.o(.data) refers to tss_sensortsil.o(.data) for TSS_E0_RAMDATA_CONTEXT
    tss_sensor.o(.data) refers to tss_sensortsil.o(.data) for TSS_E1_RAMDATA_CONTEXT
    tss_sensortsil.o(.text) refers to tss_main.o(i.TSS_GetSystemConfig) for TSS_GetSystemConfig
    tss_sensortsil.o(.text) refers to tss_systemsetupdata.o(.bss) for tss_CSSys
    tss_sensortsil.o(.text) refers to tss_sensor.o(.constdata) for tss_acp8ElectrodeROMData
    tss_sensortsil.o(.text) refers to tss_systemsetupdata.o(.data) for tss_au8ElectrodeEnablers
    tss_sensortsil.o(.text) refers to tss_sensortsil.o(.constdata) for .constdata
    tss_sensortsil.o(.text) refers to tss_keydetector.o(.data) for tss_u16CapSample
    tss_sensortsil.o(.text) refers to tss_systemsetupdata.o(.constdata) for tss_cau8SignalDivider
    tss_sensortsil.o(.text) refers to tss_sensortsil.o(i.__ARM_common_switch8) for __ARM_common_switch8
    tss_sensortsil.o(.text) refers to tss_main.o(i.TSS_SetSystemConfig) for TSS_SetSystemConfig
    tss_sensortsil.o(.text) refers to tss_sensortsil.o(.bss) for .bss
    tss_sensortsil.o(.text) refers to tss_sensor.o(.data) for tss_u8SampleIntFlag
    tss_sensortsil.o(.constdata) refers to tss_sensortsil.o(.text) for TSIL_MethodControl
    tss_sensortsil.o(.constdata) refers to tss_sensortsil.o(.bss) for TSS_TSIL0_CHANNEL_COUNTER_BUFFER
[...]
    i.TSS_DecodersControl                    0x00003e24   Section        0  tss_main.o(i.TSS_DecodersControl)
    i.TSS_FaultEvaluation                    0x00003e9c   Section        0  tss_main.o(i.TSS_FaultEvaluation)
    i.TSS_GetSystemConfig                    0x00003f18   Section        0  tss_main.o(i.TSS_GetSystemConfig)
    i.TSS_Init                               0x00004028   Section        0  tss_main.o(i.TSS_Init)
    i.TSS_InitInternalArrays                 0x00004094   Section        0  tss_main.o(i.TSS_InitInternalArrays)
    i.TSS_InitRegisterArrays                 0x000040e8   Section        0  tss_main.o(i.TSS_InitRegisterArrays)
    i.TSS_KeyBasicDeltaNoiseAnalysisIIRControl 0x00004140   Section        0  tss_keydetectornormal.o(i.TSS_KeyBasicDeltaNoiseAnalysisIIRControl)
    i.TSS_KeyBasicDetect                     0x000041b4   Section        0  tss_keydetectornormal.o(i.TSS_KeyBasicDetect)
    i.TSS_KeyBasicElectrodeEval              0x0000434c   Section        0  tss_keydetectornormal.o(i.TSS_KeyBasicElectrodeEval)
    i.TSS_KeyBasicEvaluateNoiseData          0x000045dc   Section        0  tss_keydetectornormal.o(i.TSS_KeyBasicEvaluateNoiseData)
    TSS_KeyBasicEvaluateNoiseData            0x000045dd   Thumb Code    96  tss_keydetectornormal.o(i.TSS_KeyBasicEvaluateNoiseData)
    i.TSS_KeyBasicNegativeBaselineDrop       0x00004650   Section        0  tss_keydetectornormal.o(i.TSS_KeyBasicNegativeBaselineDrop)
    i.TSS_KeyBasicSensAutoCalibration        0x000046e0   Section        0  tss_keydetectornormal.o(i.TSS_KeyBasicSensAutoCalibration)
    i.TSS_KeyBasicStuckKeyControl            0x00004920   Section        0  tss_keydetectornormal.o(i.TSS_KeyBasicStuckKeyControl)
    i.TSS_KeyDetectorCalculateDelta          0x0000496c   Section        0  tss_keydetector.o(i.TSS_KeyDetectorCalculateDelta)
    i.TSS_KeyDetectorCalculateIIRFilter      0x0000498c   Section        0  tss_filters.o(i.TSS_KeyDetectorCalculateIIRFilter)
    i.TSS_KeyDetectorCalibrate               0x000049a8   Section        0  tss_keydetector.o(i.TSS_KeyDetectorCalibrate)
    i.TSS_KeyDetectorDCTrackerEvalExecution  0x000049c8   Section        0  tss_keydetector.o(i.TSS_KeyDetectorDCTrackerEvalExecution)
    TSS_KeyDetectorDCTrackerEvalExecution    0x000049c9   Thumb Code    50  tss_keydetector.o(i.TSS_KeyDetectorDCTrackerEvalExecution)
    i.TSS_KeyDetectorElectrodeStatusUpdate   0x00004a04   Section        0  tss_keydetector.o(i.TSS_KeyDetectorElectrodeStatusUpdate)
    i.TSS_KeyDetectorFaultDecoder            0x00004a34   Section        0  tss_keydetector.o(i.TSS_KeyDetectorFaultDecoder)
    TSS_KeyDetectorFaultDecoder              0x00004a35   Thumb Code    38  tss_keydetector.o(i.TSS_KeyDetectorFaultDecoder)
    i.TSS_KeyDetectorFillDeltaLogBuffer      0x00004a5c   Section        0  tss_keydetector.o(i.TSS_KeyDetectorFillDeltaLogBuffer)
    i.TSS_KeyDetectorFillSignalLogBuffer     0x00004a6c   Section        0  tss_keydetector.o(i.TSS_KeyDetectorFillSignalLogBuffer)
    i.TSS_KeyDetectorGetDCTrackerCounter     0x00004a80   Section        0  tss_keydetector.o(i.TSS_KeyDetectorGetDCTrackerCounter)
    i.TSS_KeyDetectorGetElectrodeEnablerStatus 0x00004a8c   Section        0  tss_keydetector.o(i.TSS_KeyDetectorGetElectrodeEnablerStatus)
    i.TSS_KeyDetectorGetElectrodeGroupStatus 0x00004acc   Section        0  tss_keydetector.o(i.TSS_KeyDetectorGetElectrodeGroupStatus)
    i.TSS_KeyDetectorGetShieldElectrodeReleaseStatus 0x00004b0c   Section        0  tss_keydetector.o(i.TSS_KeyDetectorGetShieldElectrodeReleaseStatus)
    i.TSS_KeyDetectorGetSlowDCTrackerCounter 0x00004b4c   Section        0  tss_keydetector.o(i.TSS_KeyDetectorGetSlowDCTrackerCounter)
    i.TSS_KeyDetectorInit                    0x00004b58   Section        0  tss_keydetector.o(i.TSS_KeyDetectorInit)
    i.TSS_KeyDetectorInitPrevCapSample       0x00004b98   Section        0  tss_filters.o(i.TSS_KeyDetectorInitPrevCapSample)
    i.TSS_KeyDetectorMain                    0x00004bac   Section        0  tss_keydetector.o(i.TSS_KeyDetectorMain)
    i.TSS_KeyDetectorRecalibrateElectrode    0x00004d44   Section        0  tss_keydetector.o(i.TSS_KeyDetectorRecalibrateElectrode)
    TSS_KeyDetectorRecalibrateElectrode      0x00004d45   Thumb Code   124  tss_keydetector.o(i.TSS_KeyDetectorRecalibrateElectrode)
    i.TSS_KeyDetectorRecalibrateModules      0x00004dcc   Section        0  tss_keydetector.o(i.TSS_KeyDetectorRecalibrateModules)
    i.TSS_KeyDetectorRecalibrationRequest    0x00004de0   Section        0  tss_keydetector.o(i.TSS_KeyDetectorRecalibrationRequest)
    i.TSS_KeyDetectorReleaseElectrode        0x00004df0   Section        0  tss_keydetector.o(i.TSS_KeyDetectorReleaseElectrode)
    i.TSS_KeyDetectorResetElectrode          0x00004e14   Section        0  tss_keydetector.o(i.TSS_KeyDetectorResetElectrode)
    i.TSS_KeyDetectorResetElectrodeDebouncing 0x00004e28   Section        0  tss_keydetector.o(i.TSS_KeyDetectorResetElectrodeDebouncing)
    i.TSS_KeyDetectorResetElectrodeMeasured  0x00004e44   Section        0  tss_keydetector.o(i.TSS_KeyDetectorResetElectrodeMeasured)
    i.TSS_KeyDetectorResetStuckKeyCounter    0x00004e68   Section        0  tss_keydetector.o(i.TSS_KeyDetectorResetStuckKeyCounter)
    i.TSS_KeyDetectorRestartElectrode        0x00004e74   Section        0  tss_keydetector.o(i.TSS_KeyDetectorRestartElectrode)
    i.TSS_KeyDetectorSignalDivider           0x00004eb8   Section        0  tss_filters.o(i.TSS_KeyDetectorSignalDivider)
    i.TSS_LowPowerConfig                     0x00004ed4   Section        0  tss_main.o(i.TSS_LowPowerConfig)
    i.TSS_SetASliderConfig                   0x00004f74   Section        0  tss_asliderdecoder.o(i.TSS_SetASliderConfig)
    i.TSS_SetControlElectrodesEnablers       0x00005070   Section        0  tss_main.o(i.TSS_SetControlElectrodesEnablers)
    i.TSS_SetSystemConfig                    0x00005110   Section        0  tss_main.o(i.TSS_SetSystemConfig)
    i.TSS_SubUInt16WithUInt16ToSInt16        0x00005438   Section        0  tss_filters.o(i.TSS_SubUInt16WithUInt16ToSInt16)
    i.TSS_Task                               0x00005464   Section        0  tss_main.o(i.TSS_Task)
    i.TSS_TriggerConfig                      0x00005534   Section        0  tss_main.o(i.TSS_TriggerConfig)
    i.TSS_TriggerControl                     0x000055a0   Section        0  tss_main.o(i.TSS_TriggerControl)
    i.__ARM_clz                              0x000055e4   Section        0  depilogue.o(i.__ARM_clz)
    i.__ARM_common_switch8                   0x00005612   Section        0  tss_sensortsil.o(i.__ARM_common_switch8)
    i.__ARM_fpclassify                       0x0000562c   Section        0  fpclassify.o(i.__ARM_fpclassify)
    i.__kernel_poly                          0x00005658   Section        0  poly.o(i.__kernel_poly)
    i.__mathlib_dbl_infnan                   0x00005704   Section        0  dunder.o(i.__mathlib_dbl_infnan)
    i.__mathlib_dbl_infnan2                  0x0000570e   Section        0  dunder.o(i.__mathlib_dbl_infnan2)
    i.__mathlib_dbl_underflow                0x00005718   Section        0  dunder.o(i.__mathlib_dbl_underflow)
    i.__scatterload_copy                     0x0000572c   Section       14  handlers.o(i.__scatterload_copy)
    i.__scatterload_null                     0x0000573a   Section        2  handlers.o(i.__scatterload_null)
    i.__scatterload_zeroinit                 0x0000573c   Section       14  handlers.o(i.__scatterload_zeroinit)
    i.__set_errno                            0x0000574c   Section        0  errno.o(i.__set_errno)
    i.atan                                   0x00005758   Section        0  atan.o(i.atan)
    i.atan2                                  0x00005974   Section        0  atan2.o(i.atan2)
    i.sqrt                                   0x00005aec   Section        0  sqrt.o(i.sqrt)
    .constdata                               0x00005b34   Section        8  tss_sensor.o(.constdata)
    .constdata                               0x00005b3c   Section        8  tss_sensor.o(.constdata)
    .constdata                               0x00005b44   Section       16  tss_sensortsil.o(.constdata)
    .constdata                               0x00005b54   Section       12  tss_sensortsil.o(.constdata)
    .constdata                               0x00005b60   Section       12  tss_sensortsil.o(.constdata)
    .constdata                               0x00005b6c   Section        4  tss_sensortsil.o(.constdata)
    .constdata                               0x00005b70   Section        2  tss_systemsetupdata.o(.constdata)
    .constdata                               0x00005b74   Section       28  tss_systemsetupdata.o(.constdata)
    .constdata                               0x00005b90   Section        4  tss_systemsetupdata.o(.constdata)
    .constdata                               0x00005b94   Section        4  tss_systemsetupdata.o(.constdata)
    .constdata                               0x00005b98   Section        4  tss_systemsetupdata.o(.constdata)
    .constdata                               0x00005b9c   Section        4  tss_systemsetupdata.o(.constdata)
    .constdata                               0x00005ba0   Section        4  tss_systemsetupdata.o(.constdata)
    .constdata                               0x00005ba4   Section        1  tss_systemsetupdata.o(.constdata)
    .constdata                               0x00005ba5   Section        2  tss_systemsetupdata.o(.constdata)
    .constdata                               0x00005ba8   Section        4  tss_systemsetupdata.o(.constdata)
    .constdata                               0x00005bac   Section        1  tss_systemsetupdata.o(.constdata)
    .constdata                               0x00005bad   Section        1  tss_systemsetupdata.o(.constdata)
    .constdata                               0x00005bae   Section        1  tss_systemsetupdata.o(.constdata)
    .constdata                               0x00005bb0   Section        4  tss_systemsetupdata.o(.constdata)
    .constdata                               0x00005bb4   Section        4  tss_systemsetupdata.o(.constdata)
    .constdata                               0x00005bb8   Section        4  tss_systemsetupdata.o(.constdata)
    .constdata                               0x00005bbc   Section        4  tss_systemsetupdata.o(.constdata)
    .constdata                               0x00005bc0   Section        4  tss_systemsetupdata.o(.constdata)
    .constdata                               0x00005bc4   Section        4  tss_systemsetupdata.o(.constdata)
    .constdata                               0x00005bc8   Section        4  tss_systemsetupdata.o(.constdata)
    .constdata                               0x00005bcc   Section        4  tss_systemsetupdata.o(.constdata)
    .constdata                               0x00005bd0   Section        4  tss_systemsetupdata.o(.constdata)
    .constdata                               0x00005bd4   Section        4  tss_systemsetupdata.o(.constdata)
    .constdata                               0x00005bd8   Section        4  tss_systemsetupdata.o(.constdata)
    .constdata                               0x00005bdc   Section        4  tss_systemsetupdata.o(.constdata)
    .constdata                               0x00005be0   Section        1  tss_systemsetupdata.o(.constdata)
    .constdata                               0x00005be4   Section        4  tss_systemsetupdata.o(.constdata)
    .constdata                               0x00005be8   Section        4  tss_systemsetupdata.o(.constdata)
    .constdata                               0x00005bec   Section        1  tss_systemsetupdata.o(.constdata)
    .constdata                               0x00005bed   Section        1  tss_systemsetupdata.o(.constdata)
    .constdata                               0x00005bf0   Section        4  tss_systemsetupdata.o(.constdata)
    .constdata                               0x00005bf4   Section        4  tss_systemsetupdata.o(.constdata)
    .constdata                               0x00005bf8   Section        4  tss_systemsetupdata.o(.constdata)
    .constdata                               0x00005bfc   Section        4  tss_systemsetupdata.o(.constdata)
    .constdata                               0x00005c00   Section        4  tss_systemsetupdata.o(.constdata)
    .constdata                               0x00005c04   Section        4  tss_systemsetupdata.o(.constdata)
    .constdata                               0x00005c08   Section        4  tss_systemsetupdata.o(.constdata)
    .constdata                               0x00005c0c   Section        4  tss_systemsetupdata.o(.constdata)
    .constdata                               0x00005c10   Section        4  tss_systemsetupdata.o(.constdata)
    .constdata                               0x00005c14   Section        4  tss_systemsetupdata.o(.constdata)
    .constdata                               0x00005c18   Section        4  tss_systemsetupdata.o(.constdata)
    .constdata                               0x00005c1c   Section        4  tss_systemsetupdata.o(.constdata)
    .constdata                               0x00005c20   Section        4  tss_systemsetupdata.o(.constdata)
    .constdata                               0x00005c24   Section        1  tss_systemsetupdata.o(.constdata)
    .constdata                               0x00005c25   Section        1  tss_systemsetupdata.o(.constdata)
    .constdata                               0x00005c26   Section        2  tss_systemsetupdata.o(.constdata)
    .constdata                               0x00005c28   Section        6  tss_systemsetupdata.o(.constdata)
    .constdata                               0x00005c30   Section        4  tss_systemsetupdata.o(.constdata)
    .constdata                               0x00005c34   Section        4  tss_systemsetupdata.o(.constdata)
    .constdata                               0x00005c38   Section        4  tss_systemsetupdata.o(.constdata)
    .constdata                               0x00005c3c   Section        4  tss_systemsetupdata.o(.constdata)
    .constdata                               0x00005c40   Section      152  atan.o(.constdata)
    atanhi                                   0x00005c40   Data          32  atan.o(.constdata)
    atanlo                                   0x00005c60   Data          32  atan.o(.constdata)
    aTodd                                    0x00005c80   Data          40  atan.o(.constdata)
    aTeven                                   0x00005ca8   Data          48  atan.o(.constdata)
    .constdata                               0x00005cd8   Section        8  qnan.o(.constdata)
    .conststring                             0x00005ce0   Section       18  main.o(.conststring)
    .data                                    0x20000000   Section        9  freemaster_scope.o(.data)
    pcm_nScopeVarCount                       0x20000000   Data           1  freemaster_scope.o(.data)
    pcm_pScopeVarSize                        0x20000001   Data           8  freemaster_scope.o(.data)
    .data                                    0x2000000c   Section       24  freemaster_serial.o(.data)
    pcm_nTxTodo                              0x2000000c   Data           1  freemaster_serial.o(.data)
    pcm_nRxTodo                              0x2000000d   Data           1  freemaster_serial.o(.data)
    pcm_nRxCheckSum                          0x2000000e   Data           1  freemaster_serial.o(.data)
    pcm_wFlags                               0x20000010   Data           4  freemaster_serial.o(.data)
    pcm_pTxBuff                              0x20000014   Data           4  freemaster_serial.o(.data)
    pcm_pRxBuff                              0x20000018   Data           4  freemaster_serial.o(.data)
    pcm_pRQueueRP                            0x2000001c   Data           4  freemaster_serial.o(.data)
    pcm_pRQueueWP                            0x20000020   Data           4  freemaster_serial.o(.data)
    .data                                    0x20000024   Section        1  freemaster_kxx.o(.data)
    pcm_bNextAddrIsEx                        0x20000024   Data           1  freemaster_kxx.o(.data)
    .data                                    0x20000028   Section        4  sysinit_kl25.o(.data)
    .data                                    0x2000002c   Section        1  tss_sensor.o(.data)
    .data                                    0x2000002d   Section        8  tss_systemsetupdata.o(.data)
    .data                                    0x20000036   Section        2  tss_systemsetupdata.o(.data)
    .data                                    0x20000038   Section        2  tss_systemsetupdata.o(.data)
    .data                                    0x2000003a   Section        3  tss_systemsetupdata.o(.data)
    .data                                    0x2000003d   Section        2  tss_systemsetupdata.o(.data)
    .data                                    0x2000003f   Section        1  tss_systemsetupdata.o(.data)
    .data                                    0x20000040   Section        1  tss_systemsetupdata.o(.data)
    .data                                    0x20000042   Section        4  tss_systemsetupdata.o(.data)
    .data                                    0x20000046   Section        1  tss_systemsetupdata.o(.data)
    .data                                    0x20000047   Section        1  tss_systemsetupdata.o(.data)
    .data                                    0x20000048   Section        1  tss_systemsetupdata.o(.data)
    .data                                    0x20000049   Section        1  tss_systemsetupdata.o(.data)
    .data                                    0x2000004a   Section        2  tss_systemsetupdata.o(.data)
    .data                                    0x2000004c   Section        2  tss_systemsetupdata.o(.data)
    .data                                    0x2000004e   Section        2  tss_systemsetupdata.o(.data)
    .data                                    0x20000050   Section        2  tss_systemsetupdata.o(.data)
    .data                                    0x20000052   Section        1  tss_systemsetupdata.o(.data)
    .data                                    0x20000054   Section        4  tss_systemsetupdata.o(.data)
    .data                                    0x20000058   Section        2  tss_systemsetupdata.o(.data)
    .data                                    0x2000005a   Section        4  tss_systemsetupdata.o(.data)
    .data                                    0x2000005e   Section        1  tss_systemsetupdata.o(.data)
    .data                                    0x2000005f   Section        2  tss_systemsetupdata.o(.data)
    .data                                    0x20000061   Section        2  tss_systemsetupdata.o(.data)
    .data                                    0x20000063   Section        2  tss_systemsetupdata.o(.data)
    .data                                    0x20000065   Section        6  tss_systemsetupdata.o(.data)
    .data                                    0x2000006b   Section        2  tss_systemsetupdata.o(.data)
    .data                                    0x2000006d   Section        1  tss_systemsetupdata.o(.data)
    .data                                    0x20000070   Section       20  main.o(.data)
    fmstr_tsatable                           0x20000074   Data          16  main.o(.data)
    .data                                    0x20000084   Section       16  mma8451.o(.data)
    .data                                    0x20000094   Section        8  tss_keydetector.o(.data)
    g_u8ElectrodeCommand                     0x20000094   Data           1  tss_keydetector.o(.data)
    u8TriggerProcessElectrode                0x20000095   Data           1  tss_keydetector.o(.data)
    u8MeasurementStatus                      0x20000096   Data           1  tss_keydetector.o(.data)
    g_u8DCTrackCounter                       0x20000097   Data           1  tss_keydetector.o(.data)
    g_u8SlowDCTrackCounter                   0x20000098   Data           1  tss_keydetector.o(.data)
    g_u8KeyDetectorElecIndex                 0x20000099   Data           1  tss_keydetector.o(.data)
    .data                                    0x2000009c   Section        8  tss_main.o(.data)
    u8TriggerCounter                         0x2000009c   Data           1  tss_main.o(.data)
    g_u8APIFunctionRunFlag                   0x2000009d   Data           1  tss_main.o(.data)
    g_u16Size                                0x2000009e   Data           2  tss_main.o(.data)
    g_pu8DataAddr                            0x200000a0   Data           4  tss_main.o(.data)
    .data                                    0x200000a4   Section        4  errno.o(.data)
    _errno                                   0x200000a4   Data           4  errno.o(.data)
    .bss                                     0x200000a8   Section       32  freemaster_scope.o(.bss)
    pcm_pScopeVarAddr                        0x200000a8   Data          32  freemaster_scope.o(.bss)
    .bss                                     0x200000c8   Section       76  freemaster_serial.o(.bss)
    pcm_pCommBuffer                          0x200000c8   Data          44  freemaster_serial.o(.bss)
    pcm_pRQueueBuffer                        0x200000f4   Data          32  freemaster_serial.o(.bss)
    .bss                                     0x20000114   Section       42  tss_sensortsil.o(.bss)
    .bss                                     0x2000013e   Section       32  tss_systemsetupdata.o(.bss)
    .bss                                     0x2000015e   Section       12  tss_systemsetupdata.o(.bss)
    .bss                                     0x2000016a   Section       12  tss_systemsetupdata.o(.bss)
    STACK                                    0x20000178   Section     1024  startup_mkl25z4.o(STACK)

    Global Symbols

    Symbol Name                              Value     Ov Type        Size  Object(Section)

    BuildAttributes$$THM_ISAv3M$S$PE$A:L22$X:L11$S22$IEEE1$IW$USESV6$~STKCKD$USESV7$~SHL$OTIME$ROPI$IEEEX$EBA8$MICROLIB$REQ8$PRES8$EABIv2 0x00000000   Number         0  anon$$obj.o ABSOLUTE
    __ARM_use_no_argv                        0x00000000   Number         0  main.o ABSOLUTE
    __Vectors                                0x00000000   Data           4  startup_mkl25z4.o(RESET)
    __cpp_initialize__aeabi_                  - Undefined Weak Reference
    __cxa_finalize                            - Undefined Weak Reference
    __decompress                              - Undefined Weak Reference
    _clock_init                               - Undefined Weak Reference
    _microlib_exit                            - Undefined Weak Reference
    __Vectors_End                            0x000000c0   Data           0  startup_mkl25z4.o(RESET)
    __Vectors_Size                           0x000000c0   Number         0  startup_mkl25z4.o ABSOLUTE
    __main                                   0x000000c1   Thumb Code     0  entry.o(.ARM.Collect$$$$00000000)
    _main_stk                                0x000000c1   Thumb Code     0  entry2.o(.ARM.Collect$$$$00000001)
    _main_scatterload                        0x000000c5   Thumb Code     0  entry5.o(.ARM.Collect$$$$00000004)
    __main_after_scatterload                 0x000000c9   Thumb Code     0  entry5.o(.ARM.Collect$$$$00000004)
    _main_clock                              0x000000c9   Thumb Code     0  entry7b.o(.ARM.Collect$$$$00000008)
    _main_cpp_init                           0x000000c9   Thumb Code     0  entry8b.o(.ARM.Collect$$$$0000000A)
    _main_init                               0x000000c9   Thumb Code     0  entry9a.o(.ARM.Collect$$$$0000000B)
    __rt_final_cpp                           0x000000d1   Thumb Code     0  entry10a.o(.ARM.Collect$$$$0000000D)
    __rt_final_exit                          0x000000d1   Thumb Code     0  entry11a.o(.ARM.Collect$$$$0000000F)
    InitPorts                                0x000000d5   Thumb Code     8  app_init.o(.text)
    DelayMS                                  0x000000dd   Thumb Code    94  app_init.o(.text)
    TSS_Init_ASlider                         0x0000013b   Thumb Code    98  app_init.o(.text)
    TSS1_fCallBack1                          0x000001ad   Thumb Code    16  events.o(.text)
    TSS_fOnFault                             0x000001bd   Thumb Code    58  events.o(.text)
    TSS_fOnInit                              0x000001f7   Thumb Code     8  events.o(.text)
    TSS_FmstrIsrCallbackCustom               0x000001ff   Thumb Code    14  events.o(.text)
    FMSTR_Init                               0x00000225   Thumb Code    22  freemaster_protocol.o(.text)
    FMSTR_GetBoardInfo                       0x0000023b   Thumb Code    28  freemaster_protocol.o(.text)
    FMSTR_WriteMemMask                       0x00000257   Thumb Code    34  freemaster_protocol.o(.text)
    FMSTR_WriteMem                           0x00000279   Thumb Code    34  freemaster_protocol.o(.text)
    FMSTR_ReadMem                            0x0000029b   Thumb Code    44  freemaster_protocol.o(.text)
    FMSTR_ProtocolDecoder                    0x000002c7   Thumb Code   176  freemaster_protocol.o(.text)
    FMSTR_ReadVar                            0x00000377   Thumb Code    30  freemaster_protocol.o(.text)
    FMSTR_WriteVar                           0x00000395   Thumb Code    32  freemaster_protocol.o(.text)
    FMSTR_WriteVarMask                       0x000003b5   Thumb Code    32  freemaster_protocol.o(.text)
    FMSTR_StrLen                             0x000003d5   Thumb Code    20  freemaster_protocol.o(.text)
    wdog_disable                             0x000003e9   Thumb Code     8  wdog_kl25.o(.text)
    TSS_IIRFilterEquation                    0x000003f5   Thumb Code    12  tss_systemsetupdata.o(.text)
    FMSTR_InitScope                          0x00000411   Thumb Code     2  freemaster_scope.o(.text)
    FMSTR_SetUpScope                         0x00000413   Thumb Code    84  freemaster_scope.o(.text)
    FMSTR_ReadScope                          0x00000467   Thumb Code    54  freemaster_scope.o(.text)
    FMSTR_SendResponse                       0x000004a5   Thumb Code   112  freemaster_serial.o(.text)
    FMSTR_Rx                                 0x00000515   Thumb Code   202  freemaster_serial.o(.text)
    FMSTR_Tx                                 0x0000061b   Thumb Code    70  freemaster_serial.o(.text)
    FMSTR_ProcessSCI                         0x00000661   Thumb Code    86  freemaster_serial.o(.text)
    FMSTR_InitSerial                         0x000006b7   Thumb Code    30  freemaster_serial.o(.text)
    FMSTR_Poll                               0x000006d5   Thumb Code    48  freemaster_serial.o(.text)
    FMSTR_InitTsa                            0x0000071d   Thumb Code     2  freemaster_tsa.o(.text)
    FMSTR_GetTsaInfo                         0x0000071f   Thumb Code    68  freemaster_tsa.o(.text)
    FMSTR_GetStringLen                       0x00000763   Thumb Code    32  freemaster_tsa.o(.text)
    FMSTR_CheckTsaSpace                      0x00000783   Thumb Code   216  freemaster_tsa.o(.text)
    FMSTR_Isr                                0x00000875   Thumb Code    12  freemaster_kxx.o(.text)
    FMSTR_CopyMemory                         0x00000881   Thumb Code    22  freemaster_kxx.o(.text)
    FMSTR_CopyToBuffer                       0x00000897   Thumb Code    22  freemaster_kxx.o(.text)
    FMSTR_CopyFromBuffer                     0x000008ad   Thumb Code    26  freemaster_kxx.o(.text)
    FMSTR_ValueFromBuffer16                  0x000008c7   Thumb Code     4  freemaster_kxx.o(.text)
    FMSTR_ValueFromBuffer32                  0x000008cb   Thumb Code     4  freemaster_kxx.o(.text)
    FMSTR_ValueToBuffer16                    0x000008cf   Thumb Code    12  freemaster_kxx.o(.text)
    FMSTR_ValueToBuffer32                    0x000008db   Thumb Code    12  freemaster_kxx.o(.text)
    FMSTR_CopyFromBufferWithMask             0x000008e7   Thumb Code    38  freemaster_kxx.o(.text)
    FMSTR_SetExAddr                          0x0000090d   Thumb Code     6  freemaster_kxx.o(.text)
    FMSTR_AddressToBuffer                    0x00000913   Thumb Code    24  freemaster_kxx.o(.text)
    FMSTR_AddressFromBuffer                  0x0000092b   Thumb Code    16  freemaster_kxx.o(.text)
    stop                                     0x00000941   Thumb Code    14  arm_cm0.o(.text)
    wait                                     0x0000094f   Thumb Code    14  arm_cm0.o(.text)
    write_vtor                               0x0000095d   Thumb Code     6  arm_cm0.o(.text)
    enable_irq                               0x00000963   Thumb Code    34  arm_cm0.o(.text)
    disable_irq                              0x00000985   Thumb Code    24  arm_cm0.o(.text)
    set_irq_priority                         0x0000099d   Thumb Code     2  arm_cm0.o(.text)
    clk_out_init                             0x000009ad   Thumb Code    20  sysinit_kl25.o(.text)
    sysinit                                  0x000009c1   Thumb Code   110  sysinit_kl25.o(.text)
    pll_init                                 0x00000a51   Thumb Code   498  mcg_kl25.o(.text)
    pee_pbe                                  0x00000c43   Thumb Code    76  mcg_kl25.o(.text)
    pbe_pee                                  0x00000c8f   Thumb Code   132  mcg_kl25.o(.text)
    pbe_fbe                                  0x00000d13   Thumb Code    74  mcg_kl25.o(.text)
    fbe_pbe                                  0x00000d5d   Thumb Code   186  mcg_kl25.o(.text)
    pbe_blpe                                 0x00000e17   Thumb Code   104  mcg_kl25.o(.text)
    blpe_pbe                                 0x00000e7f   Thumb Code   172  mcg_kl25.o(.text)
    blpe_fbe                                 0x00000f2b   Thumb Code    76  mcg_kl25.o(.text)
    fbe_blpe                                 0x00000f77   Thumb Code    44  mcg_kl25.o(.text)
    fll_freq                                 0x00000fa3   Thumb Code   210  mcg_kl25.o(.text)
    fbe_fei                                  0x00001075   Thumb Code   138  mcg_kl25.o(.text)
    fei_fbe                                  0x000010ff   Thumb Code   298  mcg_kl25.o(.text)
    fbe_fee                                  0x00001229   Thumb Code   222  mcg_kl25.o(.text)
    fee_fbe                                  0x00001307   Thumb Code    74  mcg_kl25.o(.text)
    fbe_fbi                                  0x00001351   Thumb Code   246  mcg_kl25.o(.text)
    fbi_fbe                                  0x00001447   Thumb Code   306  mcg_kl25.o(.text)
    fbi_blpi                                 0x00001579   Thumb Code    66  mcg_kl25.o(.text)
    blpi_fbi                                 0x000015bb   Thumb Code    66  mcg_kl25.o(.text)
    fbi_fee                                  0x000015fd   Thumb Code   400  mcg_kl25.o(.text)
    fee_fbi                                  0x0000178d   Thumb Code   234  mcg_kl25.o(.text)
    fbi_fei                                  0x00001877   Thumb Code   130  mcg_kl25.o(.text)
    fei_fbi                                  0x000018f9   Thumb Code   204  mcg_kl25.o(.text)
    fei_fee                                  0x000019c5   Thumb Code   290  mcg_kl25.o(.text)
    fee_fei                                  0x00001ae7   Thumb Code    96  mcg_kl25.o(.text)
    what_mcg_mode                            0x00001b47   Thumb Code   300  mcg_kl25.o(.text)
    atc                                      0x00001c73   Thumb Code   312  mcg_kl25.o(.text)
    clk_monitor_0                            0x00001dab   Thumb Code    22  mcg_kl25.o(.text)
    uart_init                                0x00001de9   Thumb Code    94  uart_kl25.o(.text)
    uart_getchar                             0x00001e47   Thumb Code    10  uart_kl25.o(.text)
    uart_putchar                             0x00001e51   Thumb Code    10  uart_kl25.o(.text)
    uart_getchar_present                     0x00001e5b   Thumb Code     8  uart_kl25.o(.text)
    uart0_init                               0x00001e63   Thumb Code    74  uart_kl25.o(.text)
    uart0_getchar                            0x00001ead   Thumb Code    10  uart_kl25.o(.text)
    uart0_putchar                            0x00001eb7   Thumb Code    10  uart_kl25.o(.text)
    uart0_getchar_present                    0x00001ec1   Thumb Code     8  uart_kl25.o(.text)
    TSS_SampleElectrodeLowE0                 0x00001ed9   Thumb Code     4  tss_sensor.o(.text)
    TSS_SampleElectrodeLowE1                 0x00001edd   Thumb Code     4  tss_sensor.o(.text)
    TSS_SensorInitCallback                   0x00001ee1   Thumb Code    12  tss_sensor.o(.text)
    TSS_SensorInit                           0x00001eed   Thumb Code    14  tss_sensor.o(.text)
    TSIL_InitModule                          0x00001f05   Thumb Code    20  tss_sensortsil.o(.text)
    TSIL_SetNSamples                         0x00001f19   Thumb Code    44  tss_sensortsil.o(.text)
    TSIL_InitLowPower                        0x00001f45   Thumb Code    52  tss_sensortsil.o(.text)
    TSIL_InitPEN                             0x00001f79   Thumb Code   198  tss_sensortsil.o(.text)
    TSIL_Recalibrate                         0x0000203f   Thumb Code   628  tss_sensortsil.o(.text)
    TSIL_InitThresholds                      0x000022b3   Thumb Code   184  tss_sensortsil.o(.text)
    TSIL_InitTrigger                         0x0000236b   Thumb Code   198  tss_sensortsil.o(.text)
    TSIL_MethodControl                       0x00002431   Thumb Code   196  tss_sensortsil.o(.text)
    TSIL_ReadCounter                         0x000024f5   Thumb Code    76  tss_sensortsil.o(.text)
    TSIL_HandleMeasurement                   0x00002541   Thumb Code   112  tss_sensortsil.o(.text)
    TSIL_SampleElectrode                     0x000025b1   Thumb Code   260  tss_sensortsil.o(.text)
    TSS_TSI0Isr                              0x000026b5   Thumb Code   246  tss_sensortsil.o(.text)
    FMSTR_TsaGetTable_UserAppTable           0x000027b1   Thumb Code    12  main.o(.text)
    FMSTR_TsaGetTable                        0x000027bd   Thumb Code    12  main.o(.text)
    main                                     0x000027c9   Thumb Code   182  main.o(.text)
    DimLED                                   0x0000287f   Thumb Code    14  main.o(.text)
    Delay                                    0x000028a5   Thumb Code    18  delay.o(.text)
    i2c_init                                 0x000028bd   Thumb Code    52  i2c.o(.text)
    i2c_start                                0x000028f1   Thumb Code    20  i2c.o(.text)
    i2c_read_setup                           0x00002905   Thumb Code    70  i2c.o(.text)
    i2c_repeated_read                        0x0000294b   Thumb Code    52  i2c.o(.text)
    i2c_read_byte                            0x0000297f   Thumb Code   118  i2c.o(.text)
    i2c_write_byte                           0x000029f5   Thumb Code    74  i2c.o(.text)
    init_mma                                 0x00002a4d   Thumb Code    38  mma8451.o(.text)
    read_full_xyz                            0x00002a73   Thumb Code   106  mma8451.o(.text)
    read_xyz                                 0x00002add   Thumb Code    54  mma8451.o(.text)
    convert_xyz_to_roll_pitch                0x00002b13   Thumb Code   188  mma8451.o(.text)
    Reset_Handler                            0x00002be1   Thumb Code     8  startup_mkl25z4.o(.text)
    NMI_Handler                              0x00002be9   Thumb Code     2  startup_mkl25z4.o(.text)
    HardFault_Handler                        0x00002beb   Thumb Code     2  startup_mkl25z4.o(.text)
    SVC_Handler                              0x00002bed   Thumb Code     2  startup_mkl25z4.o(.text)
    PendSV_Handler                           0x00002bef   Thumb Code     2  startup_mkl25z4.o(.text)
    SysTick_Handler                          0x00002bf1   Thumb Code     2  startup_mkl25z4.o(.text)
    ADC0_IRQHandler                          0x00002bf3   Thumb Code     0  startup_mkl25z4.o(.text)
    CMP0_IRQHandler                          0x00002bf3   Thumb Code     0  startup_mkl25z4.o(.text)
    DAC0_IRQHandler                          0x00002bf3   Thumb Code     0  startup_mkl25z4.o(.text)
    DMA0_IRQHandler                          0x00002bf3   Thumb Code     0  startup_mkl25z4.o(.text)
    DMA1_IRQHandler                          0x00002bf3   Thumb Code     0  startup_mkl25z4.o(.text)
    DMA2_IRQHandler                          0x00002bf3   Thumb Code     0  startup_mkl25z4.o(.text)
    DMA3_IRQHandler                          0x00002bf3   Thumb Code     0  startup_mkl25z4.o(.text)
    DefaultISR                               0x00002bf3   Thumb Code     0  startup_mkl25z4.o(.text)
    FTFA_IRQHandler                          0x00002bf3   Thumb Code     0  startup_mkl25z4.o(.text)
    I2C0_IRQHandler                          0x00002bf3   Thumb Code     0  startup_mkl25z4.o(.text)
    I2C1_IRQHandler                          0x00002bf3   Thumb Code     0  startup_mkl25z4.o(.text)
    LLW_IRQHandler                           0x00002bf3   Thumb Code     0  startup_mkl25z4.o(.text)
    LPTimer_IRQHandler                       0x00002bf3   Thumb Code     0  startup_mkl25z4.o(.text)
    LVD_LVW_IRQHandler                       0x00002bf3   Thumb Code     0  startup_mkl25z4.o(.text)
    MCG_IRQHandler                           0x00002bf3   Thumb Code     0  startup_mkl25z4.o(.text)
    PIT_IRQHandler                           0x00002bf3   Thumb Code     0  startup_mkl25z4.o(.text)
    PORTA_IRQHandler                         0x00002bf3   Thumb Code     0  startup_mkl25z4.o(.text)
    PORTD_IRQHandler                         0x00002bf3   Thumb Code     0  startup_mkl25z4.o(.text)
    RTC_IRQHandler                           0x00002bf3   Thumb Code     0  startup_mkl25z4.o(.text)
    RTC_Seconds_IRQHandler                   0x00002bf3   Thumb Code     0  startup_mkl25z4.o(.text)
    Reserved20_IRQHandler                    0x00002bf3   Thumb Code     0  startup_mkl25z4.o(.text)
    Reserved39_IRQHandler                    0x00002bf3   Thumb Code     0  startup_mkl25z4.o(.text)
    Reserved45_IRQHandler                    0x00002bf3   Thumb Code     0  startup_mkl25z4.o(.text)
    SPI0_IRQHandler                          0x00002bf3   Thumb Code     0  startup_mkl25z4.o(.text)
    SPI1_IRQHandler                          0x00002bf3   Thumb Code     0  startup_mkl25z4.o(.text)
    TPM0_IRQHandler                          0x00002bf3   Thumb Code     0  startup_mkl25z4.o(.text)
    TPM1_IRQHandler                          0x00002bf3   Thumb Code     0  startup_mkl25z4.o(.text)
    TPM2_IRQHandler                          0x00002bf3   Thumb Code     0  startup_mkl25z4.o(.text)
    TSI0_IRQHandler                          0x00002bf3   Thumb Code     0  startup_mkl25z4.o(.text)
    UART0_IRQHandler                         0x00002bf3   Thumb Code     0  startup_mkl25z4.o(.text)
    UART1_IRQHandler                         0x00002bf3   Thumb Code     0  startup_mkl25z4.o(.text)
    UART2_IRQHandler                         0x00002bf3   Thumb Code     0  startup_mkl25z4.o(.text)
    USB0_IRQHandler                          0x00002bf3   Thumb Code     0  startup_mkl25z4.o(.text)
    SystemInit                               0x00002bfd   Thumb Code    12  system_mkl25z4.o(.text)
    FreeMASTER_Init                          0x00002c09   Thumb Code    48  board.o(.text)
    PWM_init                                 0x00002c39   Thumb Code    82  board.o(.text)
    LPTMRInit                                0x00002c8b   Thumb Code    52  board.o(.text)
    LPTMRStop                                0x00002cbf   Thumb Code    30  board.o(.text)
    LPTMRIsr                                 0x00002cdd   Thumb Code    94  board.o(.text)
    GotoLowPower                             0x00002d3b   Thumb Code   116  board.o(.text)
    LowPowerControl                          0x00002daf   Thumb Code    18  board.o(.text)
    InitDevices                              0x00002dc1   Thumb Code    20  board.o(.text)
    __aeabi_uidiv                            0x00002e21   Thumb Code     0  uidiv.o(.text)
    __aeabi_uidivmod                         0x00002e21   Thumb Code    44  uidiv.o(.text)
    __aeabi_idiv                             0x00002e4d   Thumb Code     0  idiv.o(.text)
    __aeabi_idivmod                          0x00002e4d   Thumb Code    40  idiv.o(.text)
    __aeabi_fadd                             0x00002e75   Thumb Code   162  fadd.o(.text)
    __aeabi_fsub                             0x00002f17   Thumb Code     8  fadd.o(.text)
    __aeabi_frsub                            0x00002f1f   Thumb Code     8  fadd.o(.text)
    __aeabi_fmul                             0x00002f27   Thumb Code   122  fmul.o(.text)
    __aeabi_fdiv                             0x00002fa1   Thumb Code   124  fdiv.o(.text)
    __ARM_scalbnf                            0x0000301d   Thumb Code    24  fscalb.o(.text)
    scalbnf                                  0x0000301d   Thumb Code     0  fscalb.o(.text)
    __aeabi_dmul                             0x00003035   Thumb Code   202  dmul.o(.text)
    __aeabi_ddiv                             0x00003105   Thumb Code   234  ddiv.o(.text)
    __ARM_scalbn                             0x000031f5   Thumb Code    44  dscalb.o(.text)
    scalbn                                   0x000031f5   Thumb Code     0  dscalb.o(.text)
    __aeabi_i2f                              0x00003221   Thumb Code    22  fflti.o(.text)
    __aeabi_i2d                              0x00003239   Thumb Code    34  dflti.o(.text)
    __aeabi_f2uiz                            0x00003261   Thumb Code    40  ffixui.o(.text)
    __aeabi_f2d                              0x00003289   Thumb Code    40  f2d.o(.text)
    __aeabi_d2f                              0x000032b1   Thumb Code    56  d2f.o(.text)
    __aeabi_cfcmpeq                          0x000032e9   Thumb Code     0  cfcmple.o(.text)
    __aeabi_cfcmple                          0x000032e9   Thumb Code    20  cfcmple.o(.text)
    __aeabi_cfrcmple                         0x000032fd   Thumb Code    20  cfrcmple.o(.text)
    __I$use$fp                               0x00003311   Thumb Code     0  iusefp.o(.text)
    _float_round                             0x00003311   Thumb Code    16  fepilogue.o(.text)
    _float_epilogue                          0x00003321   Thumb Code   114  fepilogue.o(.text)
    _double_round                            0x00003393   Thumb Code    26  depilogue.o(.text)
    _double_epilogue                         0x000033ad   Thumb Code   164  depilogue.o(.text)
    __aeabi_dadd                             0x00003451   Thumb Code   328  dadd.o(.text)
    __aeabi_dsub                             0x00003599   Thumb Code    12  dadd.o(.text)
    __aeabi_drsub                            0x000035a5   Thumb Code    12  dadd.o(.text)
    _dsqrt                                   0x000035b5   Thumb Code   162  dsqrt.o(.text)
    __scatterload                            0x00003659   Thumb Code    28  init.o(.text)
    __scatterload_rt2                        0x00003659   Thumb Code     0  init.o(.text)
    __aeabi_llsl                             0x0000367d   Thumb Code    32  llshl.o(.text)
    _ll_shift_l                              0x0000367d   Thumb Code     0  llshl.o(.text)
    __aeabi_llsr                             0x0000369d   Thumb Code    34  llushr.o(.text)
    _ll_ushift_r                             0x0000369d   Thumb Code     0  llushr.o(.text)
    __aeabi_lasr                             0x000036bf   Thumb Code    38  llsshr.o(.text)
    _ll_sshift_r                             0x000036bf   Thumb Code     0  llsshr.o(.text)
    TSS_ASliderCalculatePosIIRFilter         0x000036e5   Thumb Code    94  tss_asliderdecoder.o(i.TSS_ASliderCalculatePosIIRFilter)
    TSS_ASliderDecoder                       0x00003751   Thumb Code  1108  tss_asliderdecoder.o(i.TSS_ASliderDecoder)
    TSS_ASliderTrendControl                  0x00003ba9   Thumb Code   214  tss_asliderdecoder.o(i.TSS_ASliderTrendControl)
    TSS_ASliderTrendThreshold                0x00003c95   Thumb Code    30  tss_asliderdecoder.o(i.TSS_ASliderTrendThreshold)
    TSS_BrowseModules                        0x00003cbd   Thumb Code   134  tss_main.o(i.TSS_BrowseModules)
    TSS_CutSInt16ToSInt8                     0x00003d51   Thumb Code    22  tss_filters.o(i.TSS_CutSInt16ToSInt8)
    TSS_DataCorruptionCheck                  0x00003d69   Thumb Code   156  tss_main.o(i.TSS_DataCorruptionCheck)
    TSS_DecodersControl                      0x00003e25   Thumb Code   102  tss_main.o(i.TSS_DecodersControl)
    TSS_FaultEvaluation                      0x00003e9d   Thumb Code   106  tss_main.o(i.TSS_FaultEvaluation)
    TSS_GetSystemConfig                      0x00003f19   Thumb Code   230  tss_main.o(i.TSS_GetSystemConfig)
    TSS_Init                                 0x00004029   Thumb Code    92  tss_main.o(i.TSS_Init)
    TSS_InitInternalArrays                   0x00004095   Thumb Code    66  tss_main.o(i.TSS_InitInternalArrays)
    TSS_InitRegisterArrays                   0x000040e9   Thumb Code    60  tss_main.o(i.TSS_InitRegisterArrays)
    TSS_KeyBasicDeltaNoiseAnalysisIIRControl 0x00004141   Thumb Code   108  tss_keydetectornormal.o(i.TSS_KeyBasicDeltaNoiseAnalysisIIRControl)
    TSS_KeyBasicDetect                       0x000041b5   Thumb Code   378  tss_keydetectornormal.o(i.TSS_KeyBasicDetect)
    TSS_KeyBasicElectrodeEval                0x0000434d   Thumb Code   578  tss_keydetectornormal.o(i.TSS_KeyBasicElectrodeEval)
    TSS_KeyBasicNegativeBaselineDrop         0x00004651   Thumb Code   114  tss_keydetectornormal.o(i.TSS_KeyBasicNegativeBaselineDrop)
    TSS_KeyBasicSensAutoCalibration          0x000046e1   Thumb Code   536  tss_keydetectornormal.o(i.TSS_KeyBasicSensAutoCalibration)
    TSS_KeyBasicStuckKeyControl              0x00004921   Thumb Code    58  tss_keydetectornormal.o(i.TSS_KeyBasicStuckKeyControl)
    TSS_KeyDetectorCalculateDelta            0x0000496d   Thumb Code    22  tss_keydetector.o(i.TSS_KeyDetectorCalculateDelta)
    TSS_KeyDetectorCalculateIIRFilter        0x0000498d   Thumb Code    20  tss_filters.o(i.TSS_KeyDetectorCalculateIIRFilter)
    TSS_KeyDetectorCalibrate                 0x000049a9   Thumb Code    26  tss_keydetector.o(i.TSS_KeyDetectorCalibrate)
    TSS_KeyDetectorElectrodeStatusUpdate     0x00004a05   Thumb Code    44  tss_keydetector.o(i.TSS_KeyDetectorElectrodeStatusUpdate)
    TSS_KeyDetectorFillDeltaLogBuffer        0x00004a5d   Thumb Code    12  tss_keydetector.o(i.TSS_KeyDetectorFillDeltaLogBuffer)
    TSS_KeyDetectorFillSignalLogBuffer       0x00004a6d   Thumb Code    12  tss_keydetector.o(i.TSS_KeyDetectorFillSignalLogBuffer)
    TSS_KeyDetectorGetDCTrackerCounter       0x00004a81   Thumb Code     6  tss_keydetector.o(i.TSS_KeyDetectorGetDCTrackerCounter)
    TSS_KeyDetectorGetElectrodeEnablerStatus 0x00004a8d   Thumb Code    50  tss_keydetector.o(i.TSS_KeyDetectorGetElectrodeEnablerStatus)
    TSS_KeyDetectorGetElectrodeGroupStatus   0x00004acd   Thumb Code    60  tss_keydetector.o(i.TSS_KeyDetectorGetElectrodeGroupStatus)
    TSS_KeyDetectorGetShieldElectrodeReleaseStatus 0x00004b0d   Thumb Code    52  tss_keydetector.o(i.TSS_KeyDetectorGetShieldElectrodeReleaseStatus)
    TSS_KeyDetectorGetSlowDCTrackerCounter   0x00004b4d   Thumb Code     6  tss_keydetector.o(i.TSS_KeyDetectorGetSlowDCTrackerCounter)
    TSS_KeyDetectorInit                      0x00004b59   Thumb Code    50  tss_keydetector.o(i.TSS_KeyDetectorInit)
    TSS_KeyDetectorInitPrevCapSample         0x00004b99   Thumb Code    12  tss_filters.o(i.TSS_KeyDetectorInitPrevCapSample)
    TSS_KeyDetectorMain                      0x00004bad   Thumb Code   364  tss_keydetector.o(i.TSS_KeyDetectorMain)
    TSS_KeyDetectorRecalibrateModules        0x00004dcd   Thumb Code    14  tss_keydetector.o(i.TSS_KeyDetectorRecalibrateModules)
    TSS_KeyDetectorRecalibrationRequest      0x00004de1   Thumb Code    16  tss_keydetector.o(i.TSS_KeyDetectorRecalibrationRequest)
    TSS_KeyDetectorReleaseElectrode          0x00004df1   Thumb Code    30  tss_keydetector.o(i.TSS_KeyDetectorReleaseElectrode)
    TSS_KeyDetectorResetElectrode            0x00004e15   Thumb Code    16  tss_keydetector.o(i.TSS_KeyDetectorResetElectrode)
    TSS_KeyDetectorResetElectrodeDebouncing  0x00004e29   Thumb Code    16  tss_keydetector.o(i.TSS_KeyDetectorResetElectrodeDebouncing)
    TSS_KeyDetectorResetElectrodeMeasured    0x00004e45   Thumb Code    24  tss_keydetector.o(i.TSS_KeyDetectorResetElectrodeMeasured)
    TSS_KeyDetectorResetStuckKeyCounter      0x00004e69   Thumb Code     8  tss_keydetector.o(i.TSS_KeyDetectorResetStuckKeyCounter)
    TSS_KeyDetectorRestartElectrode          0x00004e75   Thumb Code    44  tss_keydetector.o(i.TSS_KeyDetectorRestartElectrode)
    TSS_KeyDetectorSignalDivider             0x00004eb9   Thumb Code    18  tss_filters.o(i.TSS_KeyDetectorSignalDivider)
    TSS_LowPowerConfig                       0x00004ed5   Thumb Code   150  tss_main.o(i.TSS_LowPowerConfig)
    TSS_SetASliderConfig                     0x00004f75   Thumb Code   240  tss_asliderdecoder.o(i.TSS_SetASliderConfig)
    TSS_SetControlElectrodesEnablers         0x00005071   Thumb Code   130  tss_main.o(i.TSS_SetControlElectrodesEnablers)
    TSS_SetSystemConfig                      0x00005111   Thumb Code   742  tss_main.o(i.TSS_SetSystemConfig)
    TSS_SubUInt16WithUInt16ToSInt16          0x00005439   Thumb Code    40  tss_filters.o(i.TSS_SubUInt16WithUInt16ToSInt16)
    TSS_Task                                 0x00005465   Thumb Code   182  tss_main.o(i.TSS_Task)
    TSS_TriggerConfig                        0x00005535   Thumb Code    98  tss_main.o(i.TSS_TriggerConfig)
    TSS_TriggerControl                       0x000055a1   Thumb Code    60  tss_main.o(i.TSS_TriggerControl)
    __ARM_clz                                0x000055e5   Thumb Code    46  depilogue.o(i.__ARM_clz)
    __ARM_common_switch8                     0x00005613   Thumb Code    26  tss_sensortsil.o(i.__ARM_common_switch8)
    __ARM_fpclassify                         0x0000562d   Thumb Code    40  fpclassify.o(i.__ARM_fpclassify)
    __kernel_poly                            0x00005659   Thumb Code   172  poly.o(i.__kernel_poly)
    __mathlib_dbl_infnan                     0x00005705   Thumb Code    10  dunder.o(i.__mathlib_dbl_infnan)
    __mathlib_dbl_infnan2                    0x0000570f   Thumb Code     8  dunder.o(i.__mathlib_dbl_infnan2)
    __mathlib_dbl_underflow                  0x00005719   Thumb Code    14  dunder.o(i.__mathlib_dbl_underflow)
    __scatterload_copy                       0x0000572d   Thumb Code    14  handlers.o(i.__scatterload_copy)
    __scatterload_null                       0x0000573b   Thumb Code     2  handlers.o(i.__scatterload_null)
    __scatterload_zeroinit                   0x0000573d   Thumb Code    14  handlers.o(i.__scatterload_zeroinit)
    __set_errno                              0x0000574d   Thumb Code     6  errno.o(i.__set_errno)
    atan                                     0x00005759   Thumb Code   472  atan.o(i.atan)
    atan2                                    0x00005975   Thumb Code   334  atan2.o(i.atan2)
    sqrt                                     0x00005aed   Thumb Code    66  sqrt.o(i.sqrt)
    tss_faSampleElectrode                    0x00005b34   Data           8  tss_sensor.o(.constdata)
    tss_acp8ElectrodeROMData                 0x00005b3c   Data           8  tss_sensor.o(.constdata)
    TSS_TSIL0_METHOD_ROMDATA_CONTEXT         0x00005b44   Data          16  tss_sensortsil.o(.constdata)
    TSS_E0_ROMDATA_CONTEXT                   0x00005b54   Data          12  tss_sensortsil.o(.constdata)
    TSS_E1_ROMDATA_CONTEXT                   0x00005b60   Data          12  tss_sensortsil.o(.constdata)
    TSS_C0_INPUTS_GROUP                      0x00005b70   Data           2  tss_systemsetupdata.o(.constdata)
    TSS_C0_STRUCTURE_ROM_CONTEXT             0x00005b74   Data          28  tss_systemsetupdata.o(.constdata)
    tss_faCallback                           0x00005b90   Data           4  tss_systemsetupdata.o(.constdata)
    tss_acpsDecRAMContext                    0x00005b94   Data           4  tss_systemsetupdata.o(.constdata)
    tss_acpsDecROMContext                    0x00005b98   Data           4  tss_systemsetupdata.o(.constdata)
    tss_acpsCSStructs                        0x00005b9c   Data           4  tss_systemsetupdata.o(.constdata)
    tss_faDecoders                           0x00005ba0   Data           4  tss_systemsetupdata.o(.constdata)
    tss_cau8ShieldPairs                      0x00005ba4   Data           1  tss_systemsetupdata.o(.constdata)
    tss_cau8SignalDivider                    0x00005ba5   Data           2  tss_systemsetupdata.o(.constdata)
    tss_fDecodersControl                     0x00005ba8   Data           4  tss_systemsetupdata.o(.constdata)
    tss_cu8NumElecs                          0x00005bac   Data           1  tss_systemsetupdata.o(.constdata)
    tss_cu8NumCtrls                          0x00005bad   Data           1  tss_systemsetupdata.o(.constdata)
    tss_cu8ElecBitFldLn                      0x00005bae   Data           1  tss_systemsetupdata.o(.constdata)
    tss_fCalculateIIRFilter                  0x00005bb0   Data           4  tss_systemsetupdata.o(.constdata)
    tss_fCalculateShielding                  0x00005bb4   Data           4  tss_systemsetupdata.o(.constdata)
    tss_fInitPrevCapSample                   0x00005bb8   Data           4  tss_systemsetupdata.o(.constdata)
    tss_fFillDeltaLogBuffer                  0x00005bbc   Data           4  tss_systemsetupdata.o(.constdata)
    tss_fFillSignalLogBuffer                 0x00005bc0   Data           4  tss_systemsetupdata.o(.constdata)
    tss_fDataCorruptionCheck                 0x00005bc4   Data           4  tss_systemsetupdata.o(.constdata)
    tss_fFmstrCall                           0x00005bc8   Data           4  tss_systemsetupdata.o(.constdata)
    tss_fTriggerConfig                       0x00005bcc   Data           4  tss_systemsetupdata.o(.constdata)
    tss_fTriggerControl                      0x00005bd0   Data           4  tss_systemsetupdata.o(.constdata)
    tss_fLowPowerConfig                      0x00005bd4   Data           4  tss_systemsetupdata.o(.constdata)
    tss_fOnFault                             0x00005bd8   Data           4  tss_systemsetupdata.o(.constdata)
    tss_fOnInit                              0x00005bdc   Data           4  tss_systemsetupdata.o(.constdata)
    tss_cu8APosFilterWeight                  0x00005be0   Data           1  tss_systemsetupdata.o(.constdata)
    tss_fASliderCalculatePosIIRFilter        0x00005be4   Data           4  tss_systemsetupdata.o(.constdata)
    tss_fASliderDelayControl                 0x00005be8   Data           4  tss_systemsetupdata.o(.constdata)
    tss_cu8ASliderTrendBufferLength          0x00005bec   Data           1  tss_systemsetupdata.o(.constdata)
    tss_i8ASliderTrendThreshold              0x00005bed   Data           1  tss_systemsetupdata.o(.constdata)
    tss_fASliderTrendThreshold               0x00005bf0   Data           4  tss_systemsetupdata.o(.constdata)
    tss_fASliderTrendControl                 0x00005bf4   Data           4  tss_systemsetupdata.o(.constdata)
    tss_fOnProximity                         0x00005bf8   Data           4  tss_systemsetupdata.o(.constdata)
    tss_fProximityConfig                     0x00005bfc   Data           4  tss_systemsetupdata.o(.constdata)
    tss_fStuckKeyControl                     0x00005c00   Data           4  tss_systemsetupdata.o(.constdata)
    tss_fResetStuckKeyCounter                0x00005c04   Data           4  tss_systemsetupdata.o(.constdata)
    tss_fNegativeBaselineDrop                0x00005c08   Data           4  tss_systemsetupdata.o(.constdata)
    tss_fKeyDetectorRecalibrationRequest     0x00005c0c   Data           4  tss_systemsetupdata.o(.constdata)
    tss_fSignalDivider                       0x00005c10   Data           4  tss_systemsetupdata.o(.constdata)
    tss_fSignalMultiplier                    0x00005c14   Data           4  tss_systemsetupdata.o(.constdata)
    tss_fAutoCalibration                     0x00005c18   Data           4  tss_systemsetupdata.o(.constdata)
    tss_fSensitivityLowLimitControl          0x00005c1c   Data           4  tss_systemsetupdata.o(.constdata)
    tss_fDeltaNoiseAnalysisIIRControl        0x00005c20   Data           4  tss_systemsetupdata.o(.constdata)
    tss_cu8BaselineInitLength                0x00005c24   Data           1  tss_systemsetupdata.o(.constdata)
    tss_cu8AutoCalibInitLength               0x00005c25   Data           1  tss_systemsetupdata.o(.constdata)
    tss_ci8DeltaNoiseAnalysisIIRWeights      0x00005c26   Data           2  tss_systemsetupdata.o(.constdata)
    tss_csKeyBasicASCContext                 0x00005c28   Data           6  tss_systemsetupdata.o(.constdata)
    tss_fKeyDetectorElectrodeEval            0x00005c30   Data           4  tss_systemsetupdata.o(.constdata)
    tss_fKeyDetectorIntegrationResetEval     0x00005c34   Data           4  tss_systemsetupdata.o(.constdata)
    tss_fKeyNoiseSchedulerInit               0x00005c38   Data           4  tss_systemsetupdata.o(.constdata)
    tss_fKeyNoiseSchedulerRun                0x00005c3c   Data           4  tss_systemsetupdata.o(.constdata)
    __mathlib_zero                           0x00005cd8   Data           8  qnan.o(.constdata)
    Region$$Table$$Base                      0x00005cf4   Number         0  anon$$obj.o(Region$$Table)
    Region$$Table$$Limit                     0x00005d14   Number         0  anon$$obj.o(Region$$Table)
    mcg_clk_hz                               0x20000028   Data           4  sysinit_kl25.o(.data)
    tss_u8SampleIntFlag                      0x2000002c   Data           1  tss_sensor.o(.data)
    cASlider1                                0x2000002d   Data           8  tss_systemsetupdata.o(.data)
    TSS_C0_STRUCTURE_RAM_CONTEXT             0x20000036   Data           2  tss_systemsetupdata.o(.data)
    TSS_C0_POSFILTER_CONTEXT                 0x20000038   Data           2  tss_systemsetupdata.o(.data)
    TSS_C0_TREND_CONTEXT                     0x2000003a   Data           3  tss_systemsetupdata.o(.data)
    tss_au8Sensitivity                       0x2000003d   Data           2  tss_systemsetupdata.o(.data)
    tss_au8ElectrodeEnablers                 0x2000003f   Data           1  tss_systemsetupdata.o(.data)
    tss_au8ElectrodeStatus                   0x20000040   Data           1  tss_systemsetupdata.o(.data)
    tss_au16ElecBaseline                     0x20000042   Data           4  tss_systemsetupdata.o(.data)
    tss_au8ElectrodeMeasured                 0x20000046   Data           1  tss_systemsetupdata.o(.data)
    tss_au8ElectrodeMarker                   0x20000047   Data           1  tss_systemsetupdata.o(.data)
    tss_au8ElectrodeLowThresholdEnablers     0x20000048   Data           1  tss_systemsetupdata.o(.data)
    tss_au8ElectrodeDCTrackerEnablers        0x20000049   Data           1  tss_systemsetupdata.o(.data)
    tss_au8DebounceCount                     0x2000004a   Data           2  tss_systemsetupdata.o(.data)
    tss_au8TouchCount                        0x2000004c   Data           2  tss_systemsetupdata.o(.data)
    tss_au8ReleaseCount                      0x2000004e   Data           2  tss_systemsetupdata.o(.data)
    tss_au8ElecState                         0x20000050   Data           2  tss_systemsetupdata.o(.data)
    tss_au8ControlScheduleCount              0x20000052   Data           1  tss_systemsetupdata.o(.data)
    tss_au16PrevCapSample                    0x20000054   Data           4  tss_systemsetupdata.o(.data)
    tss_ai8InstantDelta                      0x20000058   Data           2  tss_systemsetupdata.o(.data)
    tss_au16InstantSignal                    0x2000005a   Data           4  tss_systemsetupdata.o(.data)
    tss_u8ConfCheckSum                       0x2000005e   Data           1  tss_systemsetupdata.o(.data)
    tss_au8StuckCount                        0x2000005f   Data           2  tss_systemsetupdata.o(.data)
    tss_ai8MaxDeltaAmplitude                 0x20000061   Data           2  tss_systemsetupdata.o(.data)
    tss_ai8DeltaAmplitude                    0x20000063   Data           2  tss_systemsetupdata.o(.data)
    tss_asAutoCalibrationData                0x20000065   Data           6  tss_systemsetupdata.o(.data)
    tss_ai8NoiseAmplitude                    0x2000006b   Data           2  tss_systemsetupdata.o(.data)
    tss_ai8SensitivityLowLimit               0x2000006d   Data           1  tss_systemsetupdata.o(.data)
    u16LPcounter                             0x20000070   Data           2  main.o(.data)
    acc_X                                    0x20000084   Data           2  mma8451.o(.data)
    acc_Y                                    0x20000086   Data           2  mma8451.o(.data)
    acc_Z                                    0x20000088   Data           2  mma8451.o(.data)
    roll                                     0x2000008c   Data           4  mma8451.o(.data)
    pitch                                    0x20000090   Data           4  mma8451.o(.data)
    tss_u16CapSample                         0x2000009a   Data           2  tss_keydetector.o(.data)
    TSS_TSIL0_METHOD_RAMDATA_CONTEXT         0x20000114   Data          10  tss_sensortsil.o(.bss)
    TSS_TSIL0_CHANNEL_COUNTER_BUFFER         0x2000011e   Data          32  tss_sensortsil.o(.bss)
    TSS_C0_TREND_BUFFER                      0x2000013e   Data          32  tss_systemsetupdata.o(.bss)
    tss_CSSys                                0x2000015e   Data          12  tss_systemsetupdata.o(.bss)
    tss_asDeltaNoiseAnalysisIIRData          0x2000016a   Data          12  tss_systemsetupdata.o(.bss)
    __initial_sp                             0x20000578   Data           0  startup_mkl25z4.o(STACK)



==============================================================================

Memory Map of the image

  Image Entry point : 0x000000c1

  Load Region LR_IROM1 (Base: 0x00000000, Size: 0x00005dbc, Max: 0x00020000, ABSOLUTE)

    Execution Region ER_IROM1 (Base: 0x00000000, Size: 0x00005d14, Max: 0x00020000, ABSOLUTE)

    Base Addr    Size         Type   Attr      Idx    E Section Name        Object

    0x00000000   0x000000c0   Data   RO          660    RESET               startup_mkl25z4.o
    0x000000c0   0x00000000   Code   RO          884  * .ARM.Collect$$$$00000000  mc_p.l(entry.o)
    0x000000c0   0x00000004   Code   RO          944    .ARM.Collect$$$$00000001  mc_p.l(entry2.o)
    0x000000c4   0x00000004   Code   RO          947    .ARM.Collect$$$$00000004  mc_p.l(entry5.o)
    0x000000c8   0x00000000   Code   RO          949    .ARM.Collect$$$$00000008  mc_p.l(entry7b.o)
    0x000000c8   0x00000000   Code   RO          951    .ARM.Collect$$$$0000000A  mc_p.l(entry8b.o)
    0x000000c8   0x00000008   Code   RO          952    .ARM.Collect$$$$0000000B  mc_p.l(entry9a.o)
    0x000000d0   0x00000000   Code   RO          954    .ARM.Collect$$$$0000000D  mc_p.l(entry10a.o)
    0x000000d0   0x00000000   Code   RO          956    .ARM.Collect$$$$0000000F  mc_p.l(entry11a.o)
    0x000000d0   0x00000004   Code   RO          945    .ARM.Collect$$$$00002712  mc_p.l(entry2.o)
    0x000000d4   0x000000d8   Code   RO            1    .text               app_init.o
    0x000001ac   0x00000078   Code   RO           59    .text               events.o
    0x00000224   0x000001c4   Code   RO          135    .text               freemaster_protocol.o
    0x000003e8   0x0000000c   Code   RO          282    .text               wdog_kl25.o
    0x000003f4   0x0000000c   Code   RO          428    .text               tss_systemsetupdata.o
    0x00000400   0x00000010   Code   RO          661    .ARM.__at_0x400     startup_mkl25z4.o
    0x00000410   0x00000094   Code   RO          160    .text               freemaster_scope.o
    0x000004a4   0x00000278   Code   RO          175    .text               freemaster_serial.o
    0x0000071c   0x00000158   Code   RO          190    .text               freemaster_tsa.o
    0x00000874   0x000000cc   Code   RO          202    .text               freemaster_kxx.o
    0x00000940   0x0000006c   Code   RO          217    .text               arm_cm0.o
    0x000009ac   0x000000a4   Code   RO          229    .text               sysinit_kl25.o
    0x00000a50   0x00001398   Code   RO          263    .text               mcg_kl25.o
    0x00001de8   0x000000f0   Code   RO          294    .text               uart_kl25.o
    0x00001ed8   0x0000002c   Code   RO          321    .text               tss_sensor.o
    0x00001f04   0x000008ac   Code   RO          398    .text               tss_sensortsil.o
    0x000027b0   0x000000f4   Code   RO          543    .text               main.o
    0x000028a4   0x00000018   Code   RO          576    .text               delay.o
    0x000028bc   0x00000190   Code   RO          613    .text               i2c.o
    0x00002a4c   0x00000194   Code   RO          633    .text               mma8451.o
    0x00002be0   0x0000001c   Code   RO          662    .text               startup_mkl25z4.o
    0x00002bfc   0x0000000c   Code   RO          668    .text               system_mkl25z4.o
    0x00002c08   0x00000218   Code   RO          680    .text               board.o
    0x00002e20   0x0000002c   Code   RO          887    .text               mc_p.l(uidiv.o)
    0x00002e4c   0x00000028   Code   RO          889    .text               mc_p.l(idiv.o)
    0x00002e74   0x000000b2   Code   RO          891    .text               mf_p.l(fadd.o)
    0x00002f26   0x0000007a   Code   RO          893    .text               mf_p.l(fmul.o)
    0x00002fa0   0x0000007c   Code   RO          895    .text               mf_p.l(fdiv.o)
    0x0000301c   0x00000018   Code   RO          897    .text               mf_p.l(fscalb.o)
    0x00003034   0x000000d0   Code   RO          899    .text               mf_p.l(dmul.o)
    0x00003104   0x000000f0   Code   RO          901    .text               mf_p.l(ddiv.o)
    0x000031f4   0x0000002c   Code   RO          903    .text               mf_p.l(dscalb.o)
    0x00003220   0x00000016   Code   RO          905    .text               mf_p.l(fflti.o)
    0x00003236   0x00000002   PAD
    0x00003238   0x00000028   Code   RO          907    .text               mf_p.l(dflti.o)
    0x00003260   0x00000028   Code   RO          909    .text               mf_p.l(ffixui.o)
    0x00003288   0x00000028   Code   RO          911    .text               mf_p.l(f2d.o)
    0x000032b0   0x00000038   Code   RO          913    .text               mf_p.l(d2f.o)
    0x000032e8   0x00000014   Code   RO          915    .text               mf_p.l(cfcmple.o)
    0x000032fc   0x00000014   Code   RO          917    .text               mf_p.l(cfrcmple.o)
    0x00003310   0x00000000   Code   RO          965    .text               mc_p.l(iusefp.o)
    0x00003310   0x00000082   Code   RO          966    .text               mf_p.l(fepilogue.o)
    0x00003392   0x000000be   Code   RO          968    .text               mf_p.l(depilogue.o)
    0x00003450   0x00000164   Code   RO          972    .text               mf_p.l(dadd.o)
    0x000035b4   0x000000a2   Code   RO          974    .text               mf_p.l(dsqrt.o)
    0x00003656   0x00000002   PAD
    0x00003658   0x00000024   Code   RO          982    .text               mc_p.l(init.o)
    0x0000367c   0x00000020   Code   RO          984    .text               mc_p.l(llshl.o)
    0x0000369c   0x00000022   Code   RO          986    .text               mc_p.l(llushr.o)
    0x000036be   0x00000026   Code   RO          988    .text               mc_p.l(llsshr.o)
    0x000036e4   0x0000006c   Code   RO          696    i.TSS_ASliderCalculatePosIIRFilter  TSS_KXX_M0.lib(tss_asliderdecoder.o)
    0x00003750   0x00000458   Code   RO          697    i.TSS_ASliderDecoder  TSS_KXX_M0.lib(tss_asliderdecoder.o)
    0x00003ba8   0x000000ec   Code   RO          699    i.TSS_ASliderTrendControl  TSS_KXX_M0.lib(tss_asliderdecoder.o)
    0x00003c94   0x00000028   Code   RO          700    i.TSS_ASliderTrendThreshold  TSS_KXX_M0.lib(tss_asliderdecoder.o)
    0x00003cbc   0x00000094   Code   RO          799    i.TSS_BrowseModules  TSS_KXX_M0.lib(tss_main.o)
    0x00003d50   0x00000016   Code   RO          710    i.TSS_CutSInt16ToSInt8  TSS_KXX_M0.lib(tss_filters.o)
    0x00003d66   0x00000002   PAD
    0x00003d68   0x000000bc   Code   RO          800    i.TSS_DataCorruptionCheck  TSS_KXX_M0.lib(tss_main.o)
    0x00003e24   0x00000078   Code   RO          801    i.TSS_DecodersControl  TSS_KXX_M0.lib(tss_main.o)
    0x00003e9c   0x0000007c   Code   RO          802    i.TSS_FaultEvaluation  TSS_KXX_M0.lib(tss_main.o)
    0x00003f18   0x00000110   Code   RO          811    i.TSS_GetSystemConfig  TSS_KXX_M0.lib(tss_main.o)
    0x00004028   0x0000006c   Code   RO          812    i.TSS_Init          TSS_KXX_M0.lib(tss_main.o)
    0x00004094   0x00000054   Code   RO          813    i.TSS_InitInternalArrays  TSS_KXX_M0.lib(tss_main.o)
    0x000040e8   0x00000058   Code   RO          814    i.TSS_InitRegisterArrays  TSS_KXX_M0.lib(tss_main.o)
    0x00004140   0x00000074   Code   RO          783    i.TSS_KeyBasicDeltaNoiseAnalysisIIRControl  TSS_KXX_M0.lib(tss_keydetectornormal.o)
    0x000041b4   0x00000198   Code   RO          784    i.TSS_KeyBasicDetect  TSS_KXX_M0.lib(tss_keydetectornormal.o)
    0x0000434c   0x00000290   Code   RO          785    i.TSS_KeyBasicElectrodeEval  TSS_KXX_M0.lib(tss_keydetectornormal.o)
    0x000045dc   0x00000074   Code   RO          786    i.TSS_KeyBasicEvaluateNoiseData  TSS_KXX_M0.lib(tss_keydetectornormal.o)
    0x00004650   0x00000090   Code   RO          788    i.TSS_KeyBasicNegativeBaselineDrop  TSS_KXX_M0.lib(tss_keydetectornormal.o)
    0x000046e0   0x00000240   Code   RO          789    i.TSS_KeyBasicSensAutoCalibration  TSS_KXX_M0.lib(tss_keydetectornormal.o)
    0x00004920   0x0000004c   Code   RO          790    i.TSS_KeyBasicStuckKeyControl  TSS_KXX_M0.lib(tss_keydetectornormal.o)
    0x0000496c   0x00000020   Code   RO          734    i.TSS_KeyDetectorCalculateDelta  TSS_KXX_M0.lib(tss_keydetector.o)
    0x0000498c   0x0000001c   Code   RO          711    i.TSS_KeyDetectorCalculateIIRFilter  TSS_KXX_M0.lib(tss_filters.o)
    0x000049a8   0x00000020   Code   RO          735    i.TSS_KeyDetectorCalibrate  TSS_KXX_M0.lib(tss_keydetector.o)
    0x000049c8   0x0000003c   Code   RO          736    i.TSS_KeyDetectorDCTrackerEvalExecution  TSS_KXX_M0.lib(tss_keydetector.o)
    0x00004a04   0x00000030   Code   RO          737    i.TSS_KeyDetectorElectrodeStatusUpdate  TSS_KXX_M0.lib(tss_keydetector.o)
    0x00004a34   0x00000026   Code   RO          738    i.TSS_KeyDetectorFaultDecoder  TSS_KXX_M0.lib(tss_keydetector.o)
    0x00004a5a   0x00000002   PAD
    0x00004a5c   0x00000010   Code   RO          739    i.TSS_KeyDetectorFillDeltaLogBuffer  TSS_KXX_M0.lib(tss_keydetector.o)
    0x00004a6c   0x00000014   Code   RO          740    i.TSS_KeyDetectorFillSignalLogBuffer  TSS_KXX_M0.lib(tss_keydetector.o)
    0x00004a80   0x0000000c   Code   RO          741    i.TSS_KeyDetectorGetDCTrackerCounter  TSS_KXX_M0.lib(tss_keydetector.o)
    0x00004a8c   0x00000040   Code   RO          742    i.TSS_KeyDetectorGetElectrodeEnablerStatus  TSS_KXX_M0.lib(tss_keydetector.o)
    0x00004acc   0x00000040   Code   RO          743    i.TSS_KeyDetectorGetElectrodeGroupStatus  TSS_KXX_M0.lib(tss_keydetector.o)
    0x00004b0c   0x00000040   Code   RO          744    i.TSS_KeyDetectorGetShieldElectrodeReleaseStatus  TSS_KXX_M0.lib(tss_keydetector.o)
    0x00004b4c   0x0000000c   Code   RO          745    i.TSS_KeyDetectorGetSlowDCTrackerCounter  TSS_KXX_M0.lib(tss_keydetector.o)
    0x00004b58   0x00000040   Code   RO          746    i.TSS_KeyDetectorInit  TSS_KXX_M0.lib(tss_keydetector.o)
    0x00004b98   0x00000014   Code   RO          713    i.TSS_KeyDetectorInitPrevCapSample  TSS_KXX_M0.lib(tss_filters.o)
    0x00004bac   0x00000198   Code   RO          747    i.TSS_KeyDetectorMain  TSS_KXX_M0.lib(tss_keydetector.o)
    0x00004d44   0x00000088   Code   RO          749    i.TSS_KeyDetectorRecalibrateElectrode  TSS_KXX_M0.lib(tss_keydetector.o)
    0x00004dcc   0x00000014   Code   RO          750    i.TSS_KeyDetectorRecalibrateModules  TSS_KXX_M0.lib(tss_keydetector.o)
    0x00004de0   0x00000010   Code   RO          751    i.TSS_KeyDetectorRecalibrationRequest  TSS_KXX_M0.lib(tss_keydetector.o)
    0x00004df0   0x00000024   Code   RO          752    i.TSS_KeyDetectorReleaseElectrode  TSS_KXX_M0.lib(tss_keydetector.o)
    0x00004e14   0x00000014   Code   RO          753    i.TSS_KeyDetectorResetElectrode  TSS_KXX_M0.lib(tss_keydetector.o)
    0x00004e28   0x0000001c   Code   RO          754    i.TSS_KeyDetectorResetElectrodeDebouncing  TSS_KXX_M0.lib(tss_keydetector.o)
    0x00004e44   0x00000024   Code   RO          755    i.TSS_KeyDetectorResetElectrodeMeasured  TSS_KXX_M0.lib(tss_keydetector.o)
    0x00004e68   0x0000000c   Code   RO          756    i.TSS_KeyDetectorResetStuckKeyCounter  TSS_KXX_M0.lib(tss_keydetector.o)
    0x00004e74   0x00000044   Code   RO          757    i.TSS_KeyDetectorRestartElectrode  TSS_KXX_M0.lib(tss_keydetector.o)
    0x00004eb8   0x0000001c   Code   RO          714    i.TSS_KeyDetectorSignalDivider  TSS_KXX_M0.lib(tss_filters.o)
    0x00004ed4   0x000000a0   Code   RO          820    i.TSS_LowPowerConfig  TSS_KXX_M0.lib(tss_main.o)
    0x00004f74   0x000000fc   Code   RO          702    i.TSS_SetASliderConfig  TSS_KXX_M0.lib(tss_asliderdecoder.o)
    0x00005070   0x000000a0   Code   RO          822    i.TSS_SetControlElectrodesEnablers  TSS_KXX_M0.lib(tss_main.o)
    0x00005110   0x00000328   Code   RO          824    i.TSS_SetSystemConfig  TSS_KXX_M0.lib(tss_main.o)
    0x00005438   0x0000002c   Code   RO          719    i.TSS_SubUInt16WithUInt16ToSInt16  TSS_KXX_M0.lib(tss_filters.o)
    0x00005464   0x000000d0   Code   RO          829    i.TSS_Task          TSS_KXX_M0.lib(tss_main.o)
    0x00005534   0x0000006c   Code   RO          831    i.TSS_TriggerConfig  TSS_KXX_M0.lib(tss_main.o)
    0x000055a0   0x00000044   Code   RO          832    i.TSS_TriggerControl  TSS_KXX_M0.lib(tss_main.o)
    0x000055e4   0x0000002e   Code   RO          970    i.__ARM_clz         mf_p.l(depilogue.o)
    0x00005612   0x0000001a   Code   RO          416    i.__ARM_common_switch8  tss_sensortsil.o
    0x0000562c   0x0000002c   Code   RO          978    i.__ARM_fpclassify  m_ps.l(fpclassify.o)
    0x00005658   0x000000ac   Code   RO          980    i.__kernel_poly     m_ps.l(poly.o)
    0x00005704   0x0000000a   Code   RO          930    i.__mathlib_dbl_infnan  m_ps.l(dunder.o)
    0x0000570e   0x00000008   Code   RO          931    i.__mathlib_dbl_infnan2  m_ps.l(dunder.o)
    0x00005716   0x00000002   PAD
    0x00005718   0x00000014   Code   RO          935    i.__mathlib_dbl_underflow  m_ps.l(dunder.o)
    0x0000572c   0x0000000e   Code   RO          992    i.__scatterload_copy  mc_p.l(handlers.o)
    0x0000573a   0x00000002   Code   RO          993    i.__scatterload_null  mc_p.l(handlers.o)
    0x0000573c   0x0000000e   Code   RO          994    i.__scatterload_zeroinit  mc_p.l(handlers.o)
    0x0000574a   0x00000002   PAD
    0x0000574c   0x0000000c   Code   RO          960    i.__set_errno       mc_p.l(errno.o)
    0x00005758   0x0000021c   Code   RO          920    i.atan              m_ps.l(atan.o)
    0x00005974   0x00000178   Code   RO          869    i.atan2             m_ps.l(atan2.o)
    0x00005aec   0x00000048   Code   RO          877    i.sqrt              m_ps.l(sqrt.o)
    0x00005b34   0x00000008   Data   RO          322    .constdata          tss_sensor.o
    0x00005b3c   0x00000008   Data   RO          324    .constdata          tss_sensor.o
    0x00005b44   0x00000010   Data   RO          400    .constdata          tss_sensortsil.o
    0x00005b54   0x0000000c   Data   RO          401    .constdata          tss_sensortsil.o
    0x00005b60   0x0000000c   Data   RO          402    .constdata          tss_sensortsil.o
    0x00005b6c   0x00000004   Data   RO          403    .constdata          tss_sensortsil.o
    0x00005b70   0x00000002   Data   RO          432    .constdata          tss_systemsetupdata.o
    0x00005b72   0x00000002   PAD
    0x00005b74   0x0000001c   Data   RO          433    .constdata          tss_systemsetupdata.o
    0x00005b90   0x00000004   Data   RO          434    .constdata          tss_systemsetupdata.o
    0x00005b94   0x00000004   Data   RO          435    .constdata          tss_systemsetupdata.o
    0x00005b98   0x00000004   Data   RO          436    .constdata          tss_systemsetupdata.o
    0x00005b9c   0x00000004   Data   RO          437    .constdata          tss_systemsetupdata.o
    0x00005ba0   0x00000004   Data   RO          438    .constdata          tss_systemsetupdata.o
    0x00005ba4   0x00000001   Data   RO          439    .constdata          tss_systemsetupdata.o
    0x00005ba5   0x00000002   Data   RO          440    .constdata          tss_systemsetupdata.o
    0x00005ba7   0x00000001   PAD
    0x00005ba8   0x00000004   Data   RO          443    .constdata          tss_systemsetupdata.o
    0x00005bac   0x00000001   Data   RO          444    .constdata          tss_systemsetupdata.o
    0x00005bad   0x00000001   Data   RO          445    .constdata          tss_systemsetupdata.o
    0x00005bae   0x00000001   Data   RO          446    .constdata          tss_systemsetupdata.o
    0x00005baf   0x00000001   PAD
    0x00005bb0   0x00000004   Data   RO          448    .constdata          tss_systemsetupdata.o
    0x00005bb4   0x00000004   Data   RO          449    .constdata          tss_systemsetupdata.o
    0x00005bb8   0x00000004   Data   RO          450    .constdata          tss_systemsetupdata.o
    0x00005bbc   0x00000004   Data   RO          451    .constdata          tss_systemsetupdata.o
    0x00005bc0   0x00000004   Data   RO          453    .constdata          tss_systemsetupdata.o
    0x00005bc4   0x00000004   Data   RO          454    .constdata          tss_systemsetupdata.o
    0x00005bc8   0x00000004   Data   RO          455    .constdata          tss_systemsetupdata.o
    0x00005bcc   0x00000004   Data   RO          456    .constdata          tss_systemsetupdata.o
    0x00005bd0   0x00000004   Data   RO          457    .constdata          tss_systemsetupdata.o
    0x00005bd4   0x00000004   Data   RO          458    .constdata          tss_systemsetupdata.o
    0x00005bd8   0x00000004   Data   RO          459    .constdata          tss_systemsetupdata.o
    0x00005bdc   0x00000004   Data   RO          460    .constdata          tss_systemsetupdata.o
    0x00005be0   0x00000001   Data   RO          461    .constdata          tss_systemsetupdata.o
    0x00005be1   0x00000003   PAD
    0x00005be4   0x00000004   Data   RO          462    .constdata          tss_systemsetupdata.o
    0x00005be8   0x00000004   Data   RO          464    .constdata          tss_systemsetupdata.o
    0x00005bec   0x00000001   Data   RO          465    .constdata          tss_systemsetupdata.o
    0x00005bed   0x00000001   Data   RO          466    .constdata          tss_systemsetupdata.o
    0x00005bee   0x00000002   PAD
    0x00005bf0   0x00000004   Data   RO          467    .constdata          tss_systemsetupdata.o
    0x00005bf4   0x00000004   Data   RO          468    .constdata          tss_systemsetupdata.o
    0x00005bf8   0x00000004   Data   RO          471    .constdata          tss_systemsetupdata.o
    0x00005bfc   0x00000004   Data   RO          472    .constdata          tss_systemsetupdata.o
    0x00005c00   0x00000004   Data   RO          473    .constdata          tss_systemsetupdata.o
    0x00005c04   0x00000004   Data   RO          474    .constdata          tss_systemsetupdata.o
    0x00005c08   0x00000004   Data   RO          475    .constdata          tss_systemsetupdata.o
    0x00005c0c   0x00000004   Data   RO          476    .constdata          tss_systemsetupdata.o
    0x00005c10   0x00000004   Data   RO          477    .constdata          tss_systemsetupdata.o
    0x00005c14   0x00000004   Data   RO          478    .constdata          tss_systemsetupdata.o
    0x00005c18   0x00000004   Data   RO          479    .constdata          tss_systemsetupdata.o
    0x00005c1c   0x00000004   Data   RO          480    .constdata          tss_systemsetupdata.o
    0x00005c20   0x00000004   Data   RO          481    .constdata          tss_systemsetupdata.o
    0x00005c24   0x00000001   Data   RO          482    .constdata          tss_systemsetupdata.o
    0x00005c25   0x00000001   Data   RO          483    .constdata          tss_systemsetupdata.o
    0x00005c26   0x00000002   Data   RO          484    .constdata          tss_systemsetupdata.o
    0x00005c28   0x00000006   Data   RO          485    .constdata          tss_systemsetupdata.o
    0x00005c2e   0x00000002   PAD
    0x00005c30   0x00000004   Data   RO          487    .constdata          tss_systemsetupdata.o
    0x00005c34   0x00000004   Data   RO          488    .constdata          tss_systemsetupdata.o
    0x00005c38   0x00000004   Data   RO          489    .constdata          tss_systemsetupdata.o
    0x00005c3c   0x00000004   Data   RO          490    .constdata          tss_systemsetupdata.o
    0x00005c40   0x00000098   Data   RO          921    .constdata          m_ps.l(atan.o)
    0x00005cd8   0x00000008   Data   RO          943    .constdata          m_ps.l(qnan.o)
    0x00005ce0   0x00000012   Data   RO          544    .conststring        main.o
    0x00005cf2   0x00000002   PAD
    0x00005cf4   0x00000020   Data   RO          990    Region$$Table       anon$$obj.o


    Execution Region RW_IRAM1 (Base: 0x1ffff000, Size: 0x00000000, Max: 0x00001000, ABSOLUTE)

    **** No section assigned to this execution region ****


    Execution Region RW_IRAM2 (Base: 0x20000000, Size: 0x00000578, Max: 0x00003000, ABSOLUTE)

    Base Addr    Size         Type   Attr      Idx    E Section Name        Object

    0x20000000   0x00000009   Data   RW          162    .data               freemaster_scope.o
    0x20000009   0x00000003   PAD
    0x2000000c   0x00000018   Data   RW          177    .data               freemaster_serial.o
    0x20000024   0x00000001   Data   RW          203    .data               freemaster_kxx.o
    0x20000025   0x00000003   PAD
    0x20000028   0x00000004   Data   RW          230    .data               sysinit_kl25.o
    0x2000002c   0x00000001   Data   RW          327    .data               tss_sensor.o
    0x2000002d   0x00000008   Data   RW          493    .data               tss_systemsetupdata.o
    0x20000035   0x00000001   PAD
    0x20000036   0x00000002   Data   RW          494    .data               tss_systemsetupdata.o
    0x20000038   0x00000002   Data   RW          496    .data               tss_systemsetupdata.o
    0x2000003a   0x00000003   Data   RW          498    .data               tss_systemsetupdata.o
    0x2000003d   0x00000002   Data   RW          500    .data               tss_systemsetupdata.o
    0x2000003f   0x00000001   Data   RW          501    .data               tss_systemsetupdata.o
    0x20000040   0x00000001   Data   RW          502    .data               tss_systemsetupdata.o
    0x20000041   0x00000001   PAD
    0x20000042   0x00000004   Data   RW          503    .data               tss_systemsetupdata.o
    0x20000046   0x00000001   Data   RW          504    .data               tss_systemsetupdata.o
    0x20000047   0x00000001   Data   RW          505    .data               tss_systemsetupdata.o
    0x20000048   0x00000001   Data   RW          506    .data               tss_systemsetupdata.o
    0x20000049   0x00000001   Data   RW          507    .data               tss_systemsetupdata.o
    0x2000004a   0x00000002   Data   RW          508    .data               tss_systemsetupdata.o
    0x2000004c   0x00000002   Data   RW          509    .data               tss_systemsetupdata.o
    0x2000004e   0x00000002   Data   RW          510    .data               tss_systemsetupdata.o
    0x20000050   0x00000002   Data   RW          511    .data               tss_systemsetupdata.o
    0x20000052   0x00000001   Data   RW          512    .data               tss_systemsetupdata.o
    0x20000053   0x00000001   PAD
    0x20000054   0x00000004   Data   RW          513    .data               tss_systemsetupdata.o
    0x20000058   0x00000002   Data   RW          514    .data               tss_systemsetupdata.o
    0x2000005a   0x00000004   Data   RW          516    .data               tss_systemsetupdata.o
    0x2000005e   0x00000001   Data   RW          517    .data               tss_systemsetupdata.o
    0x2000005f   0x00000002   Data   RW          518    .data               tss_systemsetupdata.o
    0x20000061   0x00000002   Data   RW          519    .data               tss_systemsetupdata.o
    0x20000063   0x00000002   Data   RW          520    .data               tss_systemsetupdata.o
    0x20000065   0x00000006   Data   RW          521    .data               tss_systemsetupdata.o
    0x2000006b   0x00000002   Data   RW          522    .data               tss_systemsetupdata.o
    0x2000006d   0x00000001   Data   RW          523    .data               tss_systemsetupdata.o
    0x2000006e   0x00000002   PAD
    0x20000070   0x00000014   Data   RW          545    .data               main.o
    0x20000084   0x00000010   Data   RW          634    .data               mma8451.o
    0x20000094   0x00000008   Data   RW          758    .data               TSS_KXX_M0.lib(tss_keydetector.o)
    0x2000009c   0x00000008   Data   RW          833    .data               TSS_KXX_M0.lib(tss_main.o)
    0x200000a4   0x00000004   Data   RW          961    .data               mc_p.l(errno.o)
    0x200000a8   0x00000020   Zero   RW          161    .bss                freemaster_scope.o
    0x200000c8   0x0000004c   Zero   RW          176    .bss                freemaster_serial.o
    0x20000114   0x0000002a   Zero   RW          399    .bss                tss_sensortsil.o
    0x2000013e   0x00000020   Zero   RW          429    .bss                tss_systemsetupdata.o
    0x2000015e   0x0000000c   Zero   RW          430    .bss                tss_systemsetupdata.o
    0x2000016a   0x0000000c   Zero   RW          431    .bss                tss_systemsetupdata.o
    0x20000176   0x00000002   PAD
    0x20000178   0x00000400   Zero   RW          658    STACK               startup_mkl25z4.o


==============================================================================

Image component sizes


      Code (inc. data)   RO Data    RW Data    ZI Data      Debug   Object Name

       216         16          0          0          0     155069   app_init.o
       108         14          0          0          0       1051   arm_cm0.o
       536         76          0          0          0       1689   board.o
        24          6          0          0          0        800   delay.o
       120         24          0          0          0        938   events.o
         0          0          0          0          0     159812   freemaster_appcmd.o
       204          6          0          1          0       3626   freemaster_kxx.o
       452          0          0          0          0       3565   freemaster_protocol.o
       148          8          0          9         32       2007   freemaster_scope.o
       632         14          0         24         76       3708   freemaster_serial.o
       344          0          0          0          0       2496   freemaster_tsa.o
       400         14          0          0          0       1407   i2c.o
       244         24         18         20          0       2056   main.o
      5016        334          0          0          0      12814   mcg_kl25.o
       404         18          0         16          0       1459   mma8451.o
        44         24        192          0       1024        836   startup_mkl25z4.o
       164         34          0          4          0       1470   sysinit_kl25.o
        12          0          0          0          0        437   system_mkl25z4.o
        44         10         16          1          0     146295   tss_sensor.o
         0          0          0          0          0      30781   tss_sensorgpio.o
      2246        100         44          0         42      45910   tss_sensortsil.o
        12          0        197         62         56      29322   tss_systemsetupdata.o
       240         16          0          0          0       1788   uart_kl25.o
        12          4          0          0          0        483   wdog_kl25.o

    ----------------------------------------------------------------------
     11622        742        512        148       1232     609819   Object Totals
         0          0         32          0          0          0   (incl. Generated)
         0          0         13         11          2          0   (incl. Padding)

    ----------------------------------------------------------------------

      Code (inc. data)   RO Data    RW Data    ZI Data      Debug   Library Member Name

      1748        112          0          0          0        380   tss_asliderdecoder.o
       142         30          0          0          0        316   tss_filters.o
      1306        232          0          8          0       1500   tss_keydetector.o
      2092        232          0          0          0        544   tss_keydetectornormal.o
      2644        336          0          8          0       1020   tss_main.o
       540         68        152          0          0        112   atan.o
       376         42          0          0          0        144   atan2.o
        38          6          0          0          0        204   dunder.o
        44          4          0          0          0         60   fpclassify.o
       172          0          0          0          0         76   poly.o
         0          0          8          0          0          0   qnan.o
        72          6          0          0          0         76   sqrt.o
         0          0          0          0          0          0   entry.o
         0          0          0          0          0          0   entry10a.o
         0          0          0          0          0          0   entry11a.o
         8          4          0          0          0          0   entry2.o
         4          0          0          0          0          0   entry5.o
         0          0          0          0          0          0   entry7b.o
         0          0          0          0          0          0   entry8b.o
         8          4          0          0          0          0   entry9a.o
        12          6          0          4          0         60   errno.o
        30          0          0          0          0          0   handlers.o
        40          0          0          0          0         72   idiv.o
        36          8          0          0          0         68   init.o
         0          0          0          0          0          0   iusefp.o
        32          0          0          0          0         68   llshl.o
        38          0          0          0          0         68   llsshr.o
        34          0          0          0          0         68   llushr.o
        44          0          0          0          0         72   uidiv.o
        20          0          0          0          0         68   cfcmple.o
        20          0          0          0          0         68   cfrcmple.o
        56          0          0          0          0         68   d2f.o
       356          4          0          0          0        140   dadd.o
       240          6          0          0          0         84   ddiv.o
       236          0          0          0          0        216   depilogue.o
        40          6          0          0          0         68   dflti.o
       208          6          0          0          0         88   dmul.o
        44          0          0          0          0         72   dscalb.o
       162          0          0          0          0         80   dsqrt.o
        40          0          0          0          0         60   f2d.o
       178          0          0          0          0        108   fadd.o
       124          0          0          0          0         72   fdiv.o
       130          0          0          0          0        144   fepilogue.o
        40          0          0          0          0         60   ffixui.o
        22          0          0          0          0         68   fflti.o
       122          0          0          0          0         72   fmul.o
        24          0          0          0          0         60   fscalb.o

    ----------------------------------------------------------------------
     11534       1112        160         20          0       6504   Library Totals
        12          0          0          0          0          0   (incl. Padding)

    ----------------------------------------------------------------------

      Code (inc. data)   RO Data    RW Data    ZI Data      Debug   Library Name

      7932        942          0         16          0       3760   TSS_KXX_M0.lib
      1242        126        160          0          0        672   m_ps.l
       286         22          0          4          0        476   mc_p.l
      2062         22          0          0          0       1596   mf_p.l

    ----------------------------------------------------------------------
     11534       1112        160         20          0       6504   Library Totals

    ----------------------------------------------------------------------

==============================================================================


      Code (inc. data)   RO Data    RW Data    ZI Data      Debug   

     23156       1854        672        168       1232     610915   Grand Totals
     23156       1854        672        168       1232     610915   ELF Image Totals
     23156       1854        672        168          0          0   ROM Totals

==============================================================================

    Total RO  Size (Code + RO Data)                23828 (  23.27kB)
    Total RW  Size (RW Data + ZI Data)              1400 (   1.37kB)
    Total ROM Size (Code + RO Data + RW Data)      23996 (  23.43kB)

==============================================================================

