Component: ARM Compiler 5.05 update 1 (build 106) Tool: armlink [4d0efa]

==============================================================================

Section Cross References

    io.o(i.char_present) refers to uart.o(i.uart0_getchar_present) for uart0_getchar_present
    io.o(i.in_char) refers to uart.o(i.uart0_getchar) for uart0_getchar
    io.o(i.out_char) refers to uart.o(i.uart0_putchar) for uart0_putchar
    uart.o(i.uart0_init) refers to aeabi_sdiv.o(.text) for __aeabi_idivmod
    uart.o(i.uart_init) refers to aeabi_sdiv.o(.text) for __aeabi_idivmod
    sysinit_kl25.o(i.sysinit) refers to sysinit_kl25.o(i.clk_out_init) for clk_out_init
    sysinit_kl25.o(i.sysinit) refers to mcg_kl25.o(i.pll_init) for pll_init
    sysinit_kl25.o(i.sysinit) refers to sysinit_kl25.o(.data) for mcg_clk_hz
    mcg_kl25.o(i.atc) refers to mcg_kl25.o(i.what_mcg_mode) for what_mcg_mode
    mcg_kl25.o(i.atc) refers to aeabi_sdiv.o(.text) for __aeabi_idivmod
    mcg_kl25.o(i.atc) refers to fflti.o(.text) for __aeabi_i2f
    mcg_kl25.o(i.atc) refers to fdiv.o(.text) for __aeabi_fdiv
    mcg_kl25.o(i.atc) refers to fmul.o(x$fpl$fmul) for __aeabi_fmul
    mcg_kl25.o(i.atc) refers to ffixui.o(.text) for __aeabi_f2uiz
    mcg_kl25.o(i.blpe_pbe) refers to aeabi_sdiv.o(.text) for __aeabi_idivmod
    mcg_kl25.o(i.blpi_fbi) refers to aeabi_sdiv.o(.text) for __aeabi_idivmod
    mcg_kl25.o(i.fbe_fbi) refers to aeabi_sdiv.o(.text) for __aeabi_idivmod
    mcg_kl25.o(i.fbe_fee) refers to aeabi_sdiv.o(.text) for __aeabi_idivmod
    mcg_kl25.o(i.fbe_fee) refers to mcg_kl25.o(i.fll_freq) for fll_freq
    mcg_kl25.o(i.fbe_fei) refers to mcg_kl25.o(i.fll_freq) for fll_freq
    mcg_kl25.o(i.fbe_pbe) refers to aeabi_sdiv.o(.text) for __aeabi_idivmod
    mcg_kl25.o(i.fbi_blpi) refers to aeabi_sdiv.o(.text) for __aeabi_idivmod
    mcg_kl25.o(i.fbi_fee) refers to aeabi_sdiv.o(.text) for __aeabi_idivmod
    mcg_kl25.o(i.fbi_fee) refers to mcg_kl25.o(i.fll_freq) for fll_freq
    mcg_kl25.o(i.fbi_fei) refers to mcg_kl25.o(i.fll_freq) for fll_freq
    mcg_kl25.o(i.fee_fbi) refers to aeabi_sdiv.o(.text) for __aeabi_idivmod
    mcg_kl25.o(i.fee_fei) refers to mcg_kl25.o(i.fll_freq) for fll_freq
    mcg_kl25.o(i.fei_fbi) refers to aeabi_sdiv.o(.text) for __aeabi_idivmod
    mcg_kl25.o(i.fei_fee) refers to aeabi_sdiv.o(.text) for __aeabi_idivmod
    mcg_kl25.o(i.fei_fee) refers to mcg_kl25.o(i.fll_freq) for fll_freq
    mcg_kl25.o(i.pbe_pee) refers to aeabi_sdiv.o(.text) for __aeabi_idivmod
    mcg_kl25.o(i.pll_init) refers to aeabi_sdiv.o(.text) for __aeabi_idivmod
    tss_sensor.o(i.TSS_SensorInit) refers to tss_main.o(i.TSS_BrowseModules) for TSS_BrowseModules
    tss_sensor.o(i.TSS_SensorInit) refers to tss_sensor.o(i.TSS_SensorInitCallback) for TSS_SensorInitCallback
    tss_sensor.o(i.TSS_SensorInitCallback) refers to tss_sensor.o(.constdata) for tss_acp8ElectrodeROMData
    tss_sensor.o(.constdata) refers to tss_sensortsil.o(i.TSIL_SampleElectrode) for TSIL_SampleElectrode
    tss_sensor.o(.constdata) refers to tss_sensor.o(i.TSS_SampleElectrodeLowE0) for TSS_SampleElectrodeLowE0
    tss_sensor.o(.constdata) refers to tss_sensor.o(i.TSS_SampleElectrodeLowE1) for TSS_SampleElectrodeLowE1
    tss_sensor.o(.constdata) refers to tss_sensortsil.o(.constdata) for TSS_E0_ROMDATA_CONTEXT
    tss_sensor.o(.data) refers to tss_sensortsil.o(.data) for TSS_E0_RAMDATA_CONTEXT
    tss_sensortsil.o(i.TSIL_HandleMeasurement) refers to tss_systemsetupdata.o(.bss) for tss_CSSys
    tss_sensortsil.o(i.TSIL_InitLowPower) refers to tss_systemsetupdata.o(.bss) for tss_CSSys
    tss_sensortsil.o(i.TSIL_InitPEN) refers to tss_systemsetupdata.o(.bss) for tss_CSSys
    tss_sensortsil.o(i.TSIL_InitPEN) refers to tss_sensor.o(.constdata) for tss_acp8ElectrodeROMData
    tss_sensortsil.o(i.TSIL_InitPEN) refers to tss_systemsetupdata.o(.data) for tss_au8ElectrodeEnablers
    tss_sensortsil.o(i.TSIL_InitThresholds) refers to tss_systemsetupdata.o(.bss) for tss_CSSys
    tss_sensortsil.o(i.TSIL_InitThresholds) refers to tss_sensor.o(.constdata) for tss_acp8ElectrodeROMData
    tss_sensortsil.o(i.TSIL_InitTrigger) refers to tss_systemsetupdata.o(.bss) for tss_CSSys
    tss_sensortsil.o(i.TSIL_InitTrigger) refers to tss_sensor.o(.constdata) for tss_acp8ElectrodeROMData
    tss_sensortsil.o(i.TSIL_MethodControl) refers to tss_cpp_arotary.o(i.__ARM_common_switch8) for __ARM_common_switch8
    tss_sensortsil.o(i.TSIL_MethodControl) refers to tss_sensortsil.o(i.TSIL_InitModule) for TSIL_InitModule
    tss_sensortsil.o(i.TSIL_MethodControl) refers to tss_sensortsil.o(i.TSIL_SetNSamples) for TSIL_SetNSamples
    tss_sensortsil.o(i.TSIL_MethodControl) refers to tss_sensortsil.o(i.TSIL_InitLowPower) for TSIL_InitLowPower
    tss_sensortsil.o(i.TSIL_MethodControl) refers to tss_sensortsil.o(i.TSIL_InitPEN) for TSIL_InitPEN
    tss_sensortsil.o(i.TSIL_MethodControl) refers to tss_sensortsil.o(i.TSIL_Recalibrate) for TSIL_Recalibrate
[...]
    i.TSS_KeyDetectorDCTrackerEvalExecution  0x00002514   Section        0  tss_keydetector.o(i.TSS_KeyDetectorDCTrackerEvalExecution)
    TSS_KeyDetectorDCTrackerEvalExecution    0x00002515   Thumb Code    50  tss_keydetector.o(i.TSS_KeyDetectorDCTrackerEvalExecution)
    i.TSS_KeyDetectorElectrodeStatusUpdate   0x00002550   Section        0  tss_keydetector.o(i.TSS_KeyDetectorElectrodeStatusUpdate)
    i.TSS_KeyDetectorFaultDecoder            0x00002580   Section        0  tss_keydetector.o(i.TSS_KeyDetectorFaultDecoder)
    TSS_KeyDetectorFaultDecoder              0x00002581   Thumb Code    38  tss_keydetector.o(i.TSS_KeyDetectorFaultDecoder)
    i.TSS_KeyDetectorFillDeltaLogBuffer      0x000025a8   Section        0  tss_keydetector.o(i.TSS_KeyDetectorFillDeltaLogBuffer)
    i.TSS_KeyDetectorFillSignalLogBuffer     0x000025b8   Section        0  tss_keydetector.o(i.TSS_KeyDetectorFillSignalLogBuffer)
    i.TSS_KeyDetectorGetDCTrackerCounter     0x000025cc   Section        0  tss_keydetector.o(i.TSS_KeyDetectorGetDCTrackerCounter)
    i.TSS_KeyDetectorGetElectrodeEnablerStatus 0x000025d8   Section        0  tss_keydetector.o(i.TSS_KeyDetectorGetElectrodeEnablerStatus)
    i.TSS_KeyDetectorGetElectrodeGroupStatus 0x00002618   Section        0  tss_keydetector.o(i.TSS_KeyDetectorGetElectrodeGroupStatus)
    i.TSS_KeyDetectorGetShieldElectrodeReleaseStatus 0x00002658   Section        0  tss_keydetector.o(i.TSS_KeyDetectorGetShieldElectrodeReleaseStatus)
    i.TSS_KeyDetectorGetSlowDCTrackerCounter 0x00002698   Section        0  tss_keydetector.o(i.TSS_KeyDetectorGetSlowDCTrackerCounter)
    i.TSS_KeyDetectorInit                    0x000026a4   Section        0  tss_keydetector.o(i.TSS_KeyDetectorInit)
    i.TSS_KeyDetectorInitPrevCapSample       0x000026e4   Section        0  tss_filters.o(i.TSS_KeyDetectorInitPrevCapSample)
    i.TSS_KeyDetectorMain                    0x000026f8   Section        0  tss_keydetector.o(i.TSS_KeyDetectorMain)
    i.TSS_KeyDetectorRecalibrateElectrode    0x00002890   Section        0  tss_keydetector.o(i.TSS_KeyDetectorRecalibrateElectrode)
    TSS_KeyDetectorRecalibrateElectrode      0x00002891   Thumb Code   124  tss_keydetector.o(i.TSS_KeyDetectorRecalibrateElectrode)
    i.TSS_KeyDetectorRecalibrateModules      0x00002918   Section        0  tss_keydetector.o(i.TSS_KeyDetectorRecalibrateModules)
    i.TSS_KeyDetectorRecalibrationRequest    0x0000292c   Section        0  tss_keydetector.o(i.TSS_KeyDetectorRecalibrationRequest)
    i.TSS_KeyDetectorReleaseElectrode        0x0000293c   Section        0  tss_keydetector.o(i.TSS_KeyDetectorReleaseElectrode)
    i.TSS_KeyDetectorResetElectrode          0x00002960   Section        0  tss_keydetector.o(i.TSS_KeyDetectorResetElectrode)
    i.TSS_KeyDetectorResetElectrodeDebouncing 0x00002974   Section        0  tss_keydetector.o(i.TSS_KeyDetectorResetElectrodeDebouncing)
    i.TSS_KeyDetectorResetElectrodeMeasured  0x00002990   Section        0  tss_keydetector.o(i.TSS_KeyDetectorResetElectrodeMeasured)
    i.TSS_KeyDetectorResetStuckKeyCounter    0x000029b4   Section        0  tss_keydetector.o(i.TSS_KeyDetectorResetStuckKeyCounter)
    i.TSS_KeyDetectorRestartElectrode        0x000029c0   Section        0  tss_keydetector.o(i.TSS_KeyDetectorRestartElectrode)
    i.TSS_KeyDetectorSignalDivider           0x00002a04   Section        0  tss_filters.o(i.TSS_KeyDetectorSignalDivider)
    i.TSS_LowPowerConfig                     0x00002a20   Section        0  tss_main.o(i.TSS_LowPowerConfig)
    i.TSS_SampleElectrodeLowE0               0x00002ac0   Section        0  tss_sensor.o(i.TSS_SampleElectrodeLowE0)
    i.TSS_SampleElectrodeLowE1               0x00002ac4   Section        0  tss_sensor.o(i.TSS_SampleElectrodeLowE1)
    i.TSS_SensorInit                         0x00002ac8   Section        0  tss_sensor.o(i.TSS_SensorInit)
    i.TSS_SensorInitCallback                 0x00002adc   Section        0  tss_sensor.o(i.TSS_SensorInitCallback)
    i.TSS_SetASliderConfig                   0x00002af8   Section        0  tss_asliderdecoder.o(i.TSS_SetASliderConfig)
    i.TSS_SetControlElectrodesEnablers       0x00002bf4   Section        0  tss_main.o(i.TSS_SetControlElectrodesEnablers)
    i.TSS_SetControlPrivateData              0x00002c94   Section        0  tss_main.o(i.TSS_SetControlPrivateData)
    i.TSS_SetSystemConfig                    0x00002ca8   Section        0  tss_main.o(i.TSS_SetSystemConfig)
    i.TSS_SubUInt16WithUInt16ToSInt16        0x00002fd0   Section        0  tss_filters.o(i.TSS_SubUInt16WithUInt16ToSInt16)
    i.TSS_TSI0Isr                            0x00002ffc   Section        0  tss_sensortsil.o(i.TSS_TSI0Isr)
    i.TSS_Task                               0x00003110   Section        0  tss_main.o(i.TSS_Task)
    i.TSS_TriggerConfig                      0x000031e0   Section        0  tss_main.o(i.TSS_TriggerConfig)
    i.TSS_TriggerControl                     0x0000324c   Section        0  tss_main.o(i.TSS_TriggerControl)
    i.TSS_fOnInit                            0x00003290   Section        0  main.o(i.TSS_fOnInit)
    i._Z15myFaultCallbackPN3tss9TSSSystemENS_14TSSSystemEventEh 0x00003298   Section        0  main.o(i._Z15myFaultCallbackPN3tss9TSSSystemENS_14TSSSystemEventEh)
    i._Z18myCallbackMovementPN3tss10TSSASliderENS0_12ASliderEventEh 0x000032b4   Section        0  main.o(i._Z18myCallbackMovementPN3tss10TSSASliderENS0_12ASliderEventEh)
    i._Z20myCallbackAllReleasePN3tss10TSSASliderENS0_12ASliderEventEh 0x000032f0   Section        0  main.o(i._Z20myCallbackAllReleasePN3tss10TSSASliderENS0_12ASliderEventEh)
    i._Z8led_initv                           0x00003308   Section        0  main.o(i._Z8led_initv)
    i._ZN3tss10TSSASlider10onMovementEh      0x00003328   Section        0  tss_cpp_aslider.o(i._ZN3tss10TSSASlider10onMovementEh)
    i._ZN3tss10TSSASlider11regCallbackEPFvPS0_NS0_12ASliderEventEhES2_ 0x0000332a   Section        0  main.o(i._ZN3tss10TSSASlider11regCallbackEPFvPS0_NS0_12ASliderEventEhES2_)
    i._ZN3tss10TSSASlider12getCallbacksEPPPFvPNS_10TSSControlEhhE 0x0000333e   Section        0  tss_cpp_aslider.o(i._ZN3tss10TSSASlider12getCallbacksEPPPFvPNS_10TSSControlEhhE)
    i._ZN3tss10TSSASlider12onAllReleaseEh    0x0000334a   Section        0  tss_cpp_aslider.o(i._ZN3tss10TSSASlider12onAllReleaseEh)
    i._ZN3tss10TSSASlider14onInitialTouchEh  0x0000334c   Section        0  tss_cpp_aslider.o(i._ZN3tss10TSSASlider14onInitialTouchEh)
    i._ZN3tss10TSSASlider15callbackControlEv 0x0000334e   Section        0  tss_cpp_aslider.o(i._ZN3tss10TSSASlider15callbackControlEv)
    i._ZN3tss10TSSASlider6enableENS_14TSSControlFlagE 0x000033c6   Section        0  tss_cpp_aslider.o(i._ZN3tss10TSSASlider6enableENS_14TSSControlFlagE)
    i._ZN3tss10TSSASliderC1Eh                0x00003424   Section        0  tss_cpp_aslider.o(i._ZN3tss10TSSASliderC1Eh)
    i._ZN3tss17TSSControlFactory16createTSSControlEh 0x0000348c   Section        0  tss_cpp.o(i._ZN3tss17TSSControlFactory16createTSSControlEh)
    i._ZN3tss20aslider_get_internalEtPK13TSS_CSASlider 0x000034bc   Section        0  tss_cpp_aslider.o(i._ZN3tss20aslider_get_internalEtPK13TSS_CSASlider)
    tss::aslider_get_internal(unsigned short, const TSS_CSASlider*) 0x000034bd   Thumb Code    98  tss_cpp_aslider.o(i._ZN3tss20aslider_get_internalEtPK13TSS_CSASlider)
    i._ZN3tss9TSSSystem12getCallbacksEPPPFvPS0_NS_14TSSSystemEventEhE 0x00003524   Section        0  tss_cpp.o(i._ZN3tss9TSSSystem12getCallbacksEPPPFvPS0_NS_14TSSSystemEventEhE)
    i._ZN3tss9TSSSystem12getTSSSystemEv      0x00003530   Section        0  tss_cpp.o(i._ZN3tss9TSSSystem12getTSSSystemEv)
    i._ZN3tss9TSSSystem17callbackSysFaultsENS_14TSSSystemEventEh 0x00003574   Section        0  tss_cpp.o(i._ZN3tss9TSSSystem17callbackSysFaultsENS_14TSSSystemEventEh)
    i._ZN3tss9TSSSystem3setENS_15TSSSystemConfigEt 0x0000359a   Section        0  tss_cpp.o(i._ZN3tss9TSSSystem3setENS_15TSSSystemConfigEt)
    i._ZN3tss9TSSSystem6enableENS_13TSSSystemFlagE 0x000035b8   Section        0  tss_cpp.o(i._ZN3tss9TSSSystem6enableENS_13TSSSystemFlagE)
    i._ZN3tss9TSSSystem7onFaultENS_14TSSSystemEventEh 0x000035ec   Section        0  tss_cpp.o(i._ZN3tss9TSSSystem7onFaultENS_14TSSSystemEventEh)
    i._ZN3tss9TSSSystemC1Ev                  0x000035f0   Section        0  tss_cpp.o(i._ZN3tss9TSSSystemC1Ev)
    i._ZN3tss9TSSSystemD1Ev                  0x00003638   Section        0  tss_cpp.o(i._ZN3tss9TSSSystemD1Ev)
    i._ZNK3tss10TSSASlider16getControlStructEv 0x0000363a   Section        0  tss_cpp_aslider.o(i._ZNK3tss10TSSASlider16getControlStructEv)
    i._ZNK3tss10TSSASlider3getENS_16TSSControlConfigE 0x00003644   Section        0  tss_cpp_aslider.o(i._ZNK3tss10TSSASlider3getENS_16TSSControlConfigE)
    i._Znwj                                  0x00003670   Section        0  new.o(i._Znwj)
    i.__ARM_common_switch8                   0x00003698   Section        0  tss_cpp_arotary.o(i.__ARM_common_switch8)
    i.__aeabi_atexit                         0x000036b4   Section        0  aeabi_atexit.o(i.__aeabi_atexit)
    i.__cxa_finalize                         0x000036e0   Section        0  cxa_finalize.o(i.__cxa_finalize)
    i.__cxa_guard_acquire                    0x00003722   Section        0  cxa_guard_acquire.o(i.__cxa_guard_acquire)
    i.__cxa_pure_virtual                     0x00003734   Section        0  pure_virt.o(i.__cxa_pure_virtual)
    i.callbackControlHelper                  0x0000373e   Section        0  tss_cpp.o(i.callbackControlHelper)
    i.callbackFaultHelper                    0x00003760   Section        0  tss_cpp.o(i.callbackFaultHelper)
    i.clk_out_init                           0x000037bc   Section        0  sysinit_kl25.o(i.clk_out_init)
    i.main                                   0x000037dc   Section        0  main.o(i.main)
    i.pll_init                               0x00003844   Section        0  mcg_kl25.o(i.pll_init)
    i.sysinit                                0x00003b60   Section        0  sysinit_kl25.o(i.sysinit)
    i.wdog_disable                           0x00003c08   Section        0  wdog_kl25.o(i.wdog_disable)
    t._ZN3tss11TSSCallbackIPFvPNS_10TSSControlEhhEhE11regCallbackES4_h 0x00003c14   Section        0  main.o(t._ZN3tss11TSSCallbackIPFvPNS_10TSSControlEhhEhE11regCallbackES4_h)
    t._ZN3tss11TSSCallbackIPFvPNS_9TSSSystemENS_14TSSSystemEventEhES3_E11regCallbackES5_S3_ 0x00003c3e   Section        0  main.o(t._ZN3tss11TSSCallbackIPFvPNS_9TSSSystemENS_14TSSSystemEventEhES3_E11regCallbackES5_S3_)
    .constdata                               0x00003c68   Section       24  tss_sensor.o(.constdata)
    .constdata                               0x00003c80   Section       44  tss_sensortsil.o(.constdata)
    .constdata                               0x00003cac   Section      244  tss_systemsetupdata.o(.constdata)
    .constdata__ZTVN3tss10TSSASliderE        0x00003da0   Section       52  tss_cpp_aslider.o(.constdata__ZTVN3tss10TSSASliderE)
    .constdata__ZTVN3tss10TSSControlE        0x00003dd4   Section       40  tss_cpp.o(.constdata__ZTVN3tss10TSSControlE)
    .constdata__ZTVN3tss11TSSCallbackIPFvPNS_10TSSControlEhhEhEE 0x00003dfc   Section       12  tss_cpp_arotary.o(.constdata__ZTVN3tss11TSSCallbackIPFvPNS_10TSSControlEhhEhEE)
    .constdata__ZTVN3tss11TSSCallbackIPFvPNS_9TSSSystemENS_14TSSSystemEventEhES3_EE 0x00003e08   Section       12  tss_cpp.o(.constdata__ZTVN3tss11TSSCallbackIPFvPNS_9TSSSystemENS_14TSSSystemEventEhES3_EE)
    .constdata__ZTVN3tss9TSSSystemE          0x00003e14   Section       16  tss_cpp.o(.constdata__ZTVN3tss9TSSSystemE)
    .data                                    0x20000000   Section        4  sysinit_kl25.o(.data)
    .data                                    0x20000004   Section       24  tss_sensor.o(.data)
    .data                                    0x2000001c   Section        2  tss_sensortsil.o(.data)
    .data                                    0x20000020   Section       74  tss_systemsetupdata.o(.data)
    .data                                    0x2000006c   Section        8  main.o(.data)
    .data                                    0x20000074   Section       12  tss_cpp.o(.data)
    _ZGV_ZZN3tss9TSSSystem12getTSSSystemEvE12tss_instance 0x20000074   Data           4  tss_cpp.o(.data)
    tss::TSSSystem::getTSSSystem()::tss_instance 0x20000078   Data           8  tss_cpp.o(.data)
    .data                                    0x20000080   Section        8  tss_keydetector.o(.data)
    g_u8ElectrodeCommand                     0x20000080   Data           1  tss_keydetector.o(.data)
    u8TriggerProcessElectrode                0x20000081   Data           1  tss_keydetector.o(.data)
    u8MeasurementStatus                      0x20000082   Data           1  tss_keydetector.o(.data)
    g_u8DCTrackCounter                       0x20000083   Data           1  tss_keydetector.o(.data)
    g_u8SlowDCTrackCounter                   0x20000084   Data           1  tss_keydetector.o(.data)
    g_u8KeyDetectorElecIndex                 0x20000085   Data           1  tss_keydetector.o(.data)
    .data                                    0x20000088   Section        8  tss_main.o(.data)
    u8TriggerCounter                         0x20000088   Data           1  tss_main.o(.data)
    g_u8APIFunctionRunFlag                   0x20000089   Data           1  tss_main.o(.data)
    g_u16Size                                0x2000008a   Data           2  tss_main.o(.data)
    g_pu8DataAddr                            0x2000008c   Data           4  tss_main.o(.data)
    .bss                                     0x20000090   Section       42  tss_sensortsil.o(.bss)
    .bss                                     0x200000ba   Section       56  tss_systemsetupdata.o(.bss)
    .bss                                     0x200000f4   Section       96  libspace.o(.bss)
    HEAP                                     0x20000158   Section      512  startup_mkl25z4.o(HEAP)
    Heap_Mem                                 0x20000158   Data         512  startup_mkl25z4.o(HEAP)
    STACK                                    0x20000358   Section      512  startup_mkl25z4.o(STACK)
    Stack_Mem                                0x20000358   Data         512  startup_mkl25z4.o(STACK)
    __initial_sp                             0x20000558   Data           0  startup_mkl25z4.o(STACK)

    Global Symbols

    Symbol Name                              Value     Ov Type        Size  Object(Section)

    BuildAttributes$$THM_ISAv3M$S$PE$A:L22$X:L11$S22$IEEE1$IW$USESV6$~STKCKD$USESV7$~SHL$OTIME$ROPI$EBA8$UX$STANDARDLIB$REQ8$PRES8$EABIv2 0x00000000   Number         0  anon$$obj.o ABSOLUTE
    __ARM_use_no_argv                        0x00000000   Number         0  main.o ABSOLUTE
    __Vectors                                0x00000000   Data           4  startup_mkl25z4.o(RESET)
    __dso_handle                             0x00000000   Number         0  startup_mkl25z4.o(RESET)
    SHT$$ARM_EXIDX$$Base                      - Undefined Reference
    SHT$$ARM_EXIDX$$Limit                     - Undefined Reference
    __ARM::default_unexpected_handler()       - Undefined Weak Reference
    __ARM_exceptions_buffer_required          - Undefined Weak Reference
    __ARM_exceptions_init                     - Undefined Weak Reference
    __aeabi_unwind_cpp_pr1                    - Undefined Weak Reference
    __aeabi_unwind_cpp_pr2                    - Undefined Weak Reference
    __alloca_initialize                       - Undefined Weak Reference
    __arm_preinit_                            - Undefined Weak Reference
    __cpp_initialize__aeabi_                  - Undefined Weak Reference
    __cxa_begin_cleanup                       - Undefined Weak Reference
    __cxa_type_match                          - Undefined Weak Reference
    __rt_locale                               - Undefined Weak Reference
    __sigvec_lookup                           - Undefined Weak Reference
    __user_heap_extent                        - Undefined Weak Reference
    _atexit_init                              - Undefined Weak Reference
    _call_atexit_fns                          - Undefined Weak Reference
    _clock_init                               - Undefined Weak Reference
    _fp_trap_init                             - Undefined Weak Reference
    _fp_trap_shutdown                         - Undefined Weak Reference
    _get_lc_collate                           - Undefined Weak Reference
    _get_lc_ctype                             - Undefined Weak Reference
    _get_lc_monetary                          - Undefined Weak Reference
    _get_lc_numeric                           - Undefined Weak Reference
    _get_lc_time                              - Undefined Weak Reference
    _getenv_init                              - Undefined Weak Reference
    _handle_redirection                       - Undefined Weak Reference
    _initio                                   - Undefined Weak Reference
    _mutex_acquire                            - Undefined Weak Reference
    _mutex_free                               - Undefined Weak Reference
    _mutex_release                            - Undefined Weak Reference
    _rand_init                                - Undefined Weak Reference
    _signal_finish                            - Undefined Weak Reference
    _signal_init                              - Undefined Weak Reference
    _terminateio                              - Undefined Weak Reference
    __Vectors_End                            0x000000c0   Data           0  startup_mkl25z4.o(RESET)
    __Vectors_Size                           0x000000c0   Number         0  startup_mkl25z4.o ABSOLUTE
    __main                                   0x000000c1   Thumb Code     8  __main.o(!!!main)
    __scatterload                            0x000000c9   Thumb Code     0  __scatter.o(!!!scatter)
    __scatterload_rt2                        0x000000c9   Thumb Code    52  __scatter.o(!!!scatter)
    __scatterload_rt2_thumb_only             0x000000c9   Thumb Code     0  __scatter.o(!!!scatter)
    __scatterload_null                       0x000000d9   Thumb Code     0  __scatter.o(!!!scatter)
    __scatterload_copy                       0x00000105   Thumb Code    26  __scatter_copy.o(!!handler_copy)
    __scatterload_zeroinit                   0x00000121   Thumb Code    28  __scatter_zi.o(!!handler_zi)
    __rt_lib_init                            0x0000013d   Thumb Code     0  libinit.o(.ARM.Collect$$libinit$$00000000)
    __rt_lib_init_fp_1                       0x0000013f   Thumb Code     0  libinit2.o(.ARM.Collect$$libinit$$00000002)
    __rt_lib_init_heap_2                     0x0000013f   Thumb Code     0  libinit2.o(.ARM.Collect$$libinit$$00000005)
    __rt_lib_init_preinit_1                  0x0000013f   Thumb Code     0  libinit2.o(.ARM.Collect$$libinit$$00000004)
    __rt_lib_init_alloca_1                   0x00000147   Thumb Code     0  libinit2.o(.ARM.Collect$$libinit$$0000002E)
    __rt_lib_init_argv_1                     0x00000147   Thumb Code     0  libinit2.o(.ARM.Collect$$libinit$$0000002C)
    __rt_lib_init_atexit_1                   0x00000147   Thumb Code     0  libinit2.o(.ARM.Collect$$libinit$$0000001B)
    __rt_lib_init_clock_1                    0x00000147   Thumb Code     0  libinit2.o(.ARM.Collect$$libinit$$00000021)
    __rt_lib_init_cpp_1                      0x00000147   Thumb Code     0  libinit2.o(.ARM.Collect$$libinit$$00000032)
    __rt_lib_init_exceptions_1               0x00000147   Thumb Code     0  libinit2.o(.ARM.Collect$$libinit$$00000030)
    __rt_lib_init_fp_trap_1                  0x00000147   Thumb Code     0  libinit2.o(.ARM.Collect$$libinit$$0000001F)
    __rt_lib_init_getenv_1                   0x00000147   Thumb Code     0  libinit2.o(.ARM.Collect$$libinit$$00000023)
    __rt_lib_init_heap_1                     0x00000147   Thumb Code     0  libinit2.o(.ARM.Collect$$libinit$$0000000A)
    __rt_lib_init_lc_collate_1               0x00000147   Thumb Code     0  libinit2.o(.ARM.Collect$$libinit$$00000011)
    __rt_lib_init_lc_ctype_1                 0x00000147   Thumb Code     0  libinit2.o(.ARM.Collect$$libinit$$00000013)
    __rt_lib_init_lc_monetary_1              0x00000147   Thumb Code     0  libinit2.o(.ARM.Collect$$libinit$$00000015)
    __rt_lib_init_lc_numeric_1               0x00000147   Thumb Code     0  libinit2.o(.ARM.Collect$$libinit$$00000017)
    __rt_lib_init_lc_time_1                  0x00000147   Thumb Code     0  libinit2.o(.ARM.Collect$$libinit$$00000019)
    __rt_lib_init_rand_1                     0x00000147   Thumb Code     0  libinit2.o(.ARM.Collect$$libinit$$0000000E)
    __rt_lib_init_return                     0x00000147   Thumb Code     0  libinit2.o(.ARM.Collect$$libinit$$00000033)
    __rt_lib_init_signal_1                   0x00000147   Thumb Code     0  libinit2.o(.ARM.Collect$$libinit$$0000001D)
    __rt_lib_init_stdio_1                    0x00000147   Thumb Code     0  libinit2.o(.ARM.Collect$$libinit$$00000025)
    __rt_lib_init_user_alloc_1               0x00000147   Thumb Code     0  libinit2.o(.ARM.Collect$$libinit$$0000000C)
    __rt_lib_shutdown                        0x00000149   Thumb Code     0  libshutdown.o(.ARM.Collect$$libshutdown$$00000000)
    __rt_lib_shutdown_cpp_1                  0x0000014b   Thumb Code     0  libshutdown2.o(.ARM.Collect$$libshutdown$$00000001)
    __rt_lib_shutdown_fp_trap_1              0x00000151   Thumb Code     0  libshutdown2.o(.ARM.Collect$$libshutdown$$00000006)
    __rt_lib_shutdown_heap_1                 0x00000151   Thumb Code     0  libshutdown2.o(.ARM.Collect$$libshutdown$$0000000E)
    __rt_lib_shutdown_return                 0x00000151   Thumb Code     0  libshutdown2.o(.ARM.Collect$$libshutdown$$0000000F)
    __rt_lib_shutdown_signal_1               0x00000151   Thumb Code     0  libshutdown2.o(.ARM.Collect$$libshutdown$$00000009)
    __rt_lib_shutdown_stdio_1                0x00000151   Thumb Code     0  libshutdown2.o(.ARM.Collect$$libshutdown$$00000003)
    __rt_lib_shutdown_user_alloc_1           0x00000151   Thumb Code     0  libshutdown2.o(.ARM.Collect$$libshutdown$$0000000B)
    __rt_entry                               0x00000153   Thumb Code     0  __rtentry.o(.ARM.Collect$$rtentry$$00000000)
    __rt_entry_presh_1                       0x00000153   Thumb Code     0  __rtentry2.o(.ARM.Collect$$rtentry$$00000002)
    __rt_entry_sh                            0x00000153   Thumb Code     0  __rtentry4.o(.ARM.Collect$$rtentry$$00000004)
    __rt_entry_li                            0x00000159   Thumb Code     0  __rtentry2.o(.ARM.Collect$$rtentry$$0000000A)
    __rt_entry_postsh_1                      0x00000159   Thumb Code     0  __rtentry2.o(.ARM.Collect$$rtentry$$00000009)
    __rt_entry_main                          0x0000015d   Thumb Code     0  __rtentry2.o(.ARM.Collect$$rtentry$$0000000D)
    __rt_entry_postli_1                      0x0000015d   Thumb Code     0  __rtentry2.o(.ARM.Collect$$rtentry$$0000000C)
    __rt_exit                                0x00000165   Thumb Code     0  rtexit.o(.ARM.Collect$$rtexit$$00000000)
    __rt_exit_ls                             0x00000167   Thumb Code     0  rtexit2.o(.ARM.Collect$$rtexit$$00000003)
    __rt_exit_prels_1                        0x00000167   Thumb Code     0  rtexit2.o(.ARM.Collect$$rtexit$$00000002)
    __rt_exit_exit                           0x0000016b   Thumb Code     0  rtexit2.o(.ARM.Collect$$rtexit$$00000004)
    Reset_Handler                            0x00000171   Thumb Code     8  startup_mkl25z4.o(.text)
    _maybe_terminate_alloc                   0x00000171   Thumb Code     0  maybetermalloc1.o(.emb_text)
    NMI_Handler                              0x00000179   Thumb Code     2  startup_mkl25z4.o(.text)
    HardFault_Handler                        0x0000017b   Thumb Code     2  startup_mkl25z4.o(.text)
    SVC_Handler                              0x0000017d   Thumb Code     2  startup_mkl25z4.o(.text)
    PendSV_Handler                           0x0000017f   Thumb Code     2  startup_mkl25z4.o(.text)
    SysTick_Handler                          0x00000181   Thumb Code     2  startup_mkl25z4.o(.text)
    ADC0_IRQHandler                          0x00000183   Thumb Code     0  startup_mkl25z4.o(.text)
    CMP0_IRQHandler                          0x00000183   Thumb Code     0  startup_mkl25z4.o(.text)
    DAC0_IRQHandler                          0x00000183   Thumb Code     0  startup_mkl25z4.o(.text)
    DMA0_IRQHandler                          0x00000183   Thumb Code     0  startup_mkl25z4.o(.text)
    DMA1_IRQHandler                          0x00000183   Thumb Code     0  startup_mkl25z4.o(.text)
    DMA2_IRQHandler                          0x00000183   Thumb Code     0  startup_mkl25z4.o(.text)
    DMA3_IRQHandler                          0x00000183   Thumb Code     0  startup_mkl25z4.o(.text)
    DefaultISR                               0x00000183   Thumb Code     0  startup_mkl25z4.o(.text)
    FTFA_IRQHandler                          0x00000183   Thumb Code     0  startup_mkl25z4.o(.text)
    I2C0_IRQHandler                          0x00000183   Thumb Code     0  startup_mkl25z4.o(.text)
    I2C1_IRQHandler                          0x00000183   Thumb Code     0  startup_mkl25z4.o(.text)
    LLW_IRQHandler                           0x00000183   Thumb Code     0  startup_mkl25z4.o(.text)
    LPTimer_IRQHandler                       0x00000183   Thumb Code     0  startup_mkl25z4.o(.text)
    LVD_LVW_IRQHandler                       0x00000183   Thumb Code     0  startup_mkl25z4.o(.text)
    MCG_IRQHandler                           0x00000183   Thumb Code     0  startup_mkl25z4.o(.text)
    PIT_IRQHandler                           0x00000183   Thumb Code     0  startup_mkl25z4.o(.text)
    PORTA_IRQHandler                         0x00000183   Thumb Code     0  startup_mkl25z4.o(.text)
    PORTD_IRQHandler                         0x00000183   Thumb Code     0  startup_mkl25z4.o(.text)
    RTC_IRQHandler                           0x00000183   Thumb Code     0  startup_mkl25z4.o(.text)
    RTC_Seconds_IRQHandler                   0x00000183   Thumb Code     0  startup_mkl25z4.o(.text)
    Reserved20_IRQHandler                    0x00000183   Thumb Code     0  startup_mkl25z4.o(.text)
    Reserved39_IRQHandler                    0x00000183   Thumb Code     0  startup_mkl25z4.o(.text)
    Reserved45_IRQHandler                    0x00000183   Thumb Code     0  startup_mkl25z4.o(.text)
    SPI0_IRQHandler                          0x00000183   Thumb Code     0  startup_mkl25z4.o(.text)
    SPI1_IRQHandler                          0x00000183   Thumb Code     0  startup_mkl25z4.o(.text)
    TPM0_IRQHandler                          0x00000183   Thumb Code     0  startup_mkl25z4.o(.text)
    TPM1_IRQHandler                          0x00000183   Thumb Code     0  startup_mkl25z4.o(.text)
    TPM2_IRQHandler                          0x00000183   Thumb Code     0  startup_mkl25z4.o(.text)
    TSI0_IRQHandler                          0x00000183   Thumb Code     0  startup_mkl25z4.o(.text)
    UART0_IRQHandler                         0x00000183   Thumb Code     0  startup_mkl25z4.o(.text)
    UART1_IRQHandler                         0x00000183   Thumb Code     0  startup_mkl25z4.o(.text)
    UART2_IRQHandler                         0x00000183   Thumb Code     0  startup_mkl25z4.o(.text)
    USB0_IRQHandler                          0x00000183   Thumb Code     0  startup_mkl25z4.o(.text)
    __user_initial_stackheap                 0x00000185   Thumb Code     0  startup_mkl25z4.o(.text)
    __aeabi_uidiv                            0x000001a9   Thumb Code     0  aeabi_sdiv.o(.text)
    __aeabi_uidivmod                         0x000001a9   Thumb Code    20  aeabi_sdiv.o(.text)
    __aeabi_idiv                             0x000001bd   Thumb Code     0  aeabi_sdiv.o(.text)
    __aeabi_idivmod                          0x000001bd   Thumb Code   326  aeabi_sdiv.o(.text)
    __use_two_region_memory                  0x00000303   Thumb Code     2  heapauxi.o(.text)
    __rt_heap_escrow                         0x00000305   Thumb Code     2  heapauxi.o(.text)
    __rt_heap_expand                         0x00000307   Thumb Code     2  heapauxi.o(.text)
    __rt_new_handler_addr                    0x00000309   Thumb Code     8  rt_new_handler_addr_intlibspace.o(.text)
    __rt_ddtor_pointer_addr                  0x00000311   Thumb Code     8  rt_ddtor_pointer_addr_intlibspace.o(.text)
    malloc                                   0x00000319   Thumb Code    98  h1_alloc.o(.text)
    free                                     0x0000037b   Thumb Code    76  h1_free.o(.text)
    __rt_SIGPVFN                             0x000003c7   Thumb Code    12  defsig_pvfn_outer.o(.text)
    __default_new_handler()                  0x000003d3   Thumb Code     8  arm_newhandler_noexceptions.o(.text)
    __user_libspace                          0x000003dd   Thumb Code     8  libspace.o(.text)
    __user_perproc_libspace                  0x000003dd   Thumb Code     0  libspace.o(.text)
    __user_perthread_libspace                0x000003dd   Thumb Code     0  libspace.o(.text)
    __rt_heap_descriptor                     0x000003e5   Thumb Code     8  rt_heap_descriptor_intlibspace.o(.text)
    __use_no_heap                            0x000003ed   Thumb Code     2  hguard.o(.text)
    __heap$guard                             0x000003ef   Thumb Code     2  hguard.o(.text)
    __Heap_Initialize                        0x000003f1   Thumb Code    10  h1_init.o(.text)
    __Heap_DescSize                          0x000003fb   Thumb Code     4  h1_init.o(.text)
    __I$use$semihosting                      0x000003ff   Thumb Code     0  use_no_semi.o(.text)
    __use_no_semihosting_swi                 0x000003ff   Thumb Code     2  use_no_semi.o(.text)
    _terminate_user_alloc                    0x00000411   Thumb Code     2  init_alloc.o(.text)
    _init_user_alloc                         0x00000413   Thumb Code     2  init_alloc.o(.text)
    __Heap_Full                              0x00000415   Thumb Code    32  init_alloc.o(.text)
    __Heap_Broken                            0x00000435   Thumb Code    10  init_alloc.o(.text)
    _init_alloc                              0x0000043f   Thumb Code    90  init_alloc.o(.text)
    __sig_exit                               0x00000499   Thumb Code    12  defsig_exit.o(.text)
    __rt_SIGPVFN_inner                       0x000004a5   Thumb Code    14  defsig_pvfn_inner.o(.text)
    std::terminate()                         0x000004d5   Thumb Code    28  arm_exceptions_terminate.o(.text)
    __cxa_get_globals                        0x000004f7   Thumb Code    66  arm_exceptions_globs.o(.text)
    _sys_exit                                0x00000545   Thumb Code     8  sys_exit.o(.text)
    __user_setup_stackheap                   0x00000551   Thumb Code    62  sys_stackheap_outer.o(.text)
    __rt_eh_globals_addr                     0x00000591   Thumb Code     8  rt_eh_globals_addr_intlibspace.o(.text)
    __Heap_ProvideMemory                     0x00000599   Thumb Code    52  h1_extend.o(.text)
    exit                                     0x000005cd   Thumb Code    12  exit.o(.text)
    abort                                    0x000005d9   Thumb Code    16  abort.o(.text)
    __default_signal_display                 0x000005e9   Thumb Code    52  defsig_general.o(.text)
    __rt_SIGRTMEM                            0x0000061d   Thumb Code    12  defsig_rtmem_outer.o(.text)
    __ARM_exceptions_buffer_init             0x00000629   Thumb Code    18  arm_exceptions_mem.o(.text)
    __ARM_exceptions_buffer_allocate         0x0000063b   Thumb Code    26  arm_exceptions_mem.o(.text)
    __ARM_exceptions_buffer_free             0x00000655   Thumb Code    22  arm_exceptions_mem.o(.text)
    _ttywrch                                 0x0000066b   Thumb Code    12  sys_wrch.o(.text)
    __rt_SIGABRT                             0x00000677   Thumb Code    12  defsig_abrt_outer.o(.text)
    __semihosting_library_function           0x00000677   Thumb Code     0  indicate_semi.o(.text)
    __rt_SIGRTMEM_inner                      0x00000685   Thumb Code    22  defsig_rtmem_inner.o(.text)
    __rt_SIGABRT_inner                       0x000006d5   Thumb Code    14  defsig_abrt_inner.o(.text)
    InitDevices                              0x00000705   Thumb Code    48  board.o(i.InitDevices)
    SystemInit                               0x0000073d   Thumb Code    12  system_mkl25z4.o(i.SystemInit)
    TSIL_HandleMeasurement                   0x00000749   Thumb Code   134  tss_sensortsil.o(i.TSIL_HandleMeasurement)
    TSIL_InitLowPower                        0x000007d5   Thumb Code    66  tss_sensortsil.o(i.TSIL_InitLowPower)
    TSIL_InitModule                          0x0000081d   Thumb Code    22  tss_sensortsil.o(i.TSIL_InitModule)
    TSIL_InitPEN                             0x00000835   Thumb Code   266  tss_sensortsil.o(i.TSIL_InitPEN)
    TSIL_InitThresholds                      0x0000094d   Thumb Code   148  tss_sensortsil.o(i.TSIL_InitThresholds)
    TSIL_InitTrigger                         0x000009ed   Thumb Code   238  tss_sensortsil.o(i.TSIL_InitTrigger)
    TSIL_MethodControl                       0x00000aed   Thumb Code   322  tss_sensortsil.o(i.TSIL_MethodControl)
    TSIL_ReadCounter                         0x00000c35   Thumb Code   116  tss_sensortsil.o(i.TSIL_ReadCounter)
    TSIL_Recalibrate                         0x00000cb5   Thumb Code   762  tss_sensortsil.o(i.TSIL_Recalibrate)
    TSIL_SampleElectrode                     0x00000fbd   Thumb Code   354  tss_sensortsil.o(i.TSIL_SampleElectrode)
    TSIL_SetNSamples                         0x00001129   Thumb Code    46  tss_sensortsil.o(i.TSIL_SetNSamples)
    TSS_ASliderCalculatePosIIRFilter         0x0000115d   Thumb Code    94  tss_asliderdecoder.o(i.TSS_ASliderCalculatePosIIRFilter)
    TSS_ASliderDecoder                       0x000011c9   Thumb Code  1108  tss_asliderdecoder.o(i.TSS_ASliderDecoder)
    TSS_ASliderTrendControl                  0x00001621   Thumb Code   214  tss_asliderdecoder.o(i.TSS_ASliderTrendControl)
    TSS_ASliderTrendThreshold                0x0000170d   Thumb Code    30  tss_asliderdecoder.o(i.TSS_ASliderTrendThreshold)
    TSS_BrowseModules                        0x00001735   Thumb Code   134  tss_main.o(i.TSS_BrowseModules)
    TSS_CutSInt16ToSInt8                     0x000017c9   Thumb Code    22  tss_filters.o(i.TSS_CutSInt16ToSInt8)
    TSS_DataCorruptionCheck                  0x000017e1   Thumb Code   156  tss_main.o(i.TSS_DataCorruptionCheck)
    TSS_DecodersControl                      0x0000189d   Thumb Code   102  tss_main.o(i.TSS_DecodersControl)
    TSS_FaultEvaluation                      0x00001915   Thumb Code   106  tss_main.o(i.TSS_FaultEvaluation)
    TSS_GetASliderConfig                     0x00001991   Thumb Code    42  tss_asliderdecoder.o(i.TSS_GetASliderConfig)
    TSS_GetControlPrivateData                0x000019c5   Thumb Code    20  tss_main.o(i.TSS_GetControlPrivateData)
    TSS_GetControlStruct                     0x000019dd   Thumb Code    20  tss_main.o(i.TSS_GetControlStruct)
    TSS_GetSystemConfig                      0x000019f9   Thumb Code   230  tss_main.o(i.TSS_GetSystemConfig)
    TSS_IIRFilterEquation                    0x00001b09   Thumb Code    14  tss_systemsetupdata.o(i.TSS_IIRFilterEquation)
    TSS_Init                                 0x00001b19   Thumb Code    92  tss_main.o(i.TSS_Init)
    TSS_InitInternalArrays                   0x00001b85   Thumb Code    66  tss_main.o(i.TSS_InitInternalArrays)
    TSS_InitRegisterArrays                   0x00001bd9   Thumb Code    60  tss_main.o(i.TSS_InitRegisterArrays)
    TSS_InternalControlPrivateData           0x00001c31   Thumb Code    30  tss_main.o(i.TSS_InternalControlPrivateData)
    TSS_KeyBasicDeltaNoiseAnalysisIIRControl 0x00001c59   Thumb Code   108  tss_keydetectornormal.o(i.TSS_KeyBasicDeltaNoiseAnalysisIIRControl)
    TSS_KeyBasicDetect                       0x00001ccd   Thumb Code   378  tss_keydetectornormal.o(i.TSS_KeyBasicDetect)
    TSS_KeyBasicElectrodeEval                0x00001e65   Thumb Code   578  tss_keydetectornormal.o(i.TSS_KeyBasicElectrodeEval)
    TSS_KeyBasicGetSystemDataContext         0x00002169   Thumb Code    44  tss_keydetectornormal.o(i.TSS_KeyBasicGetSystemDataContext)
    TSS_KeyBasicNegativeBaselineDrop         0x0000219d   Thumb Code   114  tss_keydetectornormal.o(i.TSS_KeyBasicNegativeBaselineDrop)
    TSS_KeyBasicSensAutoCalibration          0x0000222d   Thumb Code   536  tss_keydetectornormal.o(i.TSS_KeyBasicSensAutoCalibration)
    TSS_KeyBasicStuckKeyControl              0x0000246d   Thumb Code    58  tss_keydetectornormal.o(i.TSS_KeyBasicStuckKeyControl)
    TSS_KeyDetectorCalculateDelta            0x000024b9   Thumb Code    22  tss_keydetector.o(i.TSS_KeyDetectorCalculateDelta)
    TSS_KeyDetectorCalculateIIRFilter        0x000024d9   Thumb Code    20  tss_filters.o(i.TSS_KeyDetectorCalculateIIRFilter)
    TSS_KeyDetectorCalibrate                 0x000024f5   Thumb Code    26  tss_keydetector.o(i.TSS_KeyDetectorCalibrate)
    TSS_KeyDetectorElectrodeStatusUpdate     0x00002551   Thumb Code    44  tss_keydetector.o(i.TSS_KeyDetectorElectrodeStatusUpdate)
    TSS_KeyDetectorFillDeltaLogBuffer        0x000025a9   Thumb Code    12  tss_keydetector.o(i.TSS_KeyDetectorFillDeltaLogBuffer)
    TSS_KeyDetectorFillSignalLogBuffer       0x000025b9   Thumb Code    12  tss_keydetector.o(i.TSS_KeyDetectorFillSignalLogBuffer)
    TSS_KeyDetectorGetDCTrackerCounter       0x000025cd   Thumb Code     6  tss_keydetector.o(i.TSS_KeyDetectorGetDCTrackerCounter)
    TSS_KeyDetectorGetElectrodeEnablerStatus 0x000025d9   Thumb Code    50  tss_keydetector.o(i.TSS_KeyDetectorGetElectrodeEnablerStatus)
    TSS_KeyDetectorGetElectrodeGroupStatus   0x00002619   Thumb Code    60  tss_keydetector.o(i.TSS_KeyDetectorGetElectrodeGroupStatus)
    TSS_KeyDetectorGetShieldElectrodeReleaseStatus 0x00002659   Thumb Code    52  tss_keydetector.o(i.TSS_KeyDetectorGetShieldElectrodeReleaseStatus)
    TSS_KeyDetectorGetSlowDCTrackerCounter   0x00002699   Thumb Code     6  tss_keydetector.o(i.TSS_KeyDetectorGetSlowDCTrackerCounter)
    TSS_KeyDetectorInit                      0x000026a5   Thumb Code    50  tss_keydetector.o(i.TSS_KeyDetectorInit)
    TSS_KeyDetectorInitPrevCapSample         0x000026e5   Thumb Code    12  tss_filters.o(i.TSS_KeyDetectorInitPrevCapSample)
    TSS_KeyDetectorMain                      0x000026f9   Thumb Code   364  tss_keydetector.o(i.TSS_KeyDetectorMain)
    TSS_KeyDetectorRecalibrateModules        0x00002919   Thumb Code    14  tss_keydetector.o(i.TSS_KeyDetectorRecalibrateModules)
    TSS_KeyDetectorRecalibrationRequest      0x0000292d   Thumb Code    16  tss_keydetector.o(i.TSS_KeyDetectorRecalibrationRequest)
    TSS_KeyDetectorReleaseElectrode          0x0000293d   Thumb Code    30  tss_keydetector.o(i.TSS_KeyDetectorReleaseElectrode)
    TSS_KeyDetectorResetElectrode            0x00002961   Thumb Code    16  tss_keydetector.o(i.TSS_KeyDetectorResetElectrode)
    TSS_KeyDetectorResetElectrodeDebouncing  0x00002975   Thumb Code    16  tss_keydetector.o(i.TSS_KeyDetectorResetElectrodeDebouncing)
    TSS_KeyDetectorResetElectrodeMeasured    0x00002991   Thumb Code    24  tss_keydetector.o(i.TSS_KeyDetectorResetElectrodeMeasured)
    TSS_KeyDetectorResetStuckKeyCounter      0x000029b5   Thumb Code     8  tss_keydetector.o(i.TSS_KeyDetectorResetStuckKeyCounter)
    TSS_KeyDetectorRestartElectrode          0x000029c1   Thumb Code    44  tss_keydetector.o(i.TSS_KeyDetectorRestartElectrode)
    TSS_KeyDetectorSignalDivider             0x00002a05   Thumb Code    18  tss_filters.o(i.TSS_KeyDetectorSignalDivider)
    TSS_LowPowerConfig                       0x00002a21   Thumb Code   150  tss_main.o(i.TSS_LowPowerConfig)
    TSS_SampleElectrodeLowE0                 0x00002ac1   Thumb Code     4  tss_sensor.o(i.TSS_SampleElectrodeLowE0)
    TSS_SampleElectrodeLowE1                 0x00002ac5   Thumb Code     4  tss_sensor.o(i.TSS_SampleElectrodeLowE1)
    TSS_SensorInit                           0x00002ac9   Thumb Code    16  tss_sensor.o(i.TSS_SensorInit)
    TSS_SensorInitCallback                   0x00002add   Thumb Code    24  tss_sensor.o(i.TSS_SensorInitCallback)
    TSS_SetASliderConfig                     0x00002af9   Thumb Code   240  tss_asliderdecoder.o(i.TSS_SetASliderConfig)
    TSS_SetControlElectrodesEnablers         0x00002bf5   Thumb Code   130  tss_main.o(i.TSS_SetControlElectrodesEnablers)
    TSS_SetControlPrivateData                0x00002c95   Thumb Code    16  tss_main.o(i.TSS_SetControlPrivateData)
    TSS_SetSystemConfig                      0x00002ca9   Thumb Code   742  tss_main.o(i.TSS_SetSystemConfig)
    TSS_SubUInt16WithUInt16ToSInt16          0x00002fd1   Thumb Code    40  tss_filters.o(i.TSS_SubUInt16WithUInt16ToSInt16)
    TSS_TSI0Isr                              0x00002ffd   Thumb Code   258  tss_sensortsil.o(i.TSS_TSI0Isr)
    TSS_Task                                 0x00003111   Thumb Code   182  tss_main.o(i.TSS_Task)
    TSS_TriggerConfig                        0x000031e1   Thumb Code    98  tss_main.o(i.TSS_TriggerConfig)
    TSS_TriggerControl                       0x0000324d   Thumb Code    60  tss_main.o(i.TSS_TriggerControl)
    TSS_fOnInit                              0x00003291   Thumb Code     8  main.o(i.TSS_fOnInit)
    myFaultCallback(tss::TSSSystem*, tss::TSSSystemEvent, unsigned char) 0x00003299   Thumb Code    26  main.o(i._Z15myFaultCallbackPN3tss9TSSSystemENS_14TSSSystemEventEh)
    myCallbackMovement(tss::TSSASlider*, tss::TSSASlider::ASliderEvent, unsigned char) 0x000032b5   Thumb Code    56  main.o(i._Z18myCallbackMovementPN3tss10TSSASliderENS0_12ASliderEventEh)
    myCallbackAllRelease(tss::TSSASlider*, tss::TSSASlider::ASliderEvent, unsigned char) 0x000032f1   Thumb Code    18  main.o(i._Z20myCallbackAllReleasePN3tss10TSSASliderENS0_12ASliderEventEh)
    led_init()                               0x00003309   Thumb Code    24  main.o(i._Z8led_initv)
    tss::TSSASlider::onMovement(unsigned char) 0x00003329   Thumb Code     2  tss_cpp_aslider.o(i._ZN3tss10TSSASlider10onMovementEh)
    tss::TSSASlider::regCallback(void(*)(tss::TSSASlider*, tss::TSSASlider::ASliderEvent, unsigned char), tss::TSSASlider::ASliderEvent) 0x0000332b   Thumb Code    20  main.o(i._ZN3tss10TSSASlider11regCallbackEPFvPS0_NS0_12ASliderEventEhES2_)
    tss::TSSASlider::getCallbacks(void(***)(tss::TSSControl*, unsigned char, unsigned char)) 0x0000333f   Thumb Code    12  tss_cpp_aslider.o(i._ZN3tss10TSSASlider12getCallbacksEPPPFvPNS_10TSSControlEhhE)
    tss::TSSASlider::onAllRelease(unsigned char) 0x0000334b   Thumb Code     2  tss_cpp_aslider.o(i._ZN3tss10TSSASlider12onAllReleaseEh)
    tss::TSSASlider::onInitialTouch(unsigned char) 0x0000334d   Thumb Code     2  tss_cpp_aslider.o(i._ZN3tss10TSSASlider14onInitialTouchEh)
    tss::TSSASlider::callbackControl()       0x0000334f   Thumb Code   120  tss_cpp_aslider.o(i._ZN3tss10TSSASlider15callbackControlEv)
    tss::TSSASlider::enable(tss::TSSControlFlag) 0x000033c7   Thumb Code    94  tss_cpp_aslider.o(i._ZN3tss10TSSASlider6enableENS_14TSSControlFlagE)
    tss::TSSASlider::TSSASlider(unsigned char) 0x00003425   Thumb Code    92  tss_cpp_aslider.o(i._ZN3tss10TSSASliderC1Eh)
    tss::TSSASlider::TSSASlider__sub_object(unsigned char) 0x00003425   Thumb Code     0  tss_cpp_aslider.o(i._ZN3tss10TSSASliderC1Eh)
    tss::TSSControlFactory::createTSSControl(unsigned char) 0x0000348d   Thumb Code    46  tss_cpp.o(i._ZN3tss17TSSControlFactory16createTSSControlEh)
    tss::TSSSystem::getCallbacks(void(***)(tss::TSSSystem*, tss::TSSSystemEvent, unsigned char)) 0x00003525   Thumb Code    10  tss_cpp.o(i._ZN3tss9TSSSystem12getCallbacksEPPPFvPS0_NS_14TSSSystemEventEhE)
    tss::TSSSystem::getTSSSystem()           0x00003531   Thumb Code    50  tss_cpp.o(i._ZN3tss9TSSSystem12getTSSSystemEv)
    tss::TSSSystem::callbackSysFaults(tss::TSSSystemEvent, unsigned char) 0x00003575   Thumb Code    38  tss_cpp.o(i._ZN3tss9TSSSystem17callbackSysFaultsENS_14TSSSystemEventEh)
    tss::TSSSystem::set(tss::TSSSystemConfig, unsigned short) 0x0000359b   Thumb Code    28  tss_cpp.o(i._ZN3tss9TSSSystem3setENS_15TSSSystemConfigEt)
    tss::TSSSystem::enable(tss::TSSSystemFlag) 0x000035b9   Thumb Code    48  tss_cpp.o(i._ZN3tss9TSSSystem6enableENS_13TSSSystemFlagE)
    tss::TSSSystem::onFault(tss::TSSSystemEvent, unsigned char) 0x000035ed   Thumb Code     2  tss_cpp.o(i._ZN3tss9TSSSystem7onFaultENS_14TSSSystemEventEh)
    tss::TSSSystem::TSSSystem()              0x000035f1   Thumb Code    62  tss_cpp.o(i._ZN3tss9TSSSystemC1Ev)
    tss::TSSSystem::TSSSystem__sub_object()  0x000035f1   Thumb Code     0  tss_cpp.o(i._ZN3tss9TSSSystemC1Ev)
    tss::TSSSystem::~TSSSystem()             0x00003639   Thumb Code     2  tss_cpp.o(i._ZN3tss9TSSSystemD1Ev)
    tss::TSSSystem::~TSSSystem__sub_object() 0x00003639   Thumb Code     0  tss_cpp.o(i._ZN3tss9TSSSystemD1Ev)
    tss::TSSASlider::getControlStruct() const 0x0000363b   Thumb Code     8  tss_cpp_aslider.o(i._ZNK3tss10TSSASlider16getControlStructEv)
    tss::TSSASlider::get(tss::TSSControlConfig) const 0x00003645   Thumb Code    38  tss_cpp_aslider.o(i._ZNK3tss10TSSASlider3getENS_16TSSControlConfigE)
    operator new(unsigned)                   0x00003671   Thumb Code    36  new.o(i._Znwj)
    __ARM_common_switch8                     0x00003699   Thumb Code    28  tss_cpp_arotary.o(i.__ARM_common_switch8)
    __aeabi_atexit                           0x000036b5   Thumb Code    44  aeabi_atexit.o(i.__aeabi_atexit)
    __cxa_finalize                           0x000036e1   Thumb Code    66  cxa_finalize.o(i.__cxa_finalize)
    __cxa_guard_acquire                      0x00003723   Thumb Code    18  cxa_guard_acquire.o(i.__cxa_guard_acquire)
    __cxa_pure_virtual                       0x00003735   Thumb Code    10  pure_virt.o(i.__cxa_pure_virtual)
    callbackControlHelper                    0x0000373f   Thumb Code    34  tss_cpp.o(i.callbackControlHelper)
    callbackFaultHelper                      0x00003761   Thumb Code    86  tss_cpp.o(i.callbackFaultHelper)
    clk_out_init                             0x000037bd   Thumb Code    22  sysinit_kl25.o(i.clk_out_init)
    main                                     0x000037dd   Thumb Code    84  main.o(i.main)
    pll_init                                 0x00003845   Thumb Code   738  mcg_kl25.o(i.pll_init)
    sysinit                                  0x00003b61   Thumb Code   140  sysinit_kl25.o(i.sysinit)
    wdog_disable                             0x00003c09   Thumb Code     8  wdog_kl25.o(i.wdog_disable)
    tss::TSSCallback<void(*)(tss::TSSControl*, unsigned char, unsigned char), unsigned char>::regCallback(void(*)(tss::TSSControl*, unsigned char, unsigned char), unsigned char) 0x00003c15   Thumb Code    42  main.o(t._ZN3tss11TSSCallbackIPFvPNS_10TSSControlEhhEhE11regCallbackES4_h)
    tss::TSSCallback<void(*)(tss::TSSSystem*, tss::TSSSystemEvent, unsigned char), tss::TSSSystemEvent>::regCallback(void(*)(tss::TSSSystem*, tss::TSSSystemEvent, unsigned char), tss::TSSSystemEvent) 0x00003c3f   Thumb Code    42  main.o(t._ZN3tss11TSSCallbackIPFvPNS_9TSSSystemENS_14TSSSystemEventEhES3_E11regCallbackES5_S3_)
    tss_faSampleElectrode                    0x00003c68   Data           8  tss_sensor.o(.constdata)
    tss_faSampleElectrodeLow                 0x00003c70   Data           8  tss_sensor.o(.constdata)
    tss_acp8ElectrodeROMData                 0x00003c78   Data           8  tss_sensor.o(.constdata)
    TSS_TSIL0_METHOD_ROMDATA_CONTEXT         0x00003c80   Data          16  tss_sensortsil.o(.constdata)
    TSS_E0_ROMDATA_CONTEXT                   0x00003c90   Data          12  tss_sensortsil.o(.constdata)
    TSS_E1_ROMDATA_CONTEXT                   0x00003c9c   Data          12  tss_sensortsil.o(.constdata)
    TSS_C0_INPUTS_GROUP                      0x00003cac   Data           2  tss_systemsetupdata.o(.constdata)
    TSS_C0_STRUCTURE_ROM_CONTEXT             0x00003cb0   Data          28  tss_systemsetupdata.o(.constdata)
    tss_faCallback                           0x00003ccc   Data           4  tss_systemsetupdata.o(.constdata)
    tss_acpsDecRAMContext                    0x00003cd0   Data           4  tss_systemsetupdata.o(.constdata)
    tss_acpsDecROMContext                    0x00003cd4   Data           4  tss_systemsetupdata.o(.constdata)
    tss_acpsCSStructs                        0x00003cd8   Data           4  tss_systemsetupdata.o(.constdata)
    tss_faDecoders                           0x00003cdc   Data           4  tss_systemsetupdata.o(.constdata)
    tss_cau8ShieldPairs                      0x00003ce0   Data           1  tss_systemsetupdata.o(.constdata)
    tss_cau8SignalDivider                    0x00003ce1   Data           2  tss_systemsetupdata.o(.constdata)
    tss_cau8SignalMultiplier                 0x00003ce3   Data           1  tss_systemsetupdata.o(.constdata)
    tss_fSetInternalPrivateData              0x00003ce4   Data           4  tss_systemsetupdata.o(.constdata)
    tss_fDecodersControl                     0x00003ce8   Data           4  tss_systemsetupdata.o(.constdata)
    tss_cu8NumElecs                          0x00003cec   Data           1  tss_systemsetupdata.o(.constdata)
    tss_cu8NumCtrls                          0x00003ced   Data           1  tss_systemsetupdata.o(.constdata)
    tss_cu8ElecBitFldLn                      0x00003cee   Data           1  tss_systemsetupdata.o(.constdata)
    tss_cu16Version                          0x00003cf0   Data           2  tss_systemsetupdata.o(.constdata)
    tss_fCalculateIIRFilter                  0x00003cf4   Data           4  tss_systemsetupdata.o(.constdata)
    tss_fCalculateShielding                  0x00003cf8   Data           4  tss_systemsetupdata.o(.constdata)
    tss_fInitPrevCapSample                   0x00003cfc   Data           4  tss_systemsetupdata.o(.constdata)
    tss_fFillDeltaLogBuffer                  0x00003d00   Data           4  tss_systemsetupdata.o(.constdata)
    tss_fFillIntegrDeltaLogBuffer            0x00003d04   Data           4  tss_systemsetupdata.o(.constdata)
    tss_fFillSignalLogBuffer                 0x00003d08   Data           4  tss_systemsetupdata.o(.constdata)
    tss_fDataCorruptionCheck                 0x00003d0c   Data           4  tss_systemsetupdata.o(.constdata)
    tss_fFmstrCall                           0x00003d10   Data           4  tss_systemsetupdata.o(.constdata)
    tss_fTriggerConfig                       0x00003d14   Data           4  tss_systemsetupdata.o(.constdata)
    tss_fTriggerControl                      0x00003d18   Data           4  tss_systemsetupdata.o(.constdata)
    tss_fLowPowerConfig                      0x00003d1c   Data           4  tss_systemsetupdata.o(.constdata)
    tss_fOnFault                             0x00003d20   Data           4  tss_systemsetupdata.o(.constdata)
    tss_fOnInit                              0x00003d24   Data           4  tss_systemsetupdata.o(.constdata)
    tss_cu8APosFilterWeight                  0x00003d28   Data           1  tss_systemsetupdata.o(.constdata)
    tss_fASliderCalculatePosIIRFilter        0x00003d2c   Data           4  tss_systemsetupdata.o(.constdata)
    tss_cu8ASliderDelayBufferLength          0x00003d30   Data           1  tss_systemsetupdata.o(.constdata)
    tss_fASliderDelayControl                 0x00003d34   Data           4  tss_systemsetupdata.o(.constdata)
    tss_cu8ASliderTrendBufferLength          0x00003d38   Data           1  tss_systemsetupdata.o(.constdata)
    tss_i8ASliderTrendThreshold              0x00003d39   Data           1  tss_systemsetupdata.o(.constdata)
    tss_fASliderTrendThreshold               0x00003d3c   Data           4  tss_systemsetupdata.o(.constdata)
    tss_fASliderTrendControl                 0x00003d40   Data           4  tss_systemsetupdata.o(.constdata)
    tss_cu8MatrixPosFilterWeight             0x00003d44   Data           1  tss_systemsetupdata.o(.constdata)
    tss_fMatrixCalculatePosIIRFilter         0x00003d48   Data           4  tss_systemsetupdata.o(.constdata)
    tss_fOnProximity                         0x00003d4c   Data           4  tss_systemsetupdata.o(.constdata)
    tss_fProximityConfig                     0x00003d50   Data           4  tss_systemsetupdata.o(.constdata)
    tss_fStuckKeyControl                     0x00003d54   Data           4  tss_systemsetupdata.o(.constdata)
    tss_fResetStuckKeyCounter                0x00003d58   Data           4  tss_systemsetupdata.o(.constdata)
    tss_fNegativeBaselineDrop                0x00003d5c   Data           4  tss_systemsetupdata.o(.constdata)
    tss_fKeyDetectorRecalibrationRequest     0x00003d60   Data           4  tss_systemsetupdata.o(.constdata)
    tss_fSignalDivider                       0x00003d64   Data           4  tss_systemsetupdata.o(.constdata)
    tss_fSignalMultiplier                    0x00003d68   Data           4  tss_systemsetupdata.o(.constdata)
    tss_fAutoCalibration                     0x00003d6c   Data           4  tss_systemsetupdata.o(.constdata)
    tss_fSensitivityLowLimitControl          0x00003d70   Data           4  tss_systemsetupdata.o(.constdata)
    tss_fDeltaNoiseAnalysisIIRControl        0x00003d74   Data           4  tss_systemsetupdata.o(.constdata)
    tss_cu8BaselineInitLength                0x00003d78   Data           1  tss_systemsetupdata.o(.constdata)
    tss_cu8AutoCalibInitLength               0x00003d79   Data           1  tss_systemsetupdata.o(.constdata)
    tss_ci8DeltaNoiseAnalysisIIRWeights      0x00003d7a   Data           2  tss_systemsetupdata.o(.constdata)
    tss_csKeyBasicASCContext                 0x00003d7c   Data           6  tss_systemsetupdata.o(.constdata)
    tss_csKeyAFIDASCContext                  0x00003d82   Data           5  tss_systemsetupdata.o(.constdata)
    tss_fKeyDetectorElectrodeEval            0x00003d88   Data           4  tss_systemsetupdata.o(.constdata)
    tss_fKeyDetectorIntegrationResetEval     0x00003d8c   Data           4  tss_systemsetupdata.o(.constdata)
    tss_fKeyNoiseSchedulerInit               0x00003d90   Data           4  tss_systemsetupdata.o(.constdata)
    tss_fKeyNoiseSchedulerRun                0x00003d94   Data           4  tss_systemsetupdata.o(.constdata)
    tss_fKeyNoiseIIRControl                  0x00003d98   Data           4  tss_systemsetupdata.o(.constdata)
    tss_fGetSystemDataContext                0x00003d9c   Data           4  tss_systemsetupdata.o(.constdata)
    vtable for tss::TSSASlider               0x00003da0   Data          52  tss_cpp_aslider.o(.constdata__ZTVN3tss10TSSASliderE)
    vtable for tss::TSSControl               0x00003dd4   Data          40  tss_cpp.o(.constdata__ZTVN3tss10TSSControlE)
    vtable for tss::TSSCallback<void(*)(tss::TSSControl*, unsigned char, unsigned char), unsigned char> 0x00003dfc   Data          12  tss_cpp_arotary.o(.constdata__ZTVN3tss11TSSCallbackIPFvPNS_10TSSControlEhhEhEE)
    vtable for tss::TSSCallback<void(*)(tss::TSSSystem*, tss::TSSSystemEvent, unsigned char), tss::TSSSystemEvent> 0x00003e08   Data          12  tss_cpp.o(.constdata__ZTVN3tss11TSSCallbackIPFvPNS_9TSSSystemENS_14TSSSystemEventEhES3_EE)
    vtable for tss::TSSSystem                0x00003e14   Data          16  tss_cpp.o(.constdata__ZTVN3tss9TSSSystemE)
    Region$$Table$$Base                      0x00003e24   Number         0  anon$$obj.o(Region$$Table)
    Region$$Table$$Limit                     0x00003e44   Number         0  anon$$obj.o(Region$$Table)
    mcg_clk_hz                               0x20000000   Data           4  sysinit_kl25.o(.data)
    tss_u8SampleIntFlag                      0x20000004   Data           1  tss_sensor.o(.data)
    tss_u8HWTimerFlag                        0x20000005   Data           1  tss_sensor.o(.data)
    tss_psElectrodeTimertAdr                 0x20000008   Data           4  tss_sensor.o(.data)
    tss_psElectrodeRGPIOAdr                  0x2000000c   Data           4  tss_sensor.o(.data)
    tss_u8ElectrodeBitNum                    0x20000010   Data           1  tss_sensor.o(.data)
    tss_u8TriggerCounter                     0x20000011   Data           1  tss_sensor.o(.data)
    tss_acp8ElectrodeRAMData                 0x20000014   Data           8  tss_sensor.o(.data)
    TSS_E0_RAMDATA_CONTEXT                   0x2000001c   Data           1  tss_sensortsil.o(.data)
    TSS_E1_RAMDATA_CONTEXT                   0x2000001d   Data           1  tss_sensortsil.o(.data)
    cASlider                                 0x20000020   Data           8  tss_systemsetupdata.o(.data)
    TSS_C0_POSFILTER_CONTEXT                 0x20000028   Data           2  tss_systemsetupdata.o(.data)
    TSS_C0_DELAY_CONTEXT                     0x2000002a   Data           1  tss_systemsetupdata.o(.data)
    TSS_C0_TREND_CONTEXT                     0x2000002b   Data           3  tss_systemsetupdata.o(.data)
    TSS_C0_DELAY_BUFFER                      0x2000002e   Data           1  tss_systemsetupdata.o(.data)
    TSS_C0_STRUCTURE_RAM_CONTEXT             0x20000030   Data           2  tss_systemsetupdata.o(.data)
    tss_apsControlPrivateData                0x20000034   Data           4  tss_systemsetupdata.o(.data)
    tss_au8Sensitivity                       0x20000038   Data           2  tss_systemsetupdata.o(.data)
    tss_au8ElectrodeEnablers                 0x2000003a   Data           1  tss_systemsetupdata.o(.data)
    tss_au8ElectrodeStatus                   0x2000003b   Data           1  tss_systemsetupdata.o(.data)
    tss_au16ElecBaseline                     0x2000003c   Data           4  tss_systemsetupdata.o(.data)
    tss_au8ElectrodeMeasured                 0x20000040   Data           1  tss_systemsetupdata.o(.data)
    tss_au8ElectrodeMarker                   0x20000041   Data           1  tss_systemsetupdata.o(.data)
    tss_au8ElectrodeLowThresholdEnablers     0x20000042   Data           1  tss_systemsetupdata.o(.data)
    tss_au8ElectrodeDCTrackerEnablers        0x20000043   Data           1  tss_systemsetupdata.o(.data)
    tss_au8DebounceCount                     0x20000044   Data           2  tss_systemsetupdata.o(.data)
    tss_au8TouchCount                        0x20000046   Data           2  tss_systemsetupdata.o(.data)
    tss_au8ReleaseCount                      0x20000048   Data           2  tss_systemsetupdata.o(.data)
    tss_au8ElecState                         0x2000004a   Data           2  tss_systemsetupdata.o(.data)
    tss_au8ControlScheduleCount              0x2000004c   Data           1  tss_systemsetupdata.o(.data)
    tss_au16PrevCapSample                    0x2000004e   Data           4  tss_systemsetupdata.o(.data)
    tss_ai8InstantDelta                      0x20000052   Data           2  tss_systemsetupdata.o(.data)
    tss_ai8IntegrationDelta                  0x20000054   Data           1  tss_systemsetupdata.o(.data)
    tss_au16InstantSignal                    0x20000056   Data           4  tss_systemsetupdata.o(.data)
    tss_u8ConfCheckSum                       0x2000005a   Data           1  tss_systemsetupdata.o(.data)
    tss_au8StuckCount                        0x2000005b   Data           2  tss_systemsetupdata.o(.data)
    tss_ai8MaxDeltaAmplitude                 0x2000005d   Data           2  tss_systemsetupdata.o(.data)
    tss_ai8DeltaAmplitude                    0x2000005f   Data           2  tss_systemsetupdata.o(.data)
    tss_asAutoCalibrationData                0x20000061   Data           6  tss_systemsetupdata.o(.data)
    tss_ai8NoiseAmplitude                    0x20000067   Data           2  tss_systemsetupdata.o(.data)
    tss_ai8SensitivityLowLimit               0x20000069   Data           1  tss_systemsetupdata.o(.data)
    slider                                   0x2000006c   Data           4  main.o(.data)
    tss_system                               0x20000070   Data           4  main.o(.data)
    tss_u16CapSample                         0x20000086   Data           2  tss_keydetector.o(.data)
    TSS_TSIL0_CHANNEL_COUNTER_BUFFER         0x20000090   Data          32  tss_sensortsil.o(.bss)
    TSS_TSIL0_METHOD_RAMDATA_CONTEXT         0x200000b0   Data          10  tss_sensortsil.o(.bss)
    TSS_C0_TREND_BUFFER                      0x200000ba   Data          32  tss_systemsetupdata.o(.bss)
    tss_CSSys                                0x200000da   Data          12  tss_systemsetupdata.o(.bss)
    tss_asDeltaNoiseAnalysisIIRData          0x200000e6   Data          12  tss_systemsetupdata.o(.bss)
    __libspace_start                         0x200000f4   Data          96  libspace.o(.bss)
    __temporary_stack_top$libspace           0x20000154   Data           0  libspace.o(.bss)



==============================================================================

Memory Map of the image

  Image Entry point : 0x000000c1

  Load Region LR_IROM1 (Base: 0x00000000, Size: 0x00003ed4, Max: 0x00020000, ABSOLUTE)

    Execution Region ER_IROM1 (Base: 0x00000000, Size: 0x00003e44, Max: 0x00020000, ABSOLUTE)

    Base Addr    Size         Type   Attr      Idx    E Section Name        Object

    0x00000000   0x000000c0   Data   RO          759    RESET               startup_mkl25z4.o
    0x000000c0   0x00000008   Code   RO         1862  * !!!main             c_p.l(__main.o)
    0x000000c8   0x0000003c   Code   RO         2378    !!!scatter          c_p.l(__scatter.o)
    0x00000104   0x0000001a   Code   RO         2380    !!handler_copy      c_p.l(__scatter_copy.o)
    0x0000011e   0x00000002   PAD
    0x00000120   0x0000001c   Code   RO         2382    !!handler_zi        c_p.l(__scatter_zi.o)
    0x0000013c   0x00000002   Code   RO         2310    .ARM.Collect$$libinit$$00000000  c_p.l(libinit.o)
    0x0000013e   0x00000000   Code   RO         2192    .ARM.Collect$$libinit$$00000002  c_p.l(libinit2.o)
    0x0000013e   0x00000000   Code   RO         2194    .ARM.Collect$$libinit$$00000004  c_p.l(libinit2.o)
    0x0000013e   0x00000008   Code   RO         2195    .ARM.Collect$$libinit$$00000005  c_p.l(libinit2.o)
    0x00000146   0x00000000   Code   RO         2197    .ARM.Collect$$libinit$$0000000A  c_p.l(libinit2.o)
    0x00000146   0x00000000   Code   RO         2199    .ARM.Collect$$libinit$$0000000C  c_p.l(libinit2.o)
    0x00000146   0x00000000   Code   RO         2201    .ARM.Collect$$libinit$$0000000E  c_p.l(libinit2.o)
    0x00000146   0x00000000   Code   RO         2204    .ARM.Collect$$libinit$$00000011  c_p.l(libinit2.o)
    0x00000146   0x00000000   Code   RO         2206    .ARM.Collect$$libinit$$00000013  c_p.l(libinit2.o)
    0x00000146   0x00000000   Code   RO         2208    .ARM.Collect$$libinit$$00000015  c_p.l(libinit2.o)
    0x00000146   0x00000000   Code   RO         2210    .ARM.Collect$$libinit$$00000017  c_p.l(libinit2.o)
    0x00000146   0x00000000   Code   RO         2212    .ARM.Collect$$libinit$$00000019  c_p.l(libinit2.o)
    0x00000146   0x00000000   Code   RO         2214    .ARM.Collect$$libinit$$0000001B  c_p.l(libinit2.o)
    0x00000146   0x00000000   Code   RO         2216    .ARM.Collect$$libinit$$0000001D  c_p.l(libinit2.o)
    0x00000146   0x00000000   Code   RO         2218    .ARM.Collect$$libinit$$0000001F  c_p.l(libinit2.o)
    0x00000146   0x00000000   Code   RO         2220    .ARM.Collect$$libinit$$00000021  c_p.l(libinit2.o)
    0x00000146   0x00000000   Code   RO         2222    .ARM.Collect$$libinit$$00000023  c_p.l(libinit2.o)
    0x00000146   0x00000000   Code   RO         2224    .ARM.Collect$$libinit$$00000025  c_p.l(libinit2.o)
    0x00000146   0x00000000   Code   RO         2228    .ARM.Collect$$libinit$$0000002C  c_p.l(libinit2.o)
    0x00000146   0x00000000   Code   RO         2230    .ARM.Collect$$libinit$$0000002E  c_p.l(libinit2.o)
    0x00000146   0x00000000   Code   RO         2232    .ARM.Collect$$libinit$$00000030  c_p.l(libinit2.o)
    0x00000146   0x00000000   Code   RO         2234    .ARM.Collect$$libinit$$00000032  c_p.l(libinit2.o)
    0x00000146   0x00000002   Code   RO         2235    .ARM.Collect$$libinit$$00000033  c_p.l(libinit2.o)
    0x00000148   0x00000002   Code   RO         2376    .ARM.Collect$$libshutdown$$00000000  c_p.l(libshutdown.o)
    0x0000014a   0x00000006   Code   RO         2079    .ARM.Collect$$libshutdown$$00000001  c_p.l(libshutdown2.o)
    0x00000150   0x00000000   Code   RO         2081    .ARM.Collect$$libshutdown$$00000003  c_p.l(libshutdown2.o)
    0x00000150   0x00000000   Code   RO         2084    .ARM.Collect$$libshutdown$$00000006  c_p.l(libshutdown2.o)
    0x00000150   0x00000000   Code   RO         2087    .ARM.Collect$$libshutdown$$00000009  c_p.l(libshutdown2.o)
    0x00000150   0x00000000   Code   RO         2089    .ARM.Collect$$libshutdown$$0000000B  c_p.l(libshutdown2.o)
    0x00000150   0x00000000   Code   RO         2092    .ARM.Collect$$libshutdown$$0000000E  c_p.l(libshutdown2.o)
    0x00000150   0x00000002   Code   RO         2093    .ARM.Collect$$libshutdown$$0000000F  c_p.l(libshutdown2.o)
    0x00000152   0x00000000   Code   RO         1998    .ARM.Collect$$rtentry$$00000000  c_p.l(__rtentry.o)
    0x00000152   0x00000000   Code   RO         2138    .ARM.Collect$$rtentry$$00000002  c_p.l(__rtentry2.o)
    0x00000152   0x00000006   Code   RO         2150    .ARM.Collect$$rtentry$$00000004  c_p.l(__rtentry4.o)
    0x00000158   0x00000000   Code   RO         2140    .ARM.Collect$$rtentry$$00000009  c_p.l(__rtentry2.o)
    0x00000158   0x00000004   Code   RO         2141    .ARM.Collect$$rtentry$$0000000A  c_p.l(__rtentry2.o)
    0x0000015c   0x00000000   Code   RO         2143    .ARM.Collect$$rtentry$$0000000C  c_p.l(__rtentry2.o)
    0x0000015c   0x00000008   Code   RO         2144    .ARM.Collect$$rtentry$$0000000D  c_p.l(__rtentry2.o)
    0x00000164   0x00000002   Code   RO         2331    .ARM.Collect$$rtexit$$00000000  c_p.l(rtexit.o)
    0x00000166   0x00000000   Code   RO         2352    .ARM.Collect$$rtexit$$00000002  c_p.l(rtexit2.o)
    0x00000166   0x00000004   Code   RO         2353    .ARM.Collect$$rtexit$$00000003  c_p.l(rtexit2.o)
    0x0000016a   0x00000006   Code   RO         2354    .ARM.Collect$$rtexit$$00000004  c_p.l(rtexit2.o)
    0x00000170   0x00000000   Code   RO         2278    .emb_text           c_p.l(maybetermalloc1.o)
    0x00000170   0x00000038   Code   RO          761    .text               startup_mkl25z4.o
    0x000001a8   0x0000015a   Code   RO         1856    .text               c_p.l(aeabi_sdiv.o)
    0x00000302   0x00000006   Code   RO         1860    .text               c_p.l(heapauxi.o)
    0x00000308   0x00000008   Code   RO         2006    .text               c_p.l(rt_new_handler_addr_intlibspace.o)
    0x00000310   0x00000008   Code   RO         2011    .text               c_p.l(rt_ddtor_pointer_addr_intlibspace.o)
    0x00000318   0x00000062   Code   RO         2017    .text               c_p.l(h1_alloc.o)
    0x0000037a   0x0000004c   Code   RO         2019    .text               c_p.l(h1_free.o)
    0x000003c6   0x0000000c   Code   RO         2075    .text               c_p.l(defsig_pvfn_outer.o)
    0x000003d2   0x00000008   Code   RO         2099    .text               cpprt_p.l(arm_newhandler_noexceptions.o)
    0x000003da   0x00000002   PAD
    0x000003dc   0x00000008   Code   RO         2132    .text               c_p.l(libspace.o)
    0x000003e4   0x00000008   Code   RO         2159    .text               c_p.l(rt_heap_descriptor_intlibspace.o)
    0x000003ec   0x00000004   Code   RO         2161    .text               c_p.l(hguard.o)
    0x000003f0   0x0000000e   Code   RO         2167    .text               c_p.l(h1_init.o)
    0x000003fe   0x00000002   Code   RO         2327    .text               c_p.l(use_no_semi.o)
    0x00000400   0x00000010   Code   RO          760    .ARM.__at_0x400     startup_mkl25z4.o
    0x00000410   0x00000088   Code   RO         2163    .text               c_p.l(init_alloc.o)
    0x00000498   0x0000000c   Code   RO         2181    .text               c_p.l(defsig_exit.o)
    0x000004a4   0x00000030   Code   RO         2183    .text               c_p.l(defsig_pvfn_inner.o)
    0x000004d4   0x0000001c   Code   RO         2258    .text               cpprt_p.l(arm_exceptions_terminate.o)
    0x000004f0   0x00000054   Code   RO         2261    .text               cpprt_p.l(arm_exceptions_globs.o)
    0x00000544   0x0000000c   Code   RO         2266    .text               c_p.l(sys_exit.o)
    0x00000550   0x0000003e   Code   RO         2268    .text               c_p.l(sys_stackheap_outer.o)
    0x0000058e   0x00000002   PAD
    0x00000590   0x00000008   Code   RO         2274    .text               c_p.l(rt_eh_globals_addr_intlibspace.o)
    0x00000598   0x00000034   Code   RO         2280    .text               c_p.l(h1_extend.o)
    0x000005cc   0x0000000c   Code   RO         2284    .text               c_p.l(exit.o)
    0x000005d8   0x00000010   Code   RO         2286    .text               c_p.l(abort.o)
    0x000005e8   0x00000034   Code   RO         2290    .text               c_p.l(defsig_general.o)
    0x0000061c   0x0000000c   Code   RO         2296    .text               c_p.l(defsig_rtmem_outer.o)
    0x00000628   0x00000042   Code   RO         2320    .text               cpprt_p.l(arm_exceptions_mem.o)
    0x0000066a   0x0000000c   Code   RO         2325    .text               c_p.l(sys_wrch.o)
    0x00000676   0x00000000   Code   RO         2329    .text               c_p.l(indicate_semi.o)
    0x00000676   0x0000000c   Code   RO         2337    .text               c_p.l(defsig_abrt_outer.o)
    0x00000682   0x00000002   PAD
    0x00000684   0x00000050   Code   RO         2343    .text               c_p.l(defsig_rtmem_inner.o)
    0x000006d4   0x00000030   Code   RO         2362    .text               c_p.l(defsig_abrt_inner.o)
    0x00000704   0x00000038   Code   RO         1635    i.InitDevices       board.o
    0x0000073c   0x0000000c   Code   RO          768    i.SystemInit        system_mkl25z4.o
    0x00000748   0x0000008c   Code   RO          515    i.TSIL_HandleMeasurement  tss_sensortsil.o
    0x000007d4   0x00000048   Code   RO          516    i.TSIL_InitLowPower  tss_sensortsil.o
    0x0000081c   0x00000016   Code   RO          517    i.TSIL_InitModule   tss_sensortsil.o
    0x00000832   0x00000002   PAD
    0x00000834   0x00000118   Code   RO          518    i.TSIL_InitPEN      tss_sensortsil.o
    0x0000094c   0x000000a0   Code   RO          519    i.TSIL_InitThresholds  tss_sensortsil.o
    0x000009ec   0x00000100   Code   RO          520    i.TSIL_InitTrigger  tss_sensortsil.o
    0x00000aec   0x00000148   Code   RO          521    i.TSIL_MethodControl  tss_sensortsil.o
    0x00000c34   0x00000080   Code   RO          522    i.TSIL_ReadCounter  tss_sensortsil.o
    0x00000cb4   0x00000308   Code   RO          523    i.TSIL_Recalibrate  tss_sensortsil.o
    0x00000fbc   0x0000016c   Code   RO          524    i.TSIL_SampleElectrode  tss_sensortsil.o
    0x00001128   0x00000034   Code   RO          525    i.TSIL_SetNSamples  tss_sensortsil.o
    0x0000115c   0x0000006c   Code   RO         1647    i.TSS_ASliderCalculatePosIIRFilter  TSS_KXX_M0.lib(tss_asliderdecoder.o)
    0x000011c8   0x00000458   Code   RO         1648    i.TSS_ASliderDecoder  TSS_KXX_M0.lib(tss_asliderdecoder.o)
    0x00001620   0x000000ec   Code   RO         1650    i.TSS_ASliderTrendControl  TSS_KXX_M0.lib(tss_asliderdecoder.o)
    0x0000170c   0x00000028   Code   RO         1651    i.TSS_ASliderTrendThreshold  TSS_KXX_M0.lib(tss_asliderdecoder.o)
    0x00001734   0x00000094   Code   RO         1782    i.TSS_BrowseModules  TSS_KXX_M0.lib(tss_main.o)
    0x000017c8   0x00000016   Code   RO         1693    i.TSS_CutSInt16ToSInt8  TSS_KXX_M0.lib(tss_filters.o)
    0x000017de   0x00000002   PAD
    0x000017e0   0x000000bc   Code   RO         1783    i.TSS_DataCorruptionCheck  TSS_KXX_M0.lib(tss_main.o)
    0x0000189c   0x00000078   Code   RO         1784    i.TSS_DecodersControl  TSS_KXX_M0.lib(tss_main.o)
    0x00001914   0x0000007c   Code   RO         1785    i.TSS_FaultEvaluation  TSS_KXX_M0.lib(tss_main.o)
    0x00001990   0x00000034   Code   RO         1652    i.TSS_GetASliderConfig  TSS_KXX_M0.lib(tss_asliderdecoder.o)
    0x000019c4   0x00000018   Code   RO         1792    i.TSS_GetControlPrivateData  TSS_KXX_M0.lib(tss_main.o)
    0x000019dc   0x0000001c   Code   RO         1793    i.TSS_GetControlStruct  TSS_KXX_M0.lib(tss_main.o)
    0x000019f8   0x00000110   Code   RO         1794    i.TSS_GetSystemConfig  TSS_KXX_M0.lib(tss_main.o)
    0x00001b08   0x0000000e   Code   RO          607    i.TSS_IIRFilterEquation  tss_systemsetupdata.o
    0x00001b16   0x00000002   PAD
    0x00001b18   0x0000006c   Code   RO         1795    i.TSS_Init          TSS_KXX_M0.lib(tss_main.o)
    0x00001b84   0x00000054   Code   RO         1796    i.TSS_InitInternalArrays  TSS_KXX_M0.lib(tss_main.o)
    0x00001bd8   0x00000058   Code   RO         1797    i.TSS_InitRegisterArrays  TSS_KXX_M0.lib(tss_main.o)
    0x00001c30   0x00000028   Code   RO         1798    i.TSS_InternalControlPrivateData  TSS_KXX_M0.lib(tss_main.o)
    0x00001c58   0x00000074   Code   RO         1766    i.TSS_KeyBasicDeltaNoiseAnalysisIIRControl  TSS_KXX_M0.lib(tss_keydetectornormal.o)
    0x00001ccc   0x00000198   Code   RO         1767    i.TSS_KeyBasicDetect  TSS_KXX_M0.lib(tss_keydetectornormal.o)
    0x00001e64   0x00000290   Code   RO         1768    i.TSS_KeyBasicElectrodeEval  TSS_KXX_M0.lib(tss_keydetectornormal.o)
    0x000020f4   0x00000074   Code   RO         1769    i.TSS_KeyBasicEvaluateNoiseData  TSS_KXX_M0.lib(tss_keydetectornormal.o)
    0x00002168   0x00000034   Code   RO         1770    i.TSS_KeyBasicGetSystemDataContext  TSS_KXX_M0.lib(tss_keydetectornormal.o)
    0x0000219c   0x00000090   Code   RO         1771    i.TSS_KeyBasicNegativeBaselineDrop  TSS_KXX_M0.lib(tss_keydetectornormal.o)
    0x0000222c   0x00000240   Code   RO         1772    i.TSS_KeyBasicSensAutoCalibration  TSS_KXX_M0.lib(tss_keydetectornormal.o)
    0x0000246c   0x0000004c   Code   RO         1773    i.TSS_KeyBasicStuckKeyControl  TSS_KXX_M0.lib(tss_keydetectornormal.o)
    0x000024b8   0x00000020   Code   RO         1717    i.TSS_KeyDetectorCalculateDelta  TSS_KXX_M0.lib(tss_keydetector.o)
    0x000024d8   0x0000001c   Code   RO         1694    i.TSS_KeyDetectorCalculateIIRFilter  TSS_KXX_M0.lib(tss_filters.o)
    0x000024f4   0x00000020   Code   RO         1718    i.TSS_KeyDetectorCalibrate  TSS_KXX_M0.lib(tss_keydetector.o)
    0x00002514   0x0000003c   Code   RO         1719    i.TSS_KeyDetectorDCTrackerEvalExecution  TSS_KXX_M0.lib(tss_keydetector.o)
    0x00002550   0x00000030   Code   RO         1720    i.TSS_KeyDetectorElectrodeStatusUpdate  TSS_KXX_M0.lib(tss_keydetector.o)
    0x00002580   0x00000026   Code   RO         1721    i.TSS_KeyDetectorFaultDecoder  TSS_KXX_M0.lib(tss_keydetector.o)
    0x000025a6   0x00000002   PAD
    0x000025a8   0x00000010   Code   RO         1722    i.TSS_KeyDetectorFillDeltaLogBuffer  TSS_KXX_M0.lib(tss_keydetector.o)
    0x000025b8   0x00000014   Code   RO         1723    i.TSS_KeyDetectorFillSignalLogBuffer  TSS_KXX_M0.lib(tss_keydetector.o)
    0x000025cc   0x0000000c   Code   RO         1724    i.TSS_KeyDetectorGetDCTrackerCounter  TSS_KXX_M0.lib(tss_keydetector.o)
    0x000025d8   0x00000040   Code   RO         1725    i.TSS_KeyDetectorGetElectrodeEnablerStatus  TSS_KXX_M0.lib(tss_keydetector.o)
    0x00002618   0x00000040   Code   RO         1726    i.TSS_KeyDetectorGetElectrodeGroupStatus  TSS_KXX_M0.lib(tss_keydetector.o)
    0x00002658   0x00000040   Code   RO         1727    i.TSS_KeyDetectorGetShieldElectrodeReleaseStatus  TSS_KXX_M0.lib(tss_keydetector.o)
    0x00002698   0x0000000c   Code   RO         1728    i.TSS_KeyDetectorGetSlowDCTrackerCounter  TSS_KXX_M0.lib(tss_keydetector.o)
    0x000026a4   0x00000040   Code   RO         1729    i.TSS_KeyDetectorInit  TSS_KXX_M0.lib(tss_keydetector.o)
    0x000026e4   0x00000014   Code   RO         1696    i.TSS_KeyDetectorInitPrevCapSample  TSS_KXX_M0.lib(tss_filters.o)
    0x000026f8   0x00000198   Code   RO         1730    i.TSS_KeyDetectorMain  TSS_KXX_M0.lib(tss_keydetector.o)
    0x00002890   0x00000088   Code   RO         1732    i.TSS_KeyDetectorRecalibrateElectrode  TSS_KXX_M0.lib(tss_keydetector.o)
    0x00002918   0x00000014   Code   RO         1733    i.TSS_KeyDetectorRecalibrateModules  TSS_KXX_M0.lib(tss_keydetector.o)
    0x0000292c   0x00000010   Code   RO         1734    i.TSS_KeyDetectorRecalibrationRequest  TSS_KXX_M0.lib(tss_keydetector.o)
    0x0000293c   0x00000024   Code   RO         1735    i.TSS_KeyDetectorReleaseElectrode  TSS_KXX_M0.lib(tss_keydetector.o)
    0x00002960   0x00000014   Code   RO         1736    i.TSS_KeyDetectorResetElectrode  TSS_KXX_M0.lib(tss_keydetector.o)
    0x00002974   0x0000001c   Code   RO         1737    i.TSS_KeyDetectorResetElectrodeDebouncing  TSS_KXX_M0.lib(tss_keydetector.o)
    0x00002990   0x00000024   Code   RO         1738    i.TSS_KeyDetectorResetElectrodeMeasured  TSS_KXX_M0.lib(tss_keydetector.o)
    0x000029b4   0x0000000c   Code   RO         1739    i.TSS_KeyDetectorResetStuckKeyCounter  TSS_KXX_M0.lib(tss_keydetector.o)
    0x000029c0   0x00000044   Code   RO         1740    i.TSS_KeyDetectorRestartElectrode  TSS_KXX_M0.lib(tss_keydetector.o)
    0x00002a04   0x0000001c   Code   RO         1697    i.TSS_KeyDetectorSignalDivider  TSS_KXX_M0.lib(tss_filters.o)
    0x00002a20   0x000000a0   Code   RO         1803    i.TSS_LowPowerConfig  TSS_KXX_M0.lib(tss_main.o)
    0x00002ac0   0x00000004   Code   RO          428    i.TSS_SampleElectrodeLowE0  tss_sensor.o
    0x00002ac4   0x00000004   Code   RO          429    i.TSS_SampleElectrodeLowE1  tss_sensor.o
    0x00002ac8   0x00000014   Code   RO          430    i.TSS_SensorInit    tss_sensor.o
    0x00002adc   0x0000001c   Code   RO          431    i.TSS_SensorInitCallback  tss_sensor.o
    0x00002af8   0x000000fc   Code   RO         1653    i.TSS_SetASliderConfig  TSS_KXX_M0.lib(tss_asliderdecoder.o)
    0x00002bf4   0x000000a0   Code   RO         1805    i.TSS_SetControlElectrodesEnablers  TSS_KXX_M0.lib(tss_main.o)
    0x00002c94   0x00000014   Code   RO         1806    i.TSS_SetControlPrivateData  TSS_KXX_M0.lib(tss_main.o)
    0x00002ca8   0x00000328   Code   RO         1807    i.TSS_SetSystemConfig  TSS_KXX_M0.lib(tss_main.o)
    0x00002fd0   0x0000002c   Code   RO         1702    i.TSS_SubUInt16WithUInt16ToSInt16  TSS_KXX_M0.lib(tss_filters.o)
    0x00002ffc   0x00000114   Code   RO          526    i.TSS_TSI0Isr       tss_sensortsil.o
    0x00003110   0x000000d0   Code   RO         1812    i.TSS_Task          TSS_KXX_M0.lib(tss_main.o)
    0x000031e0   0x0000006c   Code   RO         1814    i.TSS_TriggerConfig  TSS_KXX_M0.lib(tss_main.o)
    0x0000324c   0x00000044   Code   RO         1815    i.TSS_TriggerControl  TSS_KXX_M0.lib(tss_main.o)
    0x00003290   0x00000008   Code   RO          633    i.TSS_fOnInit       main.o
    0x00003298   0x0000001a   Code   RO          634    i._Z15myFaultCallbackPN3tss9TSSSystemENS_14TSSSystemEventEh  main.o
    0x000032b2   0x00000002   PAD
    0x000032b4   0x0000003c   Code   RO          635    i._Z18myCallbackMovementPN3tss10TSSASliderENS0_12ASliderEventEh  main.o
    0x000032f0   0x00000018   Code   RO          636    i._Z20myCallbackAllReleasePN3tss10TSSASliderENS0_12ASliderEventEh  main.o
    0x00003308   0x00000020   Code   RO          637    i._Z8led_initv      main.o
    0x00003328   0x00000002   Code   RO         1089    i._ZN3tss10TSSASlider10onMovementEh  tss_cpp_aslider.o
    0x0000332a   0x00000014   Code   RO          697    i._ZN3tss10TSSASlider11regCallbackEPFvPS0_NS0_12ASliderEventEhES2_  main.o
    0x0000333e   0x0000000c   Code   RO         1170    i._ZN3tss10TSSASlider12getCallbacksEPPPFvPNS_10TSSControlEhhE  tss_cpp_aslider.o
    0x0000334a   0x00000002   Code   RO         1090    i._ZN3tss10TSSASlider12onAllReleaseEh  tss_cpp_aslider.o
    0x0000334c   0x00000002   Code   RO         1091    i._ZN3tss10TSSASlider14onInitialTouchEh  tss_cpp_aslider.o
    0x0000334e   0x00000078   Code   RO         1092    i._ZN3tss10TSSASlider15callbackControlEv  tss_cpp_aslider.o
    0x000033c6   0x0000005e   Code   RO         1094    i._ZN3tss10TSSASlider6enableENS_14TSSControlFlagE  tss_cpp_aslider.o
    0x00003424   0x00000068   Code   RO         1096    i._ZN3tss10TSSASliderC1Eh  tss_cpp_aslider.o
    0x0000348c   0x0000002e   Code   RO          783    i._ZN3tss17TSSControlFactory16createTSSControlEh  tss_cpp.o
    0x000034ba   0x00000002   PAD
    0x000034bc   0x00000068   Code   RO         1099    i._ZN3tss20aslider_get_internalEtPK13TSS_CSASlider  tss_cpp_aslider.o
    0x00003524   0x0000000a   Code   RO          945    i._ZN3tss9TSSSystem12getCallbacksEPPPFvPS0_NS_14TSSSystemEventEhE  tss_cpp.o
    0x0000352e   0x00000002   PAD
    0x00003530   0x00000044   Code   RO          790    i._ZN3tss9TSSSystem12getTSSSystemEv  tss_cpp.o
    0x00003574   0x00000026   Code   RO          794    i._ZN3tss9TSSSystem17callbackSysFaultsENS_14TSSSystemEventEh  tss_cpp.o
    0x0000359a   0x0000001c   Code   RO          795    i._ZN3tss9TSSSystem3setENS_15TSSSystemConfigEt  tss_cpp.o
    0x000035b6   0x00000002   PAD
    0x000035b8   0x00000034   Code   RO          796    i._ZN3tss9TSSSystem6enableENS_13TSSSystemFlagE  tss_cpp.o
    0x000035ec   0x00000002   Code   RO          798    i._ZN3tss9TSSSystem7onFaultENS_14TSSSystemEventEh  tss_cpp.o
    0x000035ee   0x00000002   PAD
    0x000035f0   0x00000048   Code   RO          799    i._ZN3tss9TSSSystemC1Ev  tss_cpp.o
    0x00003638   0x00000002   Code   RO          800    i._ZN3tss9TSSSystemD1Ev  tss_cpp.o
    0x0000363a   0x00000008   Code   RO         1164    i._ZNK3tss10TSSASlider16getControlStructEv  tss_cpp_aslider.o
    0x00003642   0x00000002   PAD
    0x00003644   0x0000002c   Code   RO         1100    i._ZNK3tss10TSSASlider3getENS_16TSSControlConfigE  tss_cpp_aslider.o
    0x00003670   0x00000028   Code   RO         1867    i._Znwj             cpprt_p.l(new.o)
    0x00003698   0x0000001c   Code   RO         1068    i.__ARM_common_switch8  tss_cpp_arotary.o
    0x000036b4   0x0000002c   Code   RO         1986    i.__aeabi_atexit    cpprt_p.l(aeabi_atexit.o)
    0x000036e0   0x00000042   Code   RO         2115    i.__cxa_finalize    cpprt_p.l(cxa_finalize.o)
    0x00003722   0x00000012   Code   RO         1874    i.__cxa_guard_acquire  cpprt_p.l(cxa_guard_acquire.o)
    0x00003734   0x0000000a   Code   RO         1871    i.__cxa_pure_virtual  cpprt_p.l(pure_virt.o)
    0x0000373e   0x00000022   Code   RO          804    i.callbackControlHelper  tss_cpp.o
    0x00003760   0x0000005c   Code   RO          805    i.callbackFaultHelper  tss_cpp.o
    0x000037bc   0x00000020   Code   RO          180    i.clk_out_init      sysinit_kl25.o
    0x000037dc   0x00000068   Code   RO          638    i.main              main.o
    0x00003844   0x0000031c   Code   RO          226    i.pll_init          mcg_kl25.o
    0x00003b60   0x000000a8   Code   RO          181    i.sysinit           sysinit_kl25.o
    0x00003c08   0x0000000c   Code   RO          372    i.wdog_disable      wdog_kl25.o
    0x00003c14   0x0000002a   Code   RO          683    t._ZN3tss11TSSCallbackIPFvPNS_10TSSControlEhhEhE11regCallbackES4_h  main.o
    0x00003c3e   0x0000002a   Code   RO          690    t._ZN3tss11TSSCallbackIPFvPNS_9TSSSystemENS_14TSSSystemEventEhES3_E11regCallbackES5_S3_  main.o
    0x00003c68   0x00000018   Data   RO          432    .constdata          tss_sensor.o
    0x00003c80   0x0000002c   Data   RO          528    .constdata          tss_sensortsil.o
    0x00003cac   0x000000f4   Data   RO          609    .constdata          tss_systemsetupdata.o
    0x00003da0   0x00000034   Data   RO         1163    .constdata__ZTVN3tss10TSSASliderE  tss_cpp_aslider.o
    0x00003dd4   0x00000028   Data   RO          944    .constdata__ZTVN3tss10TSSControlE  tss_cpp.o
    0x00003dfc   0x0000000c   Data   RO         1064    .constdata__ZTVN3tss11TSSCallbackIPFvPNS_10TSSControlEhhEhEE  tss_cpp_arotary.o
    0x00003e08   0x0000000c   Data   RO          952    .constdata__ZTVN3tss11TSSCallbackIPFvPNS_9TSSSystemENS_14TSSSystemEventEhES3_EE  tss_cpp.o
    0x00003e14   0x00000010   Data   RO          942    .constdata__ZTVN3tss9TSSSystemE  tss_cpp.o
    0x00003e24   0x00000020   Data   RO         2377    Region$$Table       anon$$obj.o


    Execution Region RW_IRAM1 (Base: 0x1ffff000, Size: 0x00000000, Max: 0x00001000, ABSOLUTE)

    **** No section assigned to this execution region ****


    Execution Region RW_IRAM2 (Base: 0x20000000, Size: 0x00000558, Max: 0x00003000, ABSOLUTE)

    Base Addr    Size         Type   Attr      Idx    E Section Name        Object

    0x20000000   0x00000004   Data   RW          182    .data               sysinit_kl25.o
    0x20000004   0x00000018   Data   RW          433    .data               tss_sensor.o
    0x2000001c   0x00000002   Data   RW          529    .data               tss_sensortsil.o
    0x2000001e   0x00000002   PAD
    0x20000020   0x0000004a   Data   RW          610    .data               tss_systemsetupdata.o
    0x2000006a   0x00000002   PAD
    0x2000006c   0x00000008   Data   RW          647    .data               main.o
    0x20000074   0x0000000c   Data   RW          834    .data               tss_cpp.o
    0x20000080   0x00000008   Data   RW         1741    .data               TSS_KXX_M0.lib(tss_keydetector.o)
    0x20000088   0x00000008   Data   RW         1816    .data               TSS_KXX_M0.lib(tss_main.o)
    0x20000090   0x0000002a   Zero   RW          527    .bss                tss_sensortsil.o
    0x200000ba   0x00000038   Zero   RW          608    .bss                tss_systemsetupdata.o
    0x200000f2   0x00000002   PAD
    0x200000f4   0x00000060   Zero   RW         2133    .bss                c_p.l(libspace.o)
    0x20000154   0x00000004   PAD
    0x20000158   0x00000200   Zero   RW          758    HEAP                startup_mkl25z4.o
    0x20000358   0x00000200   Zero   RW          757    STACK               startup_mkl25z4.o


==============================================================================

Image component sizes


      Code (inc. data)   RO Data    RW Data    ZI Data      Debug   Object Name

        56          8          0          0          0        482   board.o
         0          0          0          0          0     148308   io.o
       358         38          0          8          0      48860   main.o
       796         58          0          0          0       1683   mcg_kl25.o
        72         42        192          0       1024        884   startup_mkl25z4.o
       200         38          0          4          0       1306   sysinit_kl25.o
        12          0          0          0          0        441   system_mkl25z4.o
       444         38         68         12          0      17689   tss_cpp.o
        28          0         12          0          0         76   tss_cpp_arotary.o
       492         32         52          0          0      19096   tss_cpp_aslider.o
         0          0          0          0          0       5828   tss_freemaster.o
        56          8         24         24          0     147489   tss_sensor.o
         0          0          0          0          0      30785   tss_sensorgpio.o
      2854        146         44          2         42      50524   tss_sensortsil.o
        14          0        244         74         56      29385   tss_systemsetupdata.o
        12          4          0          0          0        483   wdog_kl25.o

    ----------------------------------------------------------------------
      5410        412        668        128       1124     503319   Object Totals
         0          0         32          0          0          0   (incl. Generated)
        16          0          0          4          2          0   (incl. Padding)

    ----------------------------------------------------------------------

      Code (inc. data)   RO Data    RW Data    ZI Data      Debug   Library Member Name

      1800        122          0          0          0        448   tss_asliderdecoder.o
       142         30          0          0          0        316   tss_filters.o
      1306        232          0          8          0       1500   tss_keydetector.o
      2144        240          0          0          0        604   tss_keydetectornormal.o
      2756        362          0          8          0       1268   tss_main.o
         8          0          0          0          0         68   __main.o
         0          0          0          0          0          0   __rtentry.o
        12          0          0          0          0          0   __rtentry2.o
         6          0          0          0          0          0   __rtentry4.o
        60          8          0          0          0          0   __scatter.o
        26          0          0          0          0          0   __scatter_copy.o
        28          0          0          0          0          0   __scatter_zi.o
        16          0          0          0          0         64   abort.o
       346          0          0          0          0         92   aeabi_sdiv.o
        48         34          0          0          0         68   defsig_abrt_inner.o
        12          0          0          0          0         68   defsig_abrt_outer.o
        12          0          0          0          0         68   defsig_exit.o
        52          0          0          0          0         72   defsig_general.o
        48         34          0          0          0         68   defsig_pvfn_inner.o
        12          0          0          0          0         68   defsig_pvfn_outer.o
        80         58          0          0          0         68   defsig_rtmem_inner.o
        12          0          0          0          0         68   defsig_rtmem_outer.o
        12          0          0          0          0         64   exit.o
        98          0          0          0          0         72   h1_alloc.o
        52          0          0          0          0         68   h1_extend.o
        76          0          0          0          0         72   h1_free.o
        14          0          0          0          0         76   h1_init.o
         6          0          0          0          0        136   heapauxi.o
         4          0          0          0          0        120   hguard.o
         0          0          0          0          0          0   indicate_semi.o
       136          0          0          0          0        160   init_alloc.o
         2          0          0          0          0          0   libinit.o
        10          0          0          0          0          0   libinit2.o
         2          0          0          0          0          0   libshutdown.o
         8          0          0          0          0          0   libshutdown2.o
         8          4          0          0         96         68   libspace.o
         0          0          0          0          0          0   maybetermalloc1.o
         8          4          0          0          0         68   rt_ddtor_pointer_addr_intlibspace.o
         8          4          0          0          0         68   rt_eh_globals_addr_intlibspace.o
         8          4          0          0          0         68   rt_heap_descriptor_intlibspace.o
         8          4          0          0          0         68   rt_new_handler_addr_intlibspace.o
         2          0          0          0          0          0   rtexit.o
        10          0          0          0          0          0   rtexit2.o
        12          4          0          0          0         60   sys_exit.o
        62          0          0          0          0         80   sys_stackheap_outer.o
        12          0          0          0          0         68   sys_wrch.o
         2          0          0          0          0         68   use_no_semi.o
        44          0          0          0          0         76   aeabi_atexit.o
        84         12          0          0          0         96   arm_exceptions_globs.o
        66          0          0          0          0        100   arm_exceptions_mem.o
        28          0          0          0          0         68   arm_exceptions_terminate.o
         8          0          0          0          0         68   arm_newhandler_noexceptions.o
        66          0          0          0          0         76   cxa_finalize.o
        18          0          0          0          0         60   cxa_guard_acquire.o
        40          4          0          0          0         68   new.o
        10          0          0          0          0         68   pure_virt.o

    ----------------------------------------------------------------------
      9862       1160          0         16        100       6972   Library Totals
        12          0          0          0          4          0   (incl. Padding)

    ----------------------------------------------------------------------

      Code (inc. data)   RO Data    RW Data    ZI Data      Debug   Library Name

      8148        986          0         16          0       4136   TSS_KXX_M0.lib
      1338        158          0          0         96       2156   c_p.l
       364         16          0          0          0        680   cpprt_p.l

    ----------------------------------------------------------------------
      9862       1160          0         16        100       6972   Library Totals

    ----------------------------------------------------------------------

==============================================================================


      Code (inc. data)   RO Data    RW Data    ZI Data      Debug   

     15272       1572        668        144       1224     504087   Grand Totals
     15272       1572        668        144       1224     504087   ELF Image Totals
     15272       1572        668        144          0          0   ROM Totals

==============================================================================

    Total RO  Size (Code + RO Data)                15940 (  15.57kB)
    Total RW  Size (RW Data + ZI Data)              1368 (   1.34kB)
    Total ROM Size (Code + RO Data + RW Data)      16084 (  15.71kB)

==============================================================================

