<html>
<body>
<pre>
<h1>µVision Build Log</h1>
<h2>Tool Versions:</h2>
IDE-Version: µVision V5.13.0.0
Copyright (C) 2014 ARM Ltd and ARM Germany GmbH. All rights reserved.
License Information: Brian Hoblitzell, Windows User, LIC=----
 
Tool Versions:
Toolchain:       MDK-Lite  Version: 5.13.0.0
Toolchain Path:  C:\Keil_v5\ARM\ARMCC\Bin
C Compiler:      Armcc.exe V5.05 update 1 (build 106)
Assembler:       Armasm.exe V5.05 update 1 (build 106)
Linker/Locator:  ArmLink.exe V5.05 update 1 (build 106)
Library Manager: ArmAr.exe V5.05 update 1 (build 106)
Hex Converter:   FromElf.exe V5.05 update 1 (build 106)
CPU DLL:         SARMCM3.DLL V5.13.0.0
Dialog DLL:      DARMCM1.DLL V1.12.0.0
Target DLL:      CMSIS_AGDI.dll V1.20.8.0
Dialog DLL:      TARMCM1.DLL V1.9.0.0
 
<h2>Project:</h2>
C:\Freescale\Freescale_TSS_3_1\examples\FRDMKLXX_DEMO_CPP\build\uv4\FRDMKL25Z_DEMO\FRDMKL25Z_DEMO.uvproj
Project File Date:  01/14/2015

<h2>Output:</h2>
Rebuild target 'FRDMKL25Z_DEMO'
compiling io.c...
compiling assert.c...
compiling arm_cm0.c...
compiling uart.c...
compiling sysinit_kl25.c...
compiling mcg_kl25.c...
compiling wdog_kl25.c...
compiling TSS_Freemaster.c...
compiling TSS_Sensor.c...
compiling TSS_SensorGPIO.c...
compiling TSS_SensorTSI.c...
compiling TSS_SensorTSIL.c...
compiling TSS_SystemSetupData.c...
compiling main.cpp...
assembling startup_MKL25Z4.s...
compiling system_MKL25Z4.c...
compiling TSS_cpp.cpp...
compiling TSS_cpp_arotary.cpp...
compiling TSS_cpp_aslider.cpp...
compiling TSS_cpp_keypad.cpp...
compiling TSS_cpp_matrix.cpp...
compiling TSS_cpp_rotary.cpp...
compiling TSS_cpp_slider.cpp...
compiling board.c...
linking...
Program Size: Code=15272 RO-data=668 RW-data=144 ZI-data=1224  
".\FRDMKL25Z48M_DEMO\TWRKL25Z48M_DEMO.axf" - 0 Error(s), 0 Warning(s).
</pre>
</body>
</html>
